<?xml version="1.0" encoding="UTF-8"?>
<testsuites>
  <testsuite name="CLI Arguments" tests="664" assertions="877" errors="308" failures="22" skipped="6" time="10.555134">
    <testsuite name="Tourze\WechatPayProfitShareBundle\Tests\Command\ProfitShareBillDownloadCommandTest" file="/home/admin/work/source/php-monorepo/packages/wechat-pay-profit-share-bundle/tests/Command/ProfitShareBillDownloadCommandTest.php" tests="11" assertions="45" errors="0" failures="0" skipped="2" time="1.144094">
      <testcase name="testShouldHaveRunTestsInSeparateProcesses" file="/home/admin/work/source/php-monorepo/packages/phpunit-symfony-kernel-test/src/AbstractIntegrationTestCase.php" line="726" class="Tourze\WechatPayProfitShareBundle\Tests\Command\ProfitShareBillDownloadCommandTest" classname="Tourze.WechatPayProfitShareBundle.Tests.Command.ProfitShareBillDownloadCommandTest" assertions="1" time="0.093098"/>
      <testcase name="testCommandSignatureIsFullyTested" file="/home/admin/work/source/php-monorepo/packages/phpunit-symfony-kernel-test/src/AbstractCommandTestCase.php" line="28" class="Tourze\WechatPayProfitShareBundle\Tests\Command\ProfitShareBillDownloadCommandTest" classname="Tourze.WechatPayProfitShareBundle.Tests.Command.ProfitShareBillDownloadCommandTest" assertions="5" time="0.098280"/>
      <testcase name="testExecuteWithNoTasks" file="/home/admin/work/source/php-monorepo/packages/wechat-pay-profit-share-bundle/tests/Command/ProfitShareBillDownloadCommandTest.php" line="31" class="Tourze\WechatPayProfitShareBundle\Tests\Command\ProfitShareBillDownloadCommandTest" classname="Tourze.WechatPayProfitShareBundle.Tests.Command.ProfitShareBillDownloadCommandTest" assertions="4" time="0.101484"/>
      <testcase name="testExecuteWithExpiredTask" file="/home/admin/work/source/php-monorepo/packages/wechat-pay-profit-share-bundle/tests/Command/ProfitShareBillDownloadCommandTest.php" line="99" class="Tourze\WechatPayProfitShareBundle\Tests\Command\ProfitShareBillDownloadCommandTest" classname="Tourze.WechatPayProfitShareBundle.Tests.Command.ProfitShareBillDownloadCommandTest" assertions="5" time="0.111380"/>
      <testcase name="testExecuteWithSuccessfulDownload" file="/home/admin/work/source/php-monorepo/packages/wechat-pay-profit-share-bundle/tests/Command/ProfitShareBillDownloadCommandTest.php" line="118" class="Tourze\WechatPayProfitShareBundle\Tests\Command\ProfitShareBillDownloadCommandTest" classname="Tourze.WechatPayProfitShareBundle.Tests.Command.ProfitShareBillDownloadCommandTest" assertions="8" time="0.112982"/>
      <testcase name="testExecuteWithMissingMerchant" file="/home/admin/work/source/php-monorepo/packages/wechat-pay-profit-share-bundle/tests/Command/ProfitShareBillDownloadCommandTest.php" line="139" class="Tourze\WechatPayProfitShareBundle\Tests\Command\ProfitShareBillDownloadCommandTest" classname="Tourze.WechatPayProfitShareBundle.Tests.Command.ProfitShareBillDownloadCommandTest" assertions="0" time="0.093292">
        <skipped/>
      </testcase>
      <testcase name="testExecuteWithServiceException" file="/home/admin/work/source/php-monorepo/packages/wechat-pay-profit-share-bundle/tests/Command/ProfitShareBillDownloadCommandTest.php" line="144" class="Tourze\WechatPayProfitShareBundle\Tests\Command\ProfitShareBillDownloadCommandTest" classname="Tourze.WechatPayProfitShareBundle.Tests.Command.ProfitShareBillDownloadCommandTest" assertions="0" time="0.090557">
        <skipped/>
      </testcase>
      <testcase name="testOptionDryRun" file="/home/admin/work/source/php-monorepo/packages/wechat-pay-profit-share-bundle/tests/Command/ProfitShareBillDownloadCommandTest.php" line="150" class="Tourze\WechatPayProfitShareBundle\Tests\Command\ProfitShareBillDownloadCommandTest" classname="Tourze.WechatPayProfitShareBundle.Tests.Command.ProfitShareBillDownloadCommandTest" assertions="5" time="0.111446"/>
      <testcase name="testOptionExpireDays" file="/home/admin/work/source/php-monorepo/packages/wechat-pay-profit-share-bundle/tests/Command/ProfitShareBillDownloadCommandTest.php" line="170" class="Tourze\WechatPayProfitShareBundle\Tests\Command\ProfitShareBillDownloadCommandTest" classname="Tourze.WechatPayProfitShareBundle.Tests.Command.ProfitShareBillDownloadCommandTest" assertions="5" time="0.112714"/>
      <testcase name="testOptionDownloadPath" file="/home/admin/work/source/php-monorepo/packages/wechat-pay-profit-share-bundle/tests/Command/ProfitShareBillDownloadCommandTest.php" line="189" class="Tourze\WechatPayProfitShareBundle\Tests\Command\ProfitShareBillDownloadCommandTest" classname="Tourze.WechatPayProfitShareBundle.Tests.Command.ProfitShareBillDownloadCommandTest" assertions="8" time="0.114991"/>
      <testcase name="testOptionMerchantId" file="/home/admin/work/source/php-monorepo/packages/wechat-pay-profit-share-bundle/tests/Command/ProfitShareBillDownloadCommandTest.php" line="210" class="Tourze\WechatPayProfitShareBundle\Tests\Command\ProfitShareBillDownloadCommandTest" classname="Tourze.WechatPayProfitShareBundle.Tests.Command.ProfitShareBillDownloadCommandTest" assertions="4" time="0.103870"/>
    </testsuite>
    <testsuite name="Tourze\WechatPayProfitShareBundle\Tests\Command\ProfitShareRetryCommandTest" file="/home/admin/work/source/php-monorepo/packages/wechat-pay-profit-share-bundle/tests/Command/ProfitShareRetryCommandTest.php" tests="14" assertions="21" errors="6" failures="4" skipped="0" time="1.515463">
      <testcase name="testShouldHaveRunTestsInSeparateProcesses" file="/home/admin/work/source/php-monorepo/packages/phpunit-symfony-kernel-test/src/AbstractIntegrationTestCase.php" line="726" class="Tourze\WechatPayProfitShareBundle\Tests\Command\ProfitShareRetryCommandTest" classname="Tourze.WechatPayProfitShareBundle.Tests.Command.ProfitShareRetryCommandTest" assertions="1" time="0.092078"/>
      <testcase name="testCommandSignatureIsFullyTested" file="/home/admin/work/source/php-monorepo/packages/phpunit-symfony-kernel-test/src/AbstractCommandTestCase.php" line="28" class="Tourze\WechatPayProfitShareBundle\Tests\Command\ProfitShareRetryCommandTest" classname="Tourze.WechatPayProfitShareBundle.Tests.Command.ProfitShareRetryCommandTest" assertions="5" time="0.090763"/>
      <testcase name="testExecuteWithNoReceivers" file="/home/admin/work/source/php-monorepo/packages/wechat-pay-profit-share-bundle/tests/Command/ProfitShareRetryCommandTest.php" line="35" class="Tourze\WechatPayProfitShareBundle\Tests\Command\ProfitShareRetryCommandTest" classname="Tourze.WechatPayProfitShareBundle.Tests.Command.ProfitShareRetryCommandTest" assertions="3" time="0.107299"/>
      <testcase name="testExecuteWithDryRun" file="/home/admin/work/source/php-monorepo/packages/wechat-pay-profit-share-bundle/tests/Command/ProfitShareRetryCommandTest.php" line="66" class="Tourze\WechatPayProfitShareBundle\Tests\Command\ProfitShareRetryCommandTest" classname="Tourze.WechatPayProfitShareBundle.Tests.Command.ProfitShareRetryCommandTest" assertions="0" time="0.105612">
        <error type="PHPUnit\Framework\MockObject\MethodCannotBeConfiguredException">Tourze\WechatPayProfitShareBundle\Tests\Command\ProfitShareRetryCommandTest::testExecuteWithDryRun
PHPUnit\Framework\MockObject\MethodCannotBeConfiguredException: Trying to configure method "queryProfitShareOrder" which cannot be configured because it does not exist, has not been specified, is final, or is static

/home/admin/work/source/php-monorepo/packages/wechat-pay-profit-share-bundle/tests/Command/ProfitShareRetryCommandTest.php:85</error>
      </testcase>
      <testcase name="testExecuteWithMaxRetryReached" file="/home/admin/work/source/php-monorepo/packages/wechat-pay-profit-share-bundle/tests/Command/ProfitShareRetryCommandTest.php" line="124" class="Tourze\WechatPayProfitShareBundle\Tests\Command\ProfitShareRetryCommandTest" classname="Tourze.WechatPayProfitShareBundle.Tests.Command.ProfitShareRetryCommandTest" assertions="2" time="0.119026">
        <failure type="PHPUnit\Framework\ExpectationFailedException">Tourze\WechatPayProfitShareBundle\Tests\Command\ProfitShareRetryCommandTest::testExecuteWithMaxRetryReached
Failed asserting that '\n
微信支付分账重试处理\n
====================\n
\n
开始重试失败的接收方\n
--------------------\n
\n
 0/1 [░░░░░░░░░░░░░░░░░░░░░░░░░░░░]   0% [ERROR] 重试失败：The class 'MockObject_ProfitShareReceiver_2ed5666b' was not found\n
         in the chain configured namespaces Tourze\AccessTokenBundle\Entity,    \n
         Tourze\BizRoleBundle\Entity, Tourze\DoctrineTrackBundle\Entity,        \n
         Tourze\FileStorageBundle\Entity, BizUserBundle\Entity,                 \n
         HttpClientBundle\Entity, WechatWorkBundle\Entity,                      \n
         WechatWorkInterceptRuleBundle\Entity, WechatWorkMediaBundle\Entity,    \n
         YouzanApiBundle\Entity, WechatPayBundle\Entity,                        \n
         Tourze\WechatPayProfitShareBundle\Entity                               \n
\n
' [UTF-8](length: 861) contains "最终失败数" [UTF-8](length: 15).

/home/admin/work/source/php-monorepo/packages/wechat-pay-profit-share-bundle/tests/Command/ProfitShareRetryCommandTest.php:146</failure>
      </testcase>
      <testcase name="testExecuteWithSuccessfulRetry" file="/home/admin/work/source/php-monorepo/packages/wechat-pay-profit-share-bundle/tests/Command/ProfitShareRetryCommandTest.php" line="150" class="Tourze\WechatPayProfitShareBundle\Tests\Command\ProfitShareRetryCommandTest" classname="Tourze.WechatPayProfitShareBundle.Tests.Command.ProfitShareRetryCommandTest" assertions="0" time="0.106581">
        <error type="PHPUnit\Framework\MockObject\MethodCannotBeConfiguredException">Tourze\WechatPayProfitShareBundle\Tests\Command\ProfitShareRetryCommandTest::testExecuteWithSuccessfulRetry
PHPUnit\Framework\MockObject\MethodCannotBeConfiguredException: Trying to configure method "queryProfitShareOrder" which cannot be configured because it does not exist, has not been specified, is final, or is static

/home/admin/work/source/php-monorepo/packages/wechat-pay-profit-share-bundle/tests/Command/ProfitShareRetryCommandTest.php:173</error>
      </testcase>
      <testcase name="testExecuteWithFailedRetry" file="/home/admin/work/source/php-monorepo/packages/wechat-pay-profit-share-bundle/tests/Command/ProfitShareRetryCommandTest.php" line="198" class="Tourze\WechatPayProfitShareBundle\Tests\Command\ProfitShareRetryCommandTest" classname="Tourze.WechatPayProfitShareBundle.Tests.Command.ProfitShareRetryCommandTest" assertions="0" time="0.104714">
        <error type="PHPUnit\Framework\MockObject\MethodCannotBeConfiguredException">Tourze\WechatPayProfitShareBundle\Tests\Command\ProfitShareRetryCommandTest::testExecuteWithFailedRetry
PHPUnit\Framework\MockObject\MethodCannotBeConfiguredException: Trying to configure method "queryProfitShareOrder" which cannot be configured because it does not exist, has not been specified, is final, or is static

/home/admin/work/source/php-monorepo/packages/wechat-pay-profit-share-bundle/tests/Command/ProfitShareRetryCommandTest.php:221</error>
      </testcase>
      <testcase name="testExecuteWithMissingOrder" file="/home/admin/work/source/php-monorepo/packages/wechat-pay-profit-share-bundle/tests/Command/ProfitShareRetryCommandTest.php" line="250" class="Tourze\WechatPayProfitShareBundle\Tests\Command\ProfitShareRetryCommandTest" classname="Tourze.WechatPayProfitShareBundle.Tests.Command.ProfitShareRetryCommandTest" assertions="3" time="0.120620">
        <failure type="PHPUnit\Framework\ExpectationFailedException">Tourze\WechatPayProfitShareBundle\Tests\Command\ProfitShareRetryCommandTest::testExecuteWithMissingOrder
Expectation failed for method name is "error" when invoked 1 time.
Method was expected to be called 1 time, actually called 0 times.</failure>
      </testcase>
      <testcase name="testExecuteWithMissingMerchant" file="/home/admin/work/source/php-monorepo/packages/wechat-pay-profit-share-bundle/tests/Command/ProfitShareRetryCommandTest.php" line="272" class="Tourze\WechatPayProfitShareBundle\Tests\Command\ProfitShareRetryCommandTest" classname="Tourze.WechatPayProfitShareBundle.Tests.Command.ProfitShareRetryCommandTest" assertions="3" time="0.122009">
        <failure type="PHPUnit\Framework\ExpectationFailedException">Tourze\WechatPayProfitShareBundle\Tests\Command\ProfitShareRetryCommandTest::testExecuteWithMissingMerchant
Expectation failed for method name is "error" when invoked 1 time.
Method was expected to be called 1 time, actually called 0 times.</failure>
      </testcase>
      <testcase name="testExecuteWithServiceException" file="/home/admin/work/source/php-monorepo/packages/wechat-pay-profit-share-bundle/tests/Command/ProfitShareRetryCommandTest.php" line="296" class="Tourze\WechatPayProfitShareBundle\Tests\Command\ProfitShareRetryCommandTest" classname="Tourze.WechatPayProfitShareBundle.Tests.Command.ProfitShareRetryCommandTest" assertions="0" time="0.107055">
        <error type="PHPUnit\Framework\MockObject\MethodCannotBeConfiguredException">Tourze\WechatPayProfitShareBundle\Tests\Command\ProfitShareRetryCommandTest::testExecuteWithServiceException
PHPUnit\Framework\MockObject\MethodCannotBeConfiguredException: Trying to configure method "queryProfitShareOrder" which cannot be configured because it does not exist, has not been specified, is final, or is static

/home/admin/work/source/php-monorepo/packages/wechat-pay-profit-share-bundle/tests/Command/ProfitShareRetryCommandTest.php:317</error>
      </testcase>
      <testcase name="testOptionDryRun" file="/home/admin/work/source/php-monorepo/packages/wechat-pay-profit-share-bundle/tests/Command/ProfitShareRetryCommandTest.php" line="339" class="Tourze\WechatPayProfitShareBundle\Tests\Command\ProfitShareRetryCommandTest" classname="Tourze.WechatPayProfitShareBundle.Tests.Command.ProfitShareRetryCommandTest" assertions="0" time="0.104903">
        <error type="PHPUnit\Framework\MockObject\MethodCannotBeConfiguredException">Tourze\WechatPayProfitShareBundle\Tests\Command\ProfitShareRetryCommandTest::testOptionDryRun
PHPUnit\Framework\MockObject\MethodCannotBeConfiguredException: Trying to configure method "queryProfitShareOrder" which cannot be configured because it does not exist, has not been specified, is final, or is static

/home/admin/work/source/php-monorepo/packages/wechat-pay-profit-share-bundle/tests/Command/ProfitShareRetryCommandTest.php:359</error>
      </testcase>
      <testcase name="testOptionMaxRetry" file="/home/admin/work/source/php-monorepo/packages/wechat-pay-profit-share-bundle/tests/Command/ProfitShareRetryCommandTest.php" line="369" class="Tourze\WechatPayProfitShareBundle\Tests\Command\ProfitShareRetryCommandTest" classname="Tourze.WechatPayProfitShareBundle.Tests.Command.ProfitShareRetryCommandTest" assertions="2" time="0.120315">
        <failure type="PHPUnit\Framework\ExpectationFailedException">Tourze\WechatPayProfitShareBundle\Tests\Command\ProfitShareRetryCommandTest::testOptionMaxRetry
Failed asserting that '\n
微信支付分账重试处理\n
====================\n
\n
开始重试失败的接收方\n
--------------------\n
\n
 0/1 [░░░░░░░░░░░░░░░░░░░░░░░░░░░░]   0% [ERROR] 重试失败：The class 'MockObject_ProfitShareReceiver_4938d622' was not found\n
         in the chain configured namespaces Tourze\AccessTokenBundle\Entity,    \n
         Tourze\BizRoleBundle\Entity, Tourze\DoctrineTrackBundle\Entity,        \n
         Tourze\FileStorageBundle\Entity, BizUserBundle\Entity,                 \n
         HttpClientBundle\Entity, WechatWorkBundle\Entity,                      \n
         WechatWorkInterceptRuleBundle\Entity, WechatWorkMediaBundle\Entity,    \n
         YouzanApiBundle\Entity, WechatPayBundle\Entity,                        \n
         Tourze\WechatPayProfitShareBundle\Entity                               \n
\n
' [UTF-8](length: 861) contains "最终失败数" [UTF-8](length: 15).

/home/admin/work/source/php-monorepo/packages/wechat-pay-profit-share-bundle/tests/Command/ProfitShareRetryCommandTest.php:392</failure>
      </testcase>
      <testcase name="testOptionMerchantId" file="/home/admin/work/source/php-monorepo/packages/wechat-pay-profit-share-bundle/tests/Command/ProfitShareRetryCommandTest.php" line="396" class="Tourze\WechatPayProfitShareBundle\Tests\Command\ProfitShareRetryCommandTest" classname="Tourze.WechatPayProfitShareBundle.Tests.Command.ProfitShareRetryCommandTest" assertions="2" time="0.108028"/>
      <testcase name="testOptionRetryInterval" file="/home/admin/work/source/php-monorepo/packages/wechat-pay-profit-share-bundle/tests/Command/ProfitShareRetryCommandTest.php" line="407" class="Tourze\WechatPayProfitShareBundle\Tests\Command\ProfitShareRetryCommandTest" classname="Tourze.WechatPayProfitShareBundle.Tests.Command.ProfitShareRetryCommandTest" assertions="0" time="0.106460">
        <error type="PHPUnit\Framework\MockObject\MethodCannotBeConfiguredException">Tourze\WechatPayProfitShareBundle\Tests\Command\ProfitShareRetryCommandTest::testOptionRetryInterval
PHPUnit\Framework\MockObject\MethodCannotBeConfiguredException: Trying to configure method "queryProfitShareOrder" which cannot be configured because it does not exist, has not been specified, is final, or is static

/home/admin/work/source/php-monorepo/packages/wechat-pay-profit-share-bundle/tests/Command/ProfitShareRetryCommandTest.php:427</error>
      </testcase>
    </testsuite>
    <testsuite name="Tourze\WechatPayProfitShareBundle\Tests\Command\ProfitShareSyncCommandTest" file="/home/admin/work/source/php-monorepo/packages/wechat-pay-profit-share-bundle/tests/Command/ProfitShareSyncCommandTest.php" tests="10" assertions="10" errors="3" failures="0" skipped="4" time="0.943087">
      <testcase name="testShouldHaveRunTestsInSeparateProcesses" file="/home/admin/work/source/php-monorepo/packages/phpunit-symfony-kernel-test/src/AbstractIntegrationTestCase.php" line="726" class="Tourze\WechatPayProfitShareBundle\Tests\Command\ProfitShareSyncCommandTest" classname="Tourze.WechatPayProfitShareBundle.Tests.Command.ProfitShareSyncCommandTest" assertions="1" time="0.091670"/>
      <testcase name="testCommandSignatureIsFullyTested" file="/home/admin/work/source/php-monorepo/packages/phpunit-symfony-kernel-test/src/AbstractCommandTestCase.php" line="28" class="Tourze\WechatPayProfitShareBundle\Tests\Command\ProfitShareSyncCommandTest" classname="Tourze.WechatPayProfitShareBundle.Tests.Command.ProfitShareSyncCommandTest" assertions="5" time="0.096149"/>
      <testcase name="testExecuteWithNoOrders" file="/home/admin/work/source/php-monorepo/packages/wechat-pay-profit-share-bundle/tests/Command/ProfitShareSyncCommandTest.php" line="31" class="Tourze\WechatPayProfitShareBundle\Tests\Command\ProfitShareSyncCommandTest" classname="Tourze.WechatPayProfitShareBundle.Tests.Command.ProfitShareSyncCommandTest" assertions="4" time="0.101891"/>
      <testcase name="testExecuteWithDryRun" file="/home/admin/work/source/php-monorepo/packages/wechat-pay-profit-share-bundle/tests/Command/ProfitShareSyncCommandTest.php" line="45" class="Tourze\WechatPayProfitShareBundle\Tests\Command\ProfitShareSyncCommandTest" classname="Tourze.WechatPayProfitShareBundle.Tests.Command.ProfitShareSyncCommandTest" assertions="0" time="0.099042">
        <error type="PHPUnit\Framework\MockObject\MethodCannotBeConfiguredException">Tourze\WechatPayProfitShareBundle\Tests\Command\ProfitShareSyncCommandTest::testExecuteWithDryRun
PHPUnit\Framework\MockObject\MethodCannotBeConfiguredException: Trying to configure method "queryProfitShareOrder" which cannot be configured because it does not exist, has not been specified, is final, or is static

/home/admin/work/source/php-monorepo/packages/wechat-pay-profit-share-bundle/tests/Command/ProfitShareSyncCommandTest.php:56</error>
      </testcase>
      <testcase name="testExecuteWithTimeoutOrder" file="/home/admin/work/source/php-monorepo/packages/wechat-pay-profit-share-bundle/tests/Command/ProfitShareSyncCommandTest.php" line="79" class="Tourze\WechatPayProfitShareBundle\Tests\Command\ProfitShareSyncCommandTest" classname="Tourze.WechatPayProfitShareBundle.Tests.Command.ProfitShareSyncCommandTest" assertions="0" time="0.088480">
        <skipped/>
      </testcase>
      <testcase name="testExecuteWithSuccessfulSync" file="/home/admin/work/source/php-monorepo/packages/wechat-pay-profit-share-bundle/tests/Command/ProfitShareSyncCommandTest.php" line="84" class="Tourze\WechatPayProfitShareBundle\Tests\Command\ProfitShareSyncCommandTest" classname="Tourze.WechatPayProfitShareBundle.Tests.Command.ProfitShareSyncCommandTest" assertions="0" time="0.090269">
        <skipped/>
      </testcase>
      <testcase name="testExecuteWithMissingMerchant" file="/home/admin/work/source/php-monorepo/packages/wechat-pay-profit-share-bundle/tests/Command/ProfitShareSyncCommandTest.php" line="89" class="Tourze\WechatPayProfitShareBundle\Tests\Command\ProfitShareSyncCommandTest" classname="Tourze.WechatPayProfitShareBundle.Tests.Command.ProfitShareSyncCommandTest" assertions="0" time="0.088673">
        <skipped/>
      </testcase>
      <testcase name="testExecuteWithServiceException" file="/home/admin/work/source/php-monorepo/packages/wechat-pay-profit-share-bundle/tests/Command/ProfitShareSyncCommandTest.php" line="94" class="Tourze\WechatPayProfitShareBundle\Tests\Command\ProfitShareSyncCommandTest" classname="Tourze.WechatPayProfitShareBundle.Tests.Command.ProfitShareSyncCommandTest" assertions="0" time="0.087076">
        <skipped/>
      </testcase>
      <testcase name="testOptionDryRun" file="/home/admin/work/source/php-monorepo/packages/wechat-pay-profit-share-bundle/tests/Command/ProfitShareSyncCommandTest.php" line="99" class="Tourze\WechatPayProfitShareBundle\Tests\Command\ProfitShareSyncCommandTest" classname="Tourze.WechatPayProfitShareBundle.Tests.Command.ProfitShareSyncCommandTest" assertions="0" time="0.101184">
        <error type="PHPUnit\Framework\MockObject\MethodCannotBeConfiguredException">Tourze\WechatPayProfitShareBundle\Tests\Command\ProfitShareSyncCommandTest::testOptionDryRun
PHPUnit\Framework\MockObject\MethodCannotBeConfiguredException: Trying to configure method "queryProfitShareOrder" which cannot be configured because it does not exist, has not been specified, is final, or is static

/home/admin/work/source/php-monorepo/packages/wechat-pay-profit-share-bundle/tests/Command/ProfitShareSyncCommandTest.php:110</error>
      </testcase>
      <testcase name="testOptionTimeoutHours" file="/home/admin/work/source/php-monorepo/packages/wechat-pay-profit-share-bundle/tests/Command/ProfitShareSyncCommandTest.php" line="119" class="Tourze\WechatPayProfitShareBundle\Tests\Command\ProfitShareSyncCommandTest" classname="Tourze.WechatPayProfitShareBundle.Tests.Command.ProfitShareSyncCommandTest" assertions="0" time="0.098654">
        <error type="PHPUnit\Framework\MockObject\MethodCannotBeConfiguredException">Tourze\WechatPayProfitShareBundle\Tests\Command\ProfitShareSyncCommandTest::testOptionTimeoutHours
PHPUnit\Framework\MockObject\MethodCannotBeConfiguredException: Trying to configure method "queryProfitShareOrder" which cannot be configured because it does not exist, has not been specified, is final, or is static

/home/admin/work/source/php-monorepo/packages/wechat-pay-profit-share-bundle/tests/Command/ProfitShareSyncCommandTest.php:129</error>
      </testcase>
    </testsuite>
    <testsuite name="Tourze\WechatPayProfitShareBundle\Tests\Command\ProfitShareUnfreezeCommandTest" file="/home/admin/work/source/php-monorepo/packages/wechat-pay-profit-share-bundle/tests/Command/ProfitShareUnfreezeCommandTest.php" tests="15" assertions="15" errors="9" failures="3" skipped="0" time="1.584747">
      <testcase name="testShouldHaveRunTestsInSeparateProcesses" file="/home/admin/work/source/php-monorepo/packages/phpunit-symfony-kernel-test/src/AbstractIntegrationTestCase.php" line="726" class="Tourze\WechatPayProfitShareBundle\Tests\Command\ProfitShareUnfreezeCommandTest" classname="Tourze.WechatPayProfitShareBundle.Tests.Command.ProfitShareUnfreezeCommandTest" assertions="1" time="0.092284"/>
      <testcase name="testCommandSignatureIsFullyTested" file="/home/admin/work/source/php-monorepo/packages/phpunit-symfony-kernel-test/src/AbstractCommandTestCase.php" line="28" class="Tourze\WechatPayProfitShareBundle\Tests\Command\ProfitShareUnfreezeCommandTest" classname="Tourze.WechatPayProfitShareBundle.Tests.Command.ProfitShareUnfreezeCommandTest" assertions="4" time="0.090010">
        <failure type="PHPUnit\Framework\AssertionFailedError">Tourze\WechatPayProfitShareBundle\Tests\Command\ProfitShareUnfreezeCommandTest::testCommandSignatureIsFullyTested
Missing test for option '--merchant-id'.
Please implement a public method named 'testOptionMerchantId' in test class 'Tourze\WechatPayProfitShareBundle\Tests\Command\ProfitShareUnfreezeCommandTest' to cover this case.

/home/admin/work/source/php-monorepo/packages/phpunit-symfony-kernel-test/src/AbstractCommandTestCase.php:73
/home/admin/work/source/php-monorepo/packages/phpunit-symfony-kernel-test/src/AbstractCommandTestCase.php:46</failure>
      </testcase>
      <testcase name="testExecuteWithNoOrders" file="/home/admin/work/source/php-monorepo/packages/wechat-pay-profit-share-bundle/tests/Command/ProfitShareUnfreezeCommandTest.php" line="30" class="Tourze\WechatPayProfitShareBundle\Tests\Command\ProfitShareUnfreezeCommandTest" classname="Tourze.WechatPayProfitShareBundle.Tests.Command.ProfitShareUnfreezeCommandTest" assertions="2" time="0.113594"/>
      <testcase name="testExecuteWithDryRun" file="/home/admin/work/source/php-monorepo/packages/wechat-pay-profit-share-bundle/tests/Command/ProfitShareUnfreezeCommandTest.php" line="41" class="Tourze\WechatPayProfitShareBundle\Tests\Command\ProfitShareUnfreezeCommandTest" classname="Tourze.WechatPayProfitShareBundle.Tests.Command.ProfitShareUnfreezeCommandTest" assertions="0" time="0.103519">
        <error type="PHPUnit\Framework\MockObject\MethodCannotBeConfiguredException">Tourze\WechatPayProfitShareBundle\Tests\Command\ProfitShareUnfreezeCommandTest::testExecuteWithDryRun
PHPUnit\Framework\MockObject\MethodCannotBeConfiguredException: Trying to configure method "unfreezeRemainingAmount" which cannot be configured because it does not exist, has not been specified, is final, or is static

/home/admin/work/source/php-monorepo/packages/wechat-pay-profit-share-bundle/tests/Command/ProfitShareUnfreezeCommandTest.php:51</error>
      </testcase>
      <testcase name="testExecuteWithAlreadyUnfrozenOrder" file="/home/admin/work/source/php-monorepo/packages/wechat-pay-profit-share-bundle/tests/Command/ProfitShareUnfreezeCommandTest.php" line="140" class="Tourze\WechatPayProfitShareBundle\Tests\Command\ProfitShareUnfreezeCommandTest" classname="Tourze.WechatPayProfitShareBundle.Tests.Command.ProfitShareUnfreezeCommandTest" assertions="3" time="0.120100">
        <failure type="PHPUnit\Framework\ExpectationFailedException">Tourze\WechatPayProfitShareBundle\Tests\Command\ProfitShareUnfreezeCommandTest::testExecuteWithAlreadyUnfrozenOrder
Expectation failed for method name is "info" when invoked 1 time.
Method was expected to be called 1 time, actually called 0 times.</failure>
      </testcase>
      <testcase name="testExecuteWithSuccessfulUnfreeze" file="/home/admin/work/source/php-monorepo/packages/wechat-pay-profit-share-bundle/tests/Command/ProfitShareUnfreezeCommandTest.php" line="157" class="Tourze\WechatPayProfitShareBundle\Tests\Command\ProfitShareUnfreezeCommandTest" classname="Tourze.WechatPayProfitShareBundle.Tests.Command.ProfitShareUnfreezeCommandTest" assertions="0" time="0.103216">
        <error type="PHPUnit\Framework\MockObject\MethodCannotBeConfiguredException">Tourze\WechatPayProfitShareBundle\Tests\Command\ProfitShareUnfreezeCommandTest::testExecuteWithSuccessfulUnfreeze
PHPUnit\Framework\MockObject\MethodCannotBeConfiguredException: Trying to configure method "unfreezeRemainingAmount" which cannot be configured because it does not exist, has not been specified, is final, or is static

/home/admin/work/source/php-monorepo/packages/wechat-pay-profit-share-bundle/tests/Command/ProfitShareUnfreezeCommandTest.php:165</error>
      </testcase>
      <testcase name="testExecuteWithUnfreezeStatusUnknown" file="/home/admin/work/source/php-monorepo/packages/wechat-pay-profit-share-bundle/tests/Command/ProfitShareUnfreezeCommandTest.php" line="180" class="Tourze\WechatPayProfitShareBundle\Tests\Command\ProfitShareUnfreezeCommandTest" classname="Tourze.WechatPayProfitShareBundle.Tests.Command.ProfitShareUnfreezeCommandTest" assertions="0" time="0.102594">
        <error type="PHPUnit\Framework\MockObject\MethodCannotBeConfiguredException">Tourze\WechatPayProfitShareBundle\Tests\Command\ProfitShareUnfreezeCommandTest::testExecuteWithUnfreezeStatusUnknown
PHPUnit\Framework\MockObject\MethodCannotBeConfiguredException: Trying to configure method "unfreezeRemainingAmount" which cannot be configured because it does not exist, has not been specified, is final, or is static

/home/admin/work/source/php-monorepo/packages/wechat-pay-profit-share-bundle/tests/Command/ProfitShareUnfreezeCommandTest.php:195</error>
      </testcase>
      <testcase name="testExecuteWithMissingMerchant" file="/home/admin/work/source/php-monorepo/packages/wechat-pay-profit-share-bundle/tests/Command/ProfitShareUnfreezeCommandTest.php" line="212" class="Tourze\WechatPayProfitShareBundle\Tests\Command\ProfitShareUnfreezeCommandTest" classname="Tourze.WechatPayProfitShareBundle.Tests.Command.ProfitShareUnfreezeCommandTest" assertions="3" time="0.122323">
        <failure type="PHPUnit\Framework\ExpectationFailedException">Tourze\WechatPayProfitShareBundle\Tests\Command\ProfitShareUnfreezeCommandTest::testExecuteWithMissingMerchant
Expectation failed for method name is "error" when invoked 1 time.
Method was expected to be called 1 time, actually called 0 times.</failure>
      </testcase>
      <testcase name="testExecuteWithServiceException" file="/home/admin/work/source/php-monorepo/packages/wechat-pay-profit-share-bundle/tests/Command/ProfitShareUnfreezeCommandTest.php" line="232" class="Tourze\WechatPayProfitShareBundle\Tests\Command\ProfitShareUnfreezeCommandTest" classname="Tourze.WechatPayProfitShareBundle.Tests.Command.ProfitShareUnfreezeCommandTest" assertions="0" time="0.103692">
        <error type="PHPUnit\Framework\MockObject\MethodCannotBeConfiguredException">Tourze\WechatPayProfitShareBundle\Tests\Command\ProfitShareUnfreezeCommandTest::testExecuteWithServiceException
PHPUnit\Framework\MockObject\MethodCannotBeConfiguredException: Trying to configure method "unfreezeRemainingAmount" which cannot be configured because it does not exist, has not been specified, is final, or is static

/home/admin/work/source/php-monorepo/packages/wechat-pay-profit-share-bundle/tests/Command/ProfitShareUnfreezeCommandTest.php:246</error>
      </testcase>
      <testcase name="testExecuteWithForceUnfreeze" file="/home/admin/work/source/php-monorepo/packages/wechat-pay-profit-share-bundle/tests/Command/ProfitShareUnfreezeCommandTest.php" line="260" class="Tourze\WechatPayProfitShareBundle\Tests\Command\ProfitShareUnfreezeCommandTest" classname="Tourze.WechatPayProfitShareBundle.Tests.Command.ProfitShareUnfreezeCommandTest" assertions="0" time="0.105472">
        <error type="PHPUnit\Framework\MockObject\MethodCannotBeConfiguredException">Tourze\WechatPayProfitShareBundle\Tests\Command\ProfitShareUnfreezeCommandTest::testExecuteWithForceUnfreeze
PHPUnit\Framework\MockObject\MethodCannotBeConfiguredException: Trying to configure method "unfreezeRemainingAmount" which cannot be configured because it does not exist, has not been specified, is final, or is static

/home/admin/work/source/php-monorepo/packages/wechat-pay-profit-share-bundle/tests/Command/ProfitShareUnfreezeCommandTest.php:267</error>
      </testcase>
      <testcase name="testExecuteWithSpecificMerchant" file="/home/admin/work/source/php-monorepo/packages/wechat-pay-profit-share-bundle/tests/Command/ProfitShareUnfreezeCommandTest.php" line="295" class="Tourze\WechatPayProfitShareBundle\Tests\Command\ProfitShareUnfreezeCommandTest" classname="Tourze.WechatPayProfitShareBundle.Tests.Command.ProfitShareUnfreezeCommandTest" assertions="2" time="0.110838"/>
      <testcase name="testExecuteWithCustomUnfreezeHours" file="/home/admin/work/source/php-monorepo/packages/wechat-pay-profit-share-bundle/tests/Command/ProfitShareUnfreezeCommandTest.php" line="306" class="Tourze\WechatPayProfitShareBundle\Tests\Command\ProfitShareUnfreezeCommandTest" classname="Tourze.WechatPayProfitShareBundle.Tests.Command.ProfitShareUnfreezeCommandTest" assertions="0" time="0.108762">
        <error type="PHPUnit\Framework\MockObject\MethodCannotBeConfiguredException">Tourze\WechatPayProfitShareBundle\Tests\Command\ProfitShareUnfreezeCommandTest::testExecuteWithCustomUnfreezeHours
PHPUnit\Framework\MockObject\MethodCannotBeConfiguredException: Trying to configure method "unfreezeRemainingAmount" which cannot be configured because it does not exist, has not been specified, is final, or is static

/home/admin/work/source/php-monorepo/packages/wechat-pay-profit-share-bundle/tests/Command/ProfitShareUnfreezeCommandTest.php:316</error>
      </testcase>
      <testcase name="testOptionDryRun" file="/home/admin/work/source/php-monorepo/packages/wechat-pay-profit-share-bundle/tests/Command/ProfitShareUnfreezeCommandTest.php" line="325" class="Tourze\WechatPayProfitShareBundle\Tests\Command\ProfitShareUnfreezeCommandTest" classname="Tourze.WechatPayProfitShareBundle.Tests.Command.ProfitShareUnfreezeCommandTest" assertions="0" time="0.104164">
        <error type="PHPUnit\Framework\MockObject\MethodCannotBeConfiguredException">Tourze\WechatPayProfitShareBundle\Tests\Command\ProfitShareUnfreezeCommandTest::testOptionDryRun
PHPUnit\Framework\MockObject\MethodCannotBeConfiguredException: Trying to configure method "unfreezeRemainingAmount" which cannot be configured because it does not exist, has not been specified, is final, or is static

/home/admin/work/source/php-monorepo/packages/wechat-pay-profit-share-bundle/tests/Command/ProfitShareUnfreezeCommandTest.php:335</error>
      </testcase>
      <testcase name="testOptionUnfreezeHours" file="/home/admin/work/source/php-monorepo/packages/wechat-pay-profit-share-bundle/tests/Command/ProfitShareUnfreezeCommandTest.php" line="345" class="Tourze\WechatPayProfitShareBundle\Tests\Command\ProfitShareUnfreezeCommandTest" classname="Tourze.WechatPayProfitShareBundle.Tests.Command.ProfitShareUnfreezeCommandTest" assertions="0" time="0.102991">
        <error type="PHPUnit\Framework\MockObject\MethodCannotBeConfiguredException">Tourze\WechatPayProfitShareBundle\Tests\Command\ProfitShareUnfreezeCommandTest::testOptionUnfreezeHours
PHPUnit\Framework\MockObject\MethodCannotBeConfiguredException: Trying to configure method "unfreezeRemainingAmount" which cannot be configured because it does not exist, has not been specified, is final, or is static

/home/admin/work/source/php-monorepo/packages/wechat-pay-profit-share-bundle/tests/Command/ProfitShareUnfreezeCommandTest.php:354</error>
      </testcase>
      <testcase name="testOptionForceUnfreeze" file="/home/admin/work/source/php-monorepo/packages/wechat-pay-profit-share-bundle/tests/Command/ProfitShareUnfreezeCommandTest.php" line="363" class="Tourze\WechatPayProfitShareBundle\Tests\Command\ProfitShareUnfreezeCommandTest" classname="Tourze.WechatPayProfitShareBundle.Tests.Command.ProfitShareUnfreezeCommandTest" assertions="0" time="0.101187">
        <error type="PHPUnit\Framework\MockObject\MethodCannotBeConfiguredException">Tourze\WechatPayProfitShareBundle\Tests\Command\ProfitShareUnfreezeCommandTest::testOptionForceUnfreeze
PHPUnit\Framework\MockObject\MethodCannotBeConfiguredException: Trying to configure method "unfreezeRemainingAmount" which cannot be configured because it does not exist, has not been specified, is final, or is static

/home/admin/work/source/php-monorepo/packages/wechat-pay-profit-share-bundle/tests/Command/ProfitShareUnfreezeCommandTest.php:371</error>
      </testcase>
    </testsuite>
    <testsuite name="Tourze\WechatPayProfitShareBundle\Tests\DependencyInjection\WechatPayProfitShareExtensionTest" file="/home/admin/work/source/php-monorepo/packages/wechat-pay-profit-share-bundle/tests/DependencyInjection/WechatPayProfitShareExtensionTest.php" tests="6" assertions="81" errors="0" failures="2" skipped="0" time="0.082908">
      <testcase name="testShouldNotHaveRunTestsInSeparateProcesses" file="/home/admin/work/source/php-monorepo/packages/phpunit-symfony-unit-test/src/AbstractDependencyInjectionExtensionTestCase.php" line="23" class="Tourze\WechatPayProfitShareBundle\Tests\DependencyInjection\WechatPayProfitShareExtensionTest" classname="Tourze.WechatPayProfitShareBundle.Tests.DependencyInjection.WechatPayProfitShareExtensionTest" assertions="1" time="0.004890">
        <failure type="PHPUnit\Framework\ExpectationFailedException">Tourze\WechatPayProfitShareBundle\Tests\DependencyInjection\WechatPayProfitShareExtensionTest::testShouldNotHaveRunTestsInSeparateProcesses
Tourze\WechatPayProfitShareBundle\Tests\DependencyInjection\WechatPayProfitShareExtensionTest这个测试用例，不应使用 RunTestsInSeparateProcesses 注解
Failed asserting that an array is empty.

/home/admin/work/source/php-monorepo/packages/phpunit-symfony-unit-test/src/AbstractDependencyInjectionExtensionTestCase.php:26</failure>
      </testcase>
      <testcase name="testExtendsCorrectBaseClass" file="/home/admin/work/source/php-monorepo/packages/phpunit-symfony-unit-test/src/AbstractDependencyInjectionExtensionTestCase.php" line="36" class="Tourze\WechatPayProfitShareBundle\Tests\DependencyInjection\WechatPayProfitShareExtensionTest" classname="Tourze.WechatPayProfitShareBundle.Tests.DependencyInjection.WechatPayProfitShareExtensionTest" assertions="2" time="0.002701"/>
      <testcase name="testLoadShouldRegisterServices" file="/home/admin/work/source/php-monorepo/packages/phpunit-symfony-unit-test/src/AbstractDependencyInjectionExtensionTestCase.php" line="66" class="Tourze\WechatPayProfitShareBundle\Tests\DependencyInjection\WechatPayProfitShareExtensionTest" classname="Tourze.WechatPayProfitShareBundle.Tests.DependencyInjection.WechatPayProfitShareExtensionTest" assertions="23" time="0.021261"/>
      <testcase name="testServiceInjectedLoggerMustUseWithMonologChannelAttribute" file="/home/admin/work/source/php-monorepo/packages/phpunit-symfony-unit-test/src/AbstractDependencyInjectionExtensionTestCase.php" line="108" class="Tourze\WechatPayProfitShareBundle\Tests\DependencyInjection\WechatPayProfitShareExtensionTest" classname="Tourze.WechatPayProfitShareBundle.Tests.DependencyInjection.WechatPayProfitShareExtensionTest" assertions="3" time="0.020686">
        <failure type="PHPUnit\Framework\ExpectationFailedException">Tourze\WechatPayProfitShareBundle\Tests\DependencyInjection\WechatPayProfitShareExtensionTest::testServiceInjectedLoggerMustUseWithMonologChannelAttribute
服务类 Tourze\WechatPayProfitShareBundle\Service\ProfitShareApiExecutor 的构造函数使用了 LoggerInterface，但未使用 WithMonologChannel 注解，请使用 `#[WithMonologChannel(channel: 'wechat_pay_profit_share')]`
Failed asserting that two arrays are not identical.

/home/admin/work/source/php-monorepo/packages/phpunit-symfony-unit-test/src/AbstractDependencyInjectionExtensionTestCase.php:151</failure>
      </testcase>
      <testcase name="noRegisteredServicesAreBundle" file="/home/admin/work/source/php-monorepo/packages/phpunit-symfony-unit-test/src/AbstractDependencyInjectionExtensionTestCase.php" line="168" class="Tourze\WechatPayProfitShareBundle\Tests\DependencyInjection\WechatPayProfitShareExtensionTest" classname="Tourze.WechatPayProfitShareBundle.Tests.DependencyInjection.WechatPayProfitShareExtensionTest" assertions="26" time="0.016749"/>
      <testcase name="noRegisteredServicesAreEntity" file="/home/admin/work/source/php-monorepo/packages/phpunit-symfony-unit-test/src/AbstractDependencyInjectionExtensionTestCase.php" line="202" class="Tourze\WechatPayProfitShareBundle\Tests\DependencyInjection\WechatPayProfitShareExtensionTest" classname="Tourze.WechatPayProfitShareBundle.Tests.DependencyInjection.WechatPayProfitShareExtensionTest" assertions="26" time="0.016620"/>
    </testsuite>
    <testsuite name="Tourze\WechatPayProfitShareBundle\Tests\Entity\ProfitShareBillTaskTest" file="/home/admin/work/source/php-monorepo/packages/wechat-pay-profit-share-bundle/tests/Entity/ProfitShareBillTaskTest.php" tests="47" assertions="8" errors="40" failures="0" skipped="0" time="0.010323">
      <testcase name="testShouldNotHaveRunTestsInSeparateProcesses" file="/home/admin/work/source/php-monorepo/packages/phpunit-doctrine-entity/src/AbstractEntityTestCase.php" line="28" class="Tourze\WechatPayProfitShareBundle\Tests\Entity\ProfitShareBillTaskTest" classname="Tourze.WechatPayProfitShareBundle.Tests.Entity.ProfitShareBillTaskTest" assertions="1" time="0.001606"/>
      <testcase name="testIsEntityClass" file="/home/admin/work/source/php-monorepo/packages/phpunit-doctrine-entity/src/AbstractEntityTestCase.php" line="38" class="Tourze\WechatPayProfitShareBundle\Tests\Entity\ProfitShareBillTaskTest" classname="Tourze.WechatPayProfitShareBundle.Tests.Entity.ProfitShareBillTaskTest" assertions="3" time="0.000521"/>
      <testcase name="testDisallowUseMultipleCoversClass" file="/home/admin/work/source/php-monorepo/packages/phpunit-doctrine-entity/src/AbstractEntityTestCase.php" line="52" class="Tourze\WechatPayProfitShareBundle\Tests\Entity\ProfitShareBillTaskTest" classname="Tourze.WechatPayProfitShareBundle.Tests.Entity.ProfitShareBillTaskTest" assertions="1" time="0.000176"/>
      <testcase name="preferUseIndexColumnAttributeToDefineIndexWhenOnlyOneColumn" file="/home/admin/work/source/php-monorepo/packages/phpunit-doctrine-entity/src/AbstractEntityTestCase.php" line="114" class="Tourze\WechatPayProfitShareBundle\Tests\Entity\ProfitShareBillTaskTest" classname="Tourze.WechatPayProfitShareBundle.Tests.Entity.ProfitShareBillTaskTest" assertions="3" time="0.000087"/>
      <testcase name="testEntityInitialization" file="/home/admin/work/source/php-monorepo/packages/wechat-pay-profit-share-bundle/tests/Entity/ProfitShareBillTaskTest.php" line="30" class="Tourze\WechatPayProfitShareBundle\Tests\Entity\ProfitShareBillTaskTest" classname="Tourze.WechatPayProfitShareBundle.Tests.Entity.ProfitShareBillTaskTest" assertions="0" time="0.000267">
        <error type="Error">Tourze\WechatPayProfitShareBundle\Tests\Entity\ProfitShareBillTaskTest::testEntityInitialization
Error: Typed property Tourze\WechatPayProfitShareBundle\Tests\Entity\ProfitShareBillTaskTest::$profitShareBillTask must not be accessed before initialization

/home/admin/work/source/php-monorepo/packages/wechat-pay-profit-share-bundle/tests/Entity/ProfitShareBillTaskTest.php:32</error>
      </testcase>
      <testcase name="testMerchantGetterSetter" file="/home/admin/work/source/php-monorepo/packages/wechat-pay-profit-share-bundle/tests/Entity/ProfitShareBillTaskTest.php" line="44" class="Tourze\WechatPayProfitShareBundle\Tests\Entity\ProfitShareBillTaskTest" classname="Tourze.WechatPayProfitShareBundle.Tests.Entity.ProfitShareBillTaskTest" assertions="0" time="0.003576">
        <error type="Error">Tourze\WechatPayProfitShareBundle\Tests\Entity\ProfitShareBillTaskTest::testMerchantGetterSetter
Error: Typed property Tourze\WechatPayProfitShareBundle\Tests\Entity\ProfitShareBillTaskTest::$profitShareBillTask must not be accessed before initialization

/home/admin/work/source/php-monorepo/packages/wechat-pay-profit-share-bundle/tests/Entity/ProfitShareBillTaskTest.php:48</error>
      </testcase>
      <testsuite name="Tourze\WechatPayProfitShareBundle\Tests\Entity\ProfitShareBillTaskTest::testSubMchIdGetterSetter" tests="5" assertions="0" errors="5" failures="0" skipped="0" time="0.000585">
        <testcase name="testSubMchIdGetterSetter with data set #0" file="/home/admin/work/source/php-monorepo/packages/wechat-pay-profit-share-bundle/tests/Entity/ProfitShareBillTaskTest.php" line="58" class="Tourze\WechatPayProfitShareBundle\Tests\Entity\ProfitShareBillTaskTest" classname="Tourze.WechatPayProfitShareBundle.Tests.Entity.ProfitShareBillTaskTest" assertions="0" time="0.000180">
          <error type="Error">Tourze\WechatPayProfitShareBundle\Tests\Entity\ProfitShareBillTaskTest::testSubMchIdGetterSetter with data set #0
Error: Typed property Tourze\WechatPayProfitShareBundle\Tests\Entity\ProfitShareBillTaskTest::$profitShareBillTask must not be accessed before initialization

/home/admin/work/source/php-monorepo/packages/wechat-pay-profit-share-bundle/tests/Entity/ProfitShareBillTaskTest.php:60</error>
        </testcase>
        <testcase name="testSubMchIdGetterSetter with data set #1" file="/home/admin/work/source/php-monorepo/packages/wechat-pay-profit-share-bundle/tests/Entity/ProfitShareBillTaskTest.php" line="58" class="Tourze\WechatPayProfitShareBundle\Tests\Entity\ProfitShareBillTaskTest" classname="Tourze.WechatPayProfitShareBundle.Tests.Entity.ProfitShareBillTaskTest" assertions="0" time="0.000117">
          <error type="Error">Tourze\WechatPayProfitShareBundle\Tests\Entity\ProfitShareBillTaskTest::testSubMchIdGetterSetter with data set #1
Error: Typed property Tourze\WechatPayProfitShareBundle\Tests\Entity\ProfitShareBillTaskTest::$profitShareBillTask must not be accessed before initialization

/home/admin/work/source/php-monorepo/packages/wechat-pay-profit-share-bundle/tests/Entity/ProfitShareBillTaskTest.php:60</error>
        </testcase>
        <testcase name="testSubMchIdGetterSetter with data set #2" file="/home/admin/work/source/php-monorepo/packages/wechat-pay-profit-share-bundle/tests/Entity/ProfitShareBillTaskTest.php" line="58" class="Tourze\WechatPayProfitShareBundle\Tests\Entity\ProfitShareBillTaskTest" classname="Tourze.WechatPayProfitShareBundle.Tests.Entity.ProfitShareBillTaskTest" assertions="0" time="0.000101">
          <error type="Error">Tourze\WechatPayProfitShareBundle\Tests\Entity\ProfitShareBillTaskTest::testSubMchIdGetterSetter with data set #2
Error: Typed property Tourze\WechatPayProfitShareBundle\Tests\Entity\ProfitShareBillTaskTest::$profitShareBillTask must not be accessed before initialization

/home/admin/work/source/php-monorepo/packages/wechat-pay-profit-share-bundle/tests/Entity/ProfitShareBillTaskTest.php:60</error>
        </testcase>
        <testcase name="testSubMchIdGetterSetter with data set #3" file="/home/admin/work/source/php-monorepo/packages/wechat-pay-profit-share-bundle/tests/Entity/ProfitShareBillTaskTest.php" line="58" class="Tourze\WechatPayProfitShareBundle\Tests\Entity\ProfitShareBillTaskTest" classname="Tourze.WechatPayProfitShareBundle.Tests.Entity.ProfitShareBillTaskTest" assertions="0" time="0.000093">
          <error type="Error">Tourze\WechatPayProfitShareBundle\Tests\Entity\ProfitShareBillTaskTest::testSubMchIdGetterSetter with data set #3
Error: Typed property Tourze\WechatPayProfitShareBundle\Tests\Entity\ProfitShareBillTaskTest::$profitShareBillTask must not be accessed before initialization

/home/admin/work/source/php-monorepo/packages/wechat-pay-profit-share-bundle/tests/Entity/ProfitShareBillTaskTest.php:60</error>
        </testcase>
        <testcase name="testSubMchIdGetterSetter with data set #4" file="/home/admin/work/source/php-monorepo/packages/wechat-pay-profit-share-bundle/tests/Entity/ProfitShareBillTaskTest.php" line="58" class="Tourze\WechatPayProfitShareBundle\Tests\Entity\ProfitShareBillTaskTest" classname="Tourze.WechatPayProfitShareBundle.Tests.Entity.ProfitShareBillTaskTest" assertions="0" time="0.000093">
          <error type="Error">Tourze\WechatPayProfitShareBundle\Tests\Entity\ProfitShareBillTaskTest::testSubMchIdGetterSetter with data set #4
Error: Typed property Tourze\WechatPayProfitShareBundle\Tests\Entity\ProfitShareBillTaskTest::$profitShareBillTask must not be accessed before initialization

/home/admin/work/source/php-monorepo/packages/wechat-pay-profit-share-bundle/tests/Entity/ProfitShareBillTaskTest.php:60</error>
        </testcase>
      </testsuite>
      <testcase name="testBillDateGetterSetter" file="/home/admin/work/source/php-monorepo/packages/wechat-pay-profit-share-bundle/tests/Entity/ProfitShareBillTaskTest.php" line="78" class="Tourze\WechatPayProfitShareBundle\Tests\Entity\ProfitShareBillTaskTest" classname="Tourze.WechatPayProfitShareBundle.Tests.Entity.ProfitShareBillTaskTest" assertions="0" time="0.000102">
        <error type="Error">Tourze\WechatPayProfitShareBundle\Tests\Entity\ProfitShareBillTaskTest::testBillDateGetterSetter
Error: Typed property Tourze\WechatPayProfitShareBundle\Tests\Entity\ProfitShareBillTaskTest::$profitShareBillTask must not be accessed before initialization

/home/admin/work/source/php-monorepo/packages/wechat-pay-profit-share-bundle/tests/Entity/ProfitShareBillTaskTest.php:82</error>
      </testcase>
      <testsuite name="Tourze\WechatPayProfitShareBundle\Tests\Entity\ProfitShareBillTaskTest::testStringFieldsGetterSetter" tests="18" assertions="0" errors="15" failures="0" skipped="0" time="0.001727">
        <testcase name="testStringFieldsGetterSetter with data set #0" file="/home/admin/work/source/php-monorepo/packages/wechat-pay-profit-share-bundle/tests/Entity/ProfitShareBillTaskTest.php" line="92" class="Tourze\WechatPayProfitShareBundle\Tests\Entity\ProfitShareBillTaskTest" classname="Tourze.WechatPayProfitShareBundle.Tests.Entity.ProfitShareBillTaskTest" assertions="0" time="0.000104">
          <error type="Error">Tourze\WechatPayProfitShareBundle\Tests\Entity\ProfitShareBillTaskTest::testStringFieldsGetterSetter with data set #0
Error: Typed property Tourze\WechatPayProfitShareBundle\Tests\Entity\ProfitShareBillTaskTest::$profitShareBillTask must not be accessed before initialization

/home/admin/work/source/php-monorepo/packages/wechat-pay-profit-share-bundle/tests/Entity/ProfitShareBillTaskTest.php:96</error>
        </testcase>
        <testcase name="testStringFieldsGetterSetter with data set #1" file="/home/admin/work/source/php-monorepo/packages/wechat-pay-profit-share-bundle/tests/Entity/ProfitShareBillTaskTest.php" line="92" class="Tourze\WechatPayProfitShareBundle\Tests\Entity\ProfitShareBillTaskTest" classname="Tourze.WechatPayProfitShareBundle.Tests.Entity.ProfitShareBillTaskTest" assertions="0" time="0.000097">
          <error type="Error">Tourze\WechatPayProfitShareBundle\Tests\Entity\ProfitShareBillTaskTest::testStringFieldsGetterSetter with data set #1
Error: Typed property Tourze\WechatPayProfitShareBundle\Tests\Entity\ProfitShareBillTaskTest::$profitShareBillTask must not be accessed before initialization

/home/admin/work/source/php-monorepo/packages/wechat-pay-profit-share-bundle/tests/Entity/ProfitShareBillTaskTest.php:96</error>
        </testcase>
        <testcase name="testStringFieldsGetterSetter with data set #2" file="/home/admin/work/source/php-monorepo/packages/wechat-pay-profit-share-bundle/tests/Entity/ProfitShareBillTaskTest.php" line="92" class="Tourze\WechatPayProfitShareBundle\Tests\Entity\ProfitShareBillTaskTest" classname="Tourze.WechatPayProfitShareBundle.Tests.Entity.ProfitShareBillTaskTest" assertions="0" time="0.000096">
          <error type="Error">Tourze\WechatPayProfitShareBundle\Tests\Entity\ProfitShareBillTaskTest::testStringFieldsGetterSetter with data set #2
Error: Typed property Tourze\WechatPayProfitShareBundle\Tests\Entity\ProfitShareBillTaskTest::$profitShareBillTask must not be accessed before initialization

/home/admin/work/source/php-monorepo/packages/wechat-pay-profit-share-bundle/tests/Entity/ProfitShareBillTaskTest.php:96</error>
        </testcase>
        <testcase name="testStringFieldsGetterSetter with data set #3" file="/home/admin/work/source/php-monorepo/packages/wechat-pay-profit-share-bundle/tests/Entity/ProfitShareBillTaskTest.php" line="92" class="Tourze\WechatPayProfitShareBundle\Tests\Entity\ProfitShareBillTaskTest" classname="Tourze.WechatPayProfitShareBundle.Tests.Entity.ProfitShareBillTaskTest" assertions="0" time="0.000095">
          <error type="Error">Tourze\WechatPayProfitShareBundle\Tests\Entity\ProfitShareBillTaskTest::testStringFieldsGetterSetter with data set #3
Error: Typed property Tourze\WechatPayProfitShareBundle\Tests\Entity\ProfitShareBillTaskTest::$profitShareBillTask must not be accessed before initialization

/home/admin/work/source/php-monorepo/packages/wechat-pay-profit-share-bundle/tests/Entity/ProfitShareBillTaskTest.php:96</error>
        </testcase>
        <testcase name="testStringFieldsGetterSetter with data set #4" file="/home/admin/work/source/php-monorepo/packages/wechat-pay-profit-share-bundle/tests/Entity/ProfitShareBillTaskTest.php" line="92" class="Tourze\WechatPayProfitShareBundle\Tests\Entity\ProfitShareBillTaskTest" classname="Tourze.WechatPayProfitShareBundle.Tests.Entity.ProfitShareBillTaskTest" assertions="0" time="0.000095">
          <error type="Error">Tourze\WechatPayProfitShareBundle\Tests\Entity\ProfitShareBillTaskTest::testStringFieldsGetterSetter with data set #4
Error: Typed property Tourze\WechatPayProfitShareBundle\Tests\Entity\ProfitShareBillTaskTest::$profitShareBillTask must not be accessed before initialization

/home/admin/work/source/php-monorepo/packages/wechat-pay-profit-share-bundle/tests/Entity/ProfitShareBillTaskTest.php:100</error>
        </testcase>
        <testcase name="testStringFieldsGetterSetter with data set #5" file="/home/admin/work/source/php-monorepo/packages/wechat-pay-profit-share-bundle/tests/Entity/ProfitShareBillTaskTest.php" line="92" class="Tourze\WechatPayProfitShareBundle\Tests\Entity\ProfitShareBillTaskTest" classname="Tourze.WechatPayProfitShareBundle.Tests.Entity.ProfitShareBillTaskTest" assertions="0" time="0.000094">
          <error type="Error">Tourze\WechatPayProfitShareBundle\Tests\Entity\ProfitShareBillTaskTest::testStringFieldsGetterSetter with data set #5
Error: Typed property Tourze\WechatPayProfitShareBundle\Tests\Entity\ProfitShareBillTaskTest::$profitShareBillTask must not be accessed before initialization

/home/admin/work/source/php-monorepo/packages/wechat-pay-profit-share-bundle/tests/Entity/ProfitShareBillTaskTest.php:100</error>
        </testcase>
        <testcase name="testStringFieldsGetterSetter with data set #6" file="/home/admin/work/source/php-monorepo/packages/wechat-pay-profit-share-bundle/tests/Entity/ProfitShareBillTaskTest.php" line="92" class="Tourze\WechatPayProfitShareBundle\Tests\Entity\ProfitShareBillTaskTest" classname="Tourze.WechatPayProfitShareBundle.Tests.Entity.ProfitShareBillTaskTest" assertions="0" time="0.000094">
          <error type="Error">Tourze\WechatPayProfitShareBundle\Tests\Entity\ProfitShareBillTaskTest::testStringFieldsGetterSetter with data set #6
Error: Typed property Tourze\WechatPayProfitShareBundle\Tests\Entity\ProfitShareBillTaskTest::$profitShareBillTask must not be accessed before initialization

/home/admin/work/source/php-monorepo/packages/wechat-pay-profit-share-bundle/tests/Entity/ProfitShareBillTaskTest.php:100</error>
        </testcase>
        <testcase name="testStringFieldsGetterSetter with data set #7" file="/home/admin/work/source/php-monorepo/packages/wechat-pay-profit-share-bundle/tests/Entity/ProfitShareBillTaskTest.php" line="92" class="Tourze\WechatPayProfitShareBundle\Tests\Entity\ProfitShareBillTaskTest" classname="Tourze.WechatPayProfitShareBundle.Tests.Entity.ProfitShareBillTaskTest" assertions="0" time="0.000093">
          <error type="Error">Tourze\WechatPayProfitShareBundle\Tests\Entity\ProfitShareBillTaskTest::testStringFieldsGetterSetter with data set #7
Error: Typed property Tourze\WechatPayProfitShareBundle\Tests\Entity\ProfitShareBillTaskTest::$profitShareBillTask must not be accessed before initialization

/home/admin/work/source/php-monorepo/packages/wechat-pay-profit-share-bundle/tests/Entity/ProfitShareBillTaskTest.php:100</error>
        </testcase>
        <testcase name="testStringFieldsGetterSetter with data set #8" file="/home/admin/work/source/php-monorepo/packages/wechat-pay-profit-share-bundle/tests/Entity/ProfitShareBillTaskTest.php" line="92" class="Tourze\WechatPayProfitShareBundle\Tests\Entity\ProfitShareBillTaskTest" classname="Tourze.WechatPayProfitShareBundle.Tests.Entity.ProfitShareBillTaskTest" assertions="0" time="0.000093">
          <error type="Error">Tourze\WechatPayProfitShareBundle\Tests\Entity\ProfitShareBillTaskTest::testStringFieldsGetterSetter with data set #8
Error: Typed property Tourze\WechatPayProfitShareBundle\Tests\Entity\ProfitShareBillTaskTest::$profitShareBillTask must not be accessed before initialization

/home/admin/work/source/php-monorepo/packages/wechat-pay-profit-share-bundle/tests/Entity/ProfitShareBillTaskTest.php:104</error>
        </testcase>
        <testcase name="testStringFieldsGetterSetter with data set #9" file="/home/admin/work/source/php-monorepo/packages/wechat-pay-profit-share-bundle/tests/Entity/ProfitShareBillTaskTest.php" line="92" class="Tourze\WechatPayProfitShareBundle\Tests\Entity\ProfitShareBillTaskTest" classname="Tourze.WechatPayProfitShareBundle.Tests.Entity.ProfitShareBillTaskTest" assertions="0" time="0.000119">
          <error type="Error">Tourze\WechatPayProfitShareBundle\Tests\Entity\ProfitShareBillTaskTest::testStringFieldsGetterSetter with data set #9
Error: Typed property Tourze\WechatPayProfitShareBundle\Tests\Entity\ProfitShareBillTaskTest::$profitShareBillTask must not be accessed before initialization

/home/admin/work/source/php-monorepo/packages/wechat-pay-profit-share-bundle/tests/Entity/ProfitShareBillTaskTest.php:104</error>
        </testcase>
        <testcase name="testStringFieldsGetterSetter with data set #10" file="/home/admin/work/source/php-monorepo/packages/wechat-pay-profit-share-bundle/tests/Entity/ProfitShareBillTaskTest.php" line="92" class="Tourze\WechatPayProfitShareBundle\Tests\Entity\ProfitShareBillTaskTest" classname="Tourze.WechatPayProfitShareBundle.Tests.Entity.ProfitShareBillTaskTest" assertions="0" time="0.000110">
          <error type="Error">Tourze\WechatPayProfitShareBundle\Tests\Entity\ProfitShareBillTaskTest::testStringFieldsGetterSetter with data set #10
Error: Typed property Tourze\WechatPayProfitShareBundle\Tests\Entity\ProfitShareBillTaskTest::$profitShareBillTask must not be accessed before initialization

/home/admin/work/source/php-monorepo/packages/wechat-pay-profit-share-bundle/tests/Entity/ProfitShareBillTaskTest.php:104</error>
        </testcase>
        <testcase name="testStringFieldsGetterSetter with data set #11" file="/home/admin/work/source/php-monorepo/packages/wechat-pay-profit-share-bundle/tests/Entity/ProfitShareBillTaskTest.php" line="92" class="Tourze\WechatPayProfitShareBundle\Tests\Entity\ProfitShareBillTaskTest" classname="Tourze.WechatPayProfitShareBundle.Tests.Entity.ProfitShareBillTaskTest" assertions="0" time="0.000096">
          <error type="Error">Tourze\WechatPayProfitShareBundle\Tests\Entity\ProfitShareBillTaskTest::testStringFieldsGetterSetter with data set #11
Error: Typed property Tourze\WechatPayProfitShareBundle\Tests\Entity\ProfitShareBillTaskTest::$profitShareBillTask must not be accessed before initialization

/home/admin/work/source/php-monorepo/packages/wechat-pay-profit-share-bundle/tests/Entity/ProfitShareBillTaskTest.php:108</error>
        </testcase>
        <testcase name="testStringFieldsGetterSetter with data set #12" file="/home/admin/work/source/php-monorepo/packages/wechat-pay-profit-share-bundle/tests/Entity/ProfitShareBillTaskTest.php" line="92" class="Tourze\WechatPayProfitShareBundle\Tests\Entity\ProfitShareBillTaskTest" classname="Tourze.WechatPayProfitShareBundle.Tests.Entity.ProfitShareBillTaskTest" assertions="0" time="0.000096">
          <error type="Error">Tourze\WechatPayProfitShareBundle\Tests\Entity\ProfitShareBillTaskTest::testStringFieldsGetterSetter with data set #12
Error: Typed property Tourze\WechatPayProfitShareBundle\Tests\Entity\ProfitShareBillTaskTest::$profitShareBillTask must not be accessed before initialization

/home/admin/work/source/php-monorepo/packages/wechat-pay-profit-share-bundle/tests/Entity/ProfitShareBillTaskTest.php:108</error>
        </testcase>
        <testcase name="testStringFieldsGetterSetter with data set #13" file="/home/admin/work/source/php-monorepo/packages/wechat-pay-profit-share-bundle/tests/Entity/ProfitShareBillTaskTest.php" line="92" class="Tourze\WechatPayProfitShareBundle\Tests\Entity\ProfitShareBillTaskTest" classname="Tourze.WechatPayProfitShareBundle.Tests.Entity.ProfitShareBillTaskTest" assertions="0" time="0.000106">
          <error type="Error">Tourze\WechatPayProfitShareBundle\Tests\Entity\ProfitShareBillTaskTest::testStringFieldsGetterSetter with data set #13
Error: Typed property Tourze\WechatPayProfitShareBundle\Tests\Entity\ProfitShareBillTaskTest::$profitShareBillTask must not be accessed before initialization

/home/admin/work/source/php-monorepo/packages/wechat-pay-profit-share-bundle/tests/Entity/ProfitShareBillTaskTest.php:108</error>
        </testcase>
        <testcase name="testStringFieldsGetterSetter with data set #14" file="/home/admin/work/source/php-monorepo/packages/wechat-pay-profit-share-bundle/tests/Entity/ProfitShareBillTaskTest.php" line="92" class="Tourze\WechatPayProfitShareBundle\Tests\Entity\ProfitShareBillTaskTest" classname="Tourze.WechatPayProfitShareBundle.Tests.Entity.ProfitShareBillTaskTest" assertions="0" time="0.000108">
          <error type="Error">Tourze\WechatPayProfitShareBundle\Tests\Entity\ProfitShareBillTaskTest::testStringFieldsGetterSetter with data set #14
Error: Typed property Tourze\WechatPayProfitShareBundle\Tests\Entity\ProfitShareBillTaskTest::$profitShareBillTask must not be accessed before initialization

/home/admin/work/source/php-monorepo/packages/wechat-pay-profit-share-bundle/tests/Entity/ProfitShareBillTaskTest.php:108</error>
        </testcase>
        <testcase name="testStringFieldsGetterSetter with data set #15" file="/home/admin/work/source/php-monorepo/packages/wechat-pay-profit-share-bundle/tests/Entity/ProfitShareBillTaskTest.php" line="92" class="Tourze\WechatPayProfitShareBundle\Tests\Entity\ProfitShareBillTaskTest" classname="Tourze.WechatPayProfitShareBundle.Tests.Entity.ProfitShareBillTaskTest" assertions="0" time="0.000088"/>
        <testcase name="testStringFieldsGetterSetter with data set #16" file="/home/admin/work/source/php-monorepo/packages/wechat-pay-profit-share-bundle/tests/Entity/ProfitShareBillTaskTest.php" line="92" class="Tourze\WechatPayProfitShareBundle\Tests\Entity\ProfitShareBillTaskTest" classname="Tourze.WechatPayProfitShareBundle.Tests.Entity.ProfitShareBillTaskTest" assertions="0" time="0.000069"/>
        <testcase name="testStringFieldsGetterSetter with data set #17" file="/home/admin/work/source/php-monorepo/packages/wechat-pay-profit-share-bundle/tests/Entity/ProfitShareBillTaskTest.php" line="92" class="Tourze\WechatPayProfitShareBundle\Tests\Entity\ProfitShareBillTaskTest" classname="Tourze.WechatPayProfitShareBundle.Tests.Entity.ProfitShareBillTaskTest" assertions="0" time="0.000071"/>
      </testsuite>
      <testcase name="testStatusGetterSetter" file="/home/admin/work/source/php-monorepo/packages/wechat-pay-profit-share-bundle/tests/Entity/ProfitShareBillTaskTest.php" line="145" class="Tourze\WechatPayProfitShareBundle\Tests\Entity\ProfitShareBillTaskTest" classname="Tourze.WechatPayProfitShareBundle.Tests.Entity.ProfitShareBillTaskTest" assertions="0" time="0.000097">
        <error type="Error">Tourze\WechatPayProfitShareBundle\Tests\Entity\ProfitShareBillTaskTest::testStatusGetterSetter
Error: Typed property Tourze\WechatPayProfitShareBundle\Tests\Entity\ProfitShareBillTaskTest::$profitShareBillTask must not be accessed before initialization

/home/admin/work/source/php-monorepo/packages/wechat-pay-profit-share-bundle/tests/Entity/ProfitShareBillTaskTest.php:147</error>
      </testcase>
      <testcase name="testDownloadedAtGetterSetter" file="/home/admin/work/source/php-monorepo/packages/wechat-pay-profit-share-bundle/tests/Entity/ProfitShareBillTaskTest.php" line="155" class="Tourze\WechatPayProfitShareBundle\Tests\Entity\ProfitShareBillTaskTest" classname="Tourze.WechatPayProfitShareBundle.Tests.Entity.ProfitShareBillTaskTest" assertions="0" time="0.000086">
        <error type="Error">Tourze\WechatPayProfitShareBundle\Tests\Entity\ProfitShareBillTaskTest::testDownloadedAtGetterSetter
Error: Typed property Tourze\WechatPayProfitShareBundle\Tests\Entity\ProfitShareBillTaskTest::$profitShareBillTask must not be accessed before initialization

/home/admin/work/source/php-monorepo/packages/wechat-pay-profit-share-bundle/tests/Entity/ProfitShareBillTaskTest.php:157</error>
      </testcase>
      <testsuite name="Tourze\WechatPayProfitShareBundle\Tests\Entity\ProfitShareBillTaskTest::testPayloadFieldsGetterSetter" tests="6" assertions="0" errors="6" failures="0" skipped="0" time="0.000599">
        <testcase name="testPayloadFieldsGetterSetter with data set #0" file="/home/admin/work/source/php-monorepo/packages/wechat-pay-profit-share-bundle/tests/Entity/ProfitShareBillTaskTest.php" line="168" class="Tourze\WechatPayProfitShareBundle\Tests\Entity\ProfitShareBillTaskTest" classname="Tourze.WechatPayProfitShareBundle.Tests.Entity.ProfitShareBillTaskTest" assertions="0" time="0.000102">
          <error type="Error">Tourze\WechatPayProfitShareBundle\Tests\Entity\ProfitShareBillTaskTest::testPayloadFieldsGetterSetter with data set #0
Error: Typed property Tourze\WechatPayProfitShareBundle\Tests\Entity\ProfitShareBillTaskTest::$profitShareBillTask must not be accessed before initialization

/home/admin/work/source/php-monorepo/packages/wechat-pay-profit-share-bundle/tests/Entity/ProfitShareBillTaskTest.php:172</error>
        </testcase>
        <testcase name="testPayloadFieldsGetterSetter with data set #1" file="/home/admin/work/source/php-monorepo/packages/wechat-pay-profit-share-bundle/tests/Entity/ProfitShareBillTaskTest.php" line="168" class="Tourze\WechatPayProfitShareBundle\Tests\Entity\ProfitShareBillTaskTest" classname="Tourze.WechatPayProfitShareBundle.Tests.Entity.ProfitShareBillTaskTest" assertions="0" time="0.000098">
          <error type="Error">Tourze\WechatPayProfitShareBundle\Tests\Entity\ProfitShareBillTaskTest::testPayloadFieldsGetterSetter with data set #1
Error: Typed property Tourze\WechatPayProfitShareBundle\Tests\Entity\ProfitShareBillTaskTest::$profitShareBillTask must not be accessed before initialization

/home/admin/work/source/php-monorepo/packages/wechat-pay-profit-share-bundle/tests/Entity/ProfitShareBillTaskTest.php:172</error>
        </testcase>
        <testcase name="testPayloadFieldsGetterSetter with data set #2" file="/home/admin/work/source/php-monorepo/packages/wechat-pay-profit-share-bundle/tests/Entity/ProfitShareBillTaskTest.php" line="168" class="Tourze\WechatPayProfitShareBundle\Tests\Entity\ProfitShareBillTaskTest" classname="Tourze.WechatPayProfitShareBundle.Tests.Entity.ProfitShareBillTaskTest" assertions="0" time="0.000106">
          <error type="Error">Tourze\WechatPayProfitShareBundle\Tests\Entity\ProfitShareBillTaskTest::testPayloadFieldsGetterSetter with data set #2
Error: Typed property Tourze\WechatPayProfitShareBundle\Tests\Entity\ProfitShareBillTaskTest::$profitShareBillTask must not be accessed before initialization

/home/admin/work/source/php-monorepo/packages/wechat-pay-profit-share-bundle/tests/Entity/ProfitShareBillTaskTest.php:172</error>
        </testcase>
        <testcase name="testPayloadFieldsGetterSetter with data set #3" file="/home/admin/work/source/php-monorepo/packages/wechat-pay-profit-share-bundle/tests/Entity/ProfitShareBillTaskTest.php" line="168" class="Tourze\WechatPayProfitShareBundle\Tests\Entity\ProfitShareBillTaskTest" classname="Tourze.WechatPayProfitShareBundle.Tests.Entity.ProfitShareBillTaskTest" assertions="0" time="0.000097">
          <error type="Error">Tourze\WechatPayProfitShareBundle\Tests\Entity\ProfitShareBillTaskTest::testPayloadFieldsGetterSetter with data set #3
Error: Typed property Tourze\WechatPayProfitShareBundle\Tests\Entity\ProfitShareBillTaskTest::$profitShareBillTask must not be accessed before initialization

/home/admin/work/source/php-monorepo/packages/wechat-pay-profit-share-bundle/tests/Entity/ProfitShareBillTaskTest.php:176</error>
        </testcase>
        <testcase name="testPayloadFieldsGetterSetter with data set #4" file="/home/admin/work/source/php-monorepo/packages/wechat-pay-profit-share-bundle/tests/Entity/ProfitShareBillTaskTest.php" line="168" class="Tourze\WechatPayProfitShareBundle\Tests\Entity\ProfitShareBillTaskTest" classname="Tourze.WechatPayProfitShareBundle.Tests.Entity.ProfitShareBillTaskTest" assertions="0" time="0.000096">
          <error type="Error">Tourze\WechatPayProfitShareBundle\Tests\Entity\ProfitShareBillTaskTest::testPayloadFieldsGetterSetter with data set #4
Error: Typed property Tourze\WechatPayProfitShareBundle\Tests\Entity\ProfitShareBillTaskTest::$profitShareBillTask must not be accessed before initialization

/home/admin/work/source/php-monorepo/packages/wechat-pay-profit-share-bundle/tests/Entity/ProfitShareBillTaskTest.php:176</error>
        </testcase>
        <testcase name="testPayloadFieldsGetterSetter with data set #5" file="/home/admin/work/source/php-monorepo/packages/wechat-pay-profit-share-bundle/tests/Entity/ProfitShareBillTaskTest.php" line="168" class="Tourze\WechatPayProfitShareBundle\Tests\Entity\ProfitShareBillTaskTest" classname="Tourze.WechatPayProfitShareBundle.Tests.Entity.ProfitShareBillTaskTest" assertions="0" time="0.000100">
          <error type="Error">Tourze\WechatPayProfitShareBundle\Tests\Entity\ProfitShareBillTaskTest::testPayloadFieldsGetterSetter with data set #5
Error: Typed property Tourze\WechatPayProfitShareBundle\Tests\Entity\ProfitShareBillTaskTest::$profitShareBillTask must not be accessed before initialization

/home/admin/work/source/php-monorepo/packages/wechat-pay-profit-share-bundle/tests/Entity/ProfitShareBillTaskTest.php:176</error>
        </testcase>
      </testsuite>
      <testsuite name="Tourze\WechatPayProfitShareBundle\Tests\Entity\ProfitShareBillTaskTest::testMetadataGetterSetter" tests="5" assertions="0" errors="5" failures="0" skipped="0" time="0.000528">
        <testcase name="testMetadataGetterSetter with data set #0" file="/home/admin/work/source/php-monorepo/packages/wechat-pay-profit-share-bundle/tests/Entity/ProfitShareBillTaskTest.php" line="198" class="Tourze\WechatPayProfitShareBundle\Tests\Entity\ProfitShareBillTaskTest" classname="Tourze.WechatPayProfitShareBundle.Tests.Entity.ProfitShareBillTaskTest" assertions="0" time="0.000112">
          <error type="Error">Tourze\WechatPayProfitShareBundle\Tests\Entity\ProfitShareBillTaskTest::testMetadataGetterSetter with data set #0
Error: Typed property Tourze\WechatPayProfitShareBundle\Tests\Entity\ProfitShareBillTaskTest::$profitShareBillTask must not be accessed before initialization

/home/admin/work/source/php-monorepo/packages/wechat-pay-profit-share-bundle/tests/Entity/ProfitShareBillTaskTest.php:200</error>
        </testcase>
        <testcase name="testMetadataGetterSetter with data set #1" file="/home/admin/work/source/php-monorepo/packages/wechat-pay-profit-share-bundle/tests/Entity/ProfitShareBillTaskTest.php" line="198" class="Tourze\WechatPayProfitShareBundle\Tests\Entity\ProfitShareBillTaskTest" classname="Tourze.WechatPayProfitShareBundle.Tests.Entity.ProfitShareBillTaskTest" assertions="0" time="0.000112">
          <error type="Error">Tourze\WechatPayProfitShareBundle\Tests\Entity\ProfitShareBillTaskTest::testMetadataGetterSetter with data set #1
Error: Typed property Tourze\WechatPayProfitShareBundle\Tests\Entity\ProfitShareBillTaskTest::$profitShareBillTask must not be accessed before initialization

/home/admin/work/source/php-monorepo/packages/wechat-pay-profit-share-bundle/tests/Entity/ProfitShareBillTaskTest.php:200</error>
        </testcase>
        <testcase name="testMetadataGetterSetter with data set #2" file="/home/admin/work/source/php-monorepo/packages/wechat-pay-profit-share-bundle/tests/Entity/ProfitShareBillTaskTest.php" line="198" class="Tourze\WechatPayProfitShareBundle\Tests\Entity\ProfitShareBillTaskTest" classname="Tourze.WechatPayProfitShareBundle.Tests.Entity.ProfitShareBillTaskTest" assertions="0" time="0.000100">
          <error type="Error">Tourze\WechatPayProfitShareBundle\Tests\Entity\ProfitShareBillTaskTest::testMetadataGetterSetter with data set #2
Error: Typed property Tourze\WechatPayProfitShareBundle\Tests\Entity\ProfitShareBillTaskTest::$profitShareBillTask must not be accessed before initialization

/home/admin/work/source/php-monorepo/packages/wechat-pay-profit-share-bundle/tests/Entity/ProfitShareBillTaskTest.php:200</error>
        </testcase>
        <testcase name="testMetadataGetterSetter with data set #3" file="/home/admin/work/source/php-monorepo/packages/wechat-pay-profit-share-bundle/tests/Entity/ProfitShareBillTaskTest.php" line="198" class="Tourze\WechatPayProfitShareBundle\Tests\Entity\ProfitShareBillTaskTest" classname="Tourze.WechatPayProfitShareBundle.Tests.Entity.ProfitShareBillTaskTest" assertions="0" time="0.000101">
          <error type="Error">Tourze\WechatPayProfitShareBundle\Tests\Entity\ProfitShareBillTaskTest::testMetadataGetterSetter with data set #3
Error: Typed property Tourze\WechatPayProfitShareBundle\Tests\Entity\ProfitShareBillTaskTest::$profitShareBillTask must not be accessed before initialization

/home/admin/work/source/php-monorepo/packages/wechat-pay-profit-share-bundle/tests/Entity/ProfitShareBillTaskTest.php:200</error>
        </testcase>
        <testcase name="testMetadataGetterSetter with data set #4" file="/home/admin/work/source/php-monorepo/packages/wechat-pay-profit-share-bundle/tests/Entity/ProfitShareBillTaskTest.php" line="198" class="Tourze\WechatPayProfitShareBundle\Tests\Entity\ProfitShareBillTaskTest" classname="Tourze.WechatPayProfitShareBundle.Tests.Entity.ProfitShareBillTaskTest" assertions="0" time="0.000103">
          <error type="Error">Tourze\WechatPayProfitShareBundle\Tests\Entity\ProfitShareBillTaskTest::testMetadataGetterSetter with data set #4
Error: Typed property Tourze\WechatPayProfitShareBundle\Tests\Entity\ProfitShareBillTaskTest::$profitShareBillTask must not be accessed before initialization

/home/admin/work/source/php-monorepo/packages/wechat-pay-profit-share-bundle/tests/Entity/ProfitShareBillTaskTest.php:200</error>
        </testcase>
      </testsuite>
      <testcase name="testTimestampGetters" file="/home/admin/work/source/php-monorepo/packages/wechat-pay-profit-share-bundle/tests/Entity/ProfitShareBillTaskTest.php" line="218" class="Tourze\WechatPayProfitShareBundle\Tests\Entity\ProfitShareBillTaskTest" classname="Tourze.WechatPayProfitShareBundle.Tests.Entity.ProfitShareBillTaskTest" assertions="0" time="0.000086">
        <error type="Error">Tourze\WechatPayProfitShareBundle\Tests\Entity\ProfitShareBillTaskTest::testTimestampGetters
Error: Typed property Tourze\WechatPayProfitShareBundle\Tests\Entity\ProfitShareBillTaskTest::$profitShareBillTask must not be accessed before initialization

/home/admin/work/source/php-monorepo/packages/wechat-pay-profit-share-bundle/tests/Entity/ProfitShareBillTaskTest.php:221</error>
      </testcase>
      <testcase name="testToString" file="/home/admin/work/source/php-monorepo/packages/wechat-pay-profit-share-bundle/tests/Entity/ProfitShareBillTaskTest.php" line="230" class="Tourze\WechatPayProfitShareBundle\Tests\Entity\ProfitShareBillTaskTest" classname="Tourze.WechatPayProfitShareBundle.Tests.Entity.ProfitShareBillTaskTest" assertions="0" time="0.000078">
        <error type="Error">Tourze\WechatPayProfitShareBundle\Tests\Entity\ProfitShareBillTaskTest::testToString
Error: Typed property Tourze\WechatPayProfitShareBundle\Tests\Entity\ProfitShareBillTaskTest::$profitShareBillTask must not be accessed before initialization

/home/admin/work/source/php-monorepo/packages/wechat-pay-profit-share-bundle/tests/Entity/ProfitShareBillTaskTest.php:233</error>
      </testcase>
      <testcase name="testStringableImplementation" file="/home/admin/work/source/php-monorepo/packages/wechat-pay-profit-share-bundle/tests/Entity/ProfitShareBillTaskTest.php" line="244" class="Tourze\WechatPayProfitShareBundle\Tests\Entity\ProfitShareBillTaskTest" classname="Tourze.WechatPayProfitShareBundle.Tests.Entity.ProfitShareBillTaskTest" assertions="0" time="0.000085">
        <error type="Error">Tourze\WechatPayProfitShareBundle\Tests\Entity\ProfitShareBillTaskTest::testStringableImplementation
Error: Typed property Tourze\WechatPayProfitShareBundle\Tests\Entity\ProfitShareBillTaskTest::$profitShareBillTask must not be accessed before initialization

/home/admin/work/source/php-monorepo/packages/wechat-pay-profit-share-bundle/tests/Entity/ProfitShareBillTaskTest.php:246</error>
      </testcase>
      <testcase name="testComplexWorkflow" file="/home/admin/work/source/php-monorepo/packages/wechat-pay-profit-share-bundle/tests/Entity/ProfitShareBillTaskTest.php" line="250" class="Tourze\WechatPayProfitShareBundle\Tests\Entity\ProfitShareBillTaskTest" classname="Tourze.WechatPayProfitShareBundle.Tests.Entity.ProfitShareBillTaskTest" assertions="0" time="0.000117">
        <error type="Error">Tourze\WechatPayProfitShareBundle\Tests\Entity\ProfitShareBillTaskTest::testComplexWorkflow
Error: Typed property Tourze\WechatPayProfitShareBundle\Tests\Entity\ProfitShareBillTaskTest::$profitShareBillTask must not be accessed before initialization

/home/admin/work/source/php-monorepo/packages/wechat-pay-profit-share-bundle/tests/Entity/ProfitShareBillTaskTest.php:257</error>
      </testcase>
    </testsuite>
    <testsuite name="Tourze\WechatPayProfitShareBundle\Tests\Entity\ProfitShareOperationLogTest" file="/home/admin/work/source/php-monorepo/packages/wechat-pay-profit-share-bundle/tests/Entity/ProfitShareOperationLogTest.php" tests="43" assertions="15" errors="38" failures="0" skipped="0" time="0.004718">
      <testcase name="testShouldNotHaveRunTestsInSeparateProcesses" file="/home/admin/work/source/php-monorepo/packages/phpunit-doctrine-entity/src/AbstractEntityTestCase.php" line="28" class="Tourze\WechatPayProfitShareBundle\Tests\Entity\ProfitShareOperationLogTest" classname="Tourze.WechatPayProfitShareBundle.Tests.Entity.ProfitShareOperationLogTest" assertions="1" time="0.000093"/>
      <testcase name="testIsEntityClass" file="/home/admin/work/source/php-monorepo/packages/phpunit-doctrine-entity/src/AbstractEntityTestCase.php" line="38" class="Tourze\WechatPayProfitShareBundle\Tests\Entity\ProfitShareOperationLogTest" classname="Tourze.WechatPayProfitShareBundle.Tests.Entity.ProfitShareOperationLogTest" assertions="3" time="0.000071"/>
      <testcase name="testDisallowUseMultipleCoversClass" file="/home/admin/work/source/php-monorepo/packages/phpunit-doctrine-entity/src/AbstractEntityTestCase.php" line="52" class="Tourze\WechatPayProfitShareBundle\Tests\Entity\ProfitShareOperationLogTest" classname="Tourze.WechatPayProfitShareBundle.Tests.Entity.ProfitShareOperationLogTest" assertions="1" time="0.000061"/>
      <testcase name="preferUseIndexColumnAttributeToDefineIndexWhenOnlyOneColumn" file="/home/admin/work/source/php-monorepo/packages/phpunit-doctrine-entity/src/AbstractEntityTestCase.php" line="114" class="Tourze\WechatPayProfitShareBundle\Tests\Entity\ProfitShareOperationLogTest" classname="Tourze.WechatPayProfitShareBundle.Tests.Entity.ProfitShareOperationLogTest" assertions="3" time="0.000071"/>
      <testcase name="testEntityInitialization" file="/home/admin/work/source/php-monorepo/packages/wechat-pay-profit-share-bundle/tests/Entity/ProfitShareOperationLogTest.php" line="30" class="Tourze\WechatPayProfitShareBundle\Tests\Entity\ProfitShareOperationLogTest" classname="Tourze.WechatPayProfitShareBundle.Tests.Entity.ProfitShareOperationLogTest" assertions="0" time="0.000097">
        <error type="Error">Tourze\WechatPayProfitShareBundle\Tests\Entity\ProfitShareOperationLogTest::testEntityInitialization
Error: Typed property Tourze\WechatPayProfitShareBundle\Tests\Entity\ProfitShareOperationLogTest::$profitShareOperationLog must not be accessed before initialization

/home/admin/work/source/php-monorepo/packages/wechat-pay-profit-share-bundle/tests/Entity/ProfitShareOperationLogTest.php:32</error>
      </testcase>
      <testcase name="testMerchantGetterSetter" file="/home/admin/work/source/php-monorepo/packages/wechat-pay-profit-share-bundle/tests/Entity/ProfitShareOperationLogTest.php" line="44" class="Tourze\WechatPayProfitShareBundle\Tests\Entity\ProfitShareOperationLogTest" classname="Tourze.WechatPayProfitShareBundle.Tests.Entity.ProfitShareOperationLogTest" assertions="0" time="0.000112">
        <error type="Error">Tourze\WechatPayProfitShareBundle\Tests\Entity\ProfitShareOperationLogTest::testMerchantGetterSetter
Error: Typed property Tourze\WechatPayProfitShareBundle\Tests\Entity\ProfitShareOperationLogTest::$profitShareOperationLog must not be accessed before initialization

/home/admin/work/source/php-monorepo/packages/wechat-pay-profit-share-bundle/tests/Entity/ProfitShareOperationLogTest.php:48</error>
      </testcase>
      <testsuite name="Tourze\WechatPayProfitShareBundle\Tests\Entity\ProfitShareOperationLogTest::testSubMchIdGetterSetter" tests="5" assertions="0" errors="5" failures="0" skipped="0" time="0.000495">
        <testcase name="testSubMchIdGetterSetter with data set #0" file="/home/admin/work/source/php-monorepo/packages/wechat-pay-profit-share-bundle/tests/Entity/ProfitShareOperationLogTest.php" line="58" class="Tourze\WechatPayProfitShareBundle\Tests\Entity\ProfitShareOperationLogTest" classname="Tourze.WechatPayProfitShareBundle.Tests.Entity.ProfitShareOperationLogTest" assertions="0" time="0.000109">
          <error type="Error">Tourze\WechatPayProfitShareBundle\Tests\Entity\ProfitShareOperationLogTest::testSubMchIdGetterSetter with data set #0
Error: Typed property Tourze\WechatPayProfitShareBundle\Tests\Entity\ProfitShareOperationLogTest::$profitShareOperationLog must not be accessed before initialization

/home/admin/work/source/php-monorepo/packages/wechat-pay-profit-share-bundle/tests/Entity/ProfitShareOperationLogTest.php:60</error>
        </testcase>
        <testcase name="testSubMchIdGetterSetter with data set #1" file="/home/admin/work/source/php-monorepo/packages/wechat-pay-profit-share-bundle/tests/Entity/ProfitShareOperationLogTest.php" line="58" class="Tourze\WechatPayProfitShareBundle\Tests\Entity\ProfitShareOperationLogTest" classname="Tourze.WechatPayProfitShareBundle.Tests.Entity.ProfitShareOperationLogTest" assertions="0" time="0.000100">
          <error type="Error">Tourze\WechatPayProfitShareBundle\Tests\Entity\ProfitShareOperationLogTest::testSubMchIdGetterSetter with data set #1
Error: Typed property Tourze\WechatPayProfitShareBundle\Tests\Entity\ProfitShareOperationLogTest::$profitShareOperationLog must not be accessed before initialization

/home/admin/work/source/php-monorepo/packages/wechat-pay-profit-share-bundle/tests/Entity/ProfitShareOperationLogTest.php:60</error>
        </testcase>
        <testcase name="testSubMchIdGetterSetter with data set #2" file="/home/admin/work/source/php-monorepo/packages/wechat-pay-profit-share-bundle/tests/Entity/ProfitShareOperationLogTest.php" line="58" class="Tourze\WechatPayProfitShareBundle\Tests\Entity\ProfitShareOperationLogTest" classname="Tourze.WechatPayProfitShareBundle.Tests.Entity.ProfitShareOperationLogTest" assertions="0" time="0.000096">
          <error type="Error">Tourze\WechatPayProfitShareBundle\Tests\Entity\ProfitShareOperationLogTest::testSubMchIdGetterSetter with data set #2
Error: Typed property Tourze\WechatPayProfitShareBundle\Tests\Entity\ProfitShareOperationLogTest::$profitShareOperationLog must not be accessed before initialization

/home/admin/work/source/php-monorepo/packages/wechat-pay-profit-share-bundle/tests/Entity/ProfitShareOperationLogTest.php:60</error>
        </testcase>
        <testcase name="testSubMchIdGetterSetter with data set #3" file="/home/admin/work/source/php-monorepo/packages/wechat-pay-profit-share-bundle/tests/Entity/ProfitShareOperationLogTest.php" line="58" class="Tourze\WechatPayProfitShareBundle\Tests\Entity\ProfitShareOperationLogTest" classname="Tourze.WechatPayProfitShareBundle.Tests.Entity.ProfitShareOperationLogTest" assertions="0" time="0.000096">
          <error type="Error">Tourze\WechatPayProfitShareBundle\Tests\Entity\ProfitShareOperationLogTest::testSubMchIdGetterSetter with data set #3
Error: Typed property Tourze\WechatPayProfitShareBundle\Tests\Entity\ProfitShareOperationLogTest::$profitShareOperationLog must not be accessed before initialization

/home/admin/work/source/php-monorepo/packages/wechat-pay-profit-share-bundle/tests/Entity/ProfitShareOperationLogTest.php:60</error>
        </testcase>
        <testcase name="testSubMchIdGetterSetter with data set #4" file="/home/admin/work/source/php-monorepo/packages/wechat-pay-profit-share-bundle/tests/Entity/ProfitShareOperationLogTest.php" line="58" class="Tourze\WechatPayProfitShareBundle\Tests\Entity\ProfitShareOperationLogTest" classname="Tourze.WechatPayProfitShareBundle.Tests.Entity.ProfitShareOperationLogTest" assertions="0" time="0.000094">
          <error type="Error">Tourze\WechatPayProfitShareBundle\Tests\Entity\ProfitShareOperationLogTest::testSubMchIdGetterSetter with data set #4
Error: Typed property Tourze\WechatPayProfitShareBundle\Tests\Entity\ProfitShareOperationLogTest::$profitShareOperationLog must not be accessed before initialization

/home/admin/work/source/php-monorepo/packages/wechat-pay-profit-share-bundle/tests/Entity/ProfitShareOperationLogTest.php:60</error>
        </testcase>
      </testsuite>
      <testcase name="testTypeGetterSetter" file="/home/admin/work/source/php-monorepo/packages/wechat-pay-profit-share-bundle/tests/Entity/ProfitShareOperationLogTest.php" line="78" class="Tourze\WechatPayProfitShareBundle\Tests\Entity\ProfitShareOperationLogTest" classname="Tourze.WechatPayProfitShareBundle.Tests.Entity.ProfitShareOperationLogTest" assertions="0" time="0.000100">
        <error type="Error">Tourze\WechatPayProfitShareBundle\Tests\Entity\ProfitShareOperationLogTest::testTypeGetterSetter
Error: Typed property Tourze\WechatPayProfitShareBundle\Tests\Entity\ProfitShareOperationLogTest::$profitShareOperationLog must not be accessed before initialization

/home/admin/work/source/php-monorepo/packages/wechat-pay-profit-share-bundle/tests/Entity/ProfitShareOperationLogTest.php:81</error>
      </testcase>
      <testsuite name="Tourze\WechatPayProfitShareBundle\Tests\Entity\ProfitShareOperationLogTest::testSuccessGetterSetter" tests="2" assertions="0" errors="2" failures="0" skipped="0" time="0.000256">
        <testcase name="testSuccessGetterSetter with data set #0" file="/home/admin/work/source/php-monorepo/packages/wechat-pay-profit-share-bundle/tests/Entity/ProfitShareOperationLogTest.php" line="87" class="Tourze\WechatPayProfitShareBundle\Tests\Entity\ProfitShareOperationLogTest" classname="Tourze.WechatPayProfitShareBundle.Tests.Entity.ProfitShareOperationLogTest" assertions="0" time="0.000150">
          <error type="Error">Tourze\WechatPayProfitShareBundle\Tests\Entity\ProfitShareOperationLogTest::testSuccessGetterSetter with data set #0
Error: Typed property Tourze\WechatPayProfitShareBundle\Tests\Entity\ProfitShareOperationLogTest::$profitShareOperationLog must not be accessed before initialization

/home/admin/work/source/php-monorepo/packages/wechat-pay-profit-share-bundle/tests/Entity/ProfitShareOperationLogTest.php:89</error>
        </testcase>
        <testcase name="testSuccessGetterSetter with data set #1" file="/home/admin/work/source/php-monorepo/packages/wechat-pay-profit-share-bundle/tests/Entity/ProfitShareOperationLogTest.php" line="87" class="Tourze\WechatPayProfitShareBundle\Tests\Entity\ProfitShareOperationLogTest" classname="Tourze.WechatPayProfitShareBundle.Tests.Entity.ProfitShareOperationLogTest" assertions="0" time="0.000106">
          <error type="Error">Tourze\WechatPayProfitShareBundle\Tests\Entity\ProfitShareOperationLogTest::testSuccessGetterSetter with data set #1
Error: Typed property Tourze\WechatPayProfitShareBundle\Tests\Entity\ProfitShareOperationLogTest::$profitShareOperationLog must not be accessed before initialization

/home/admin/work/source/php-monorepo/packages/wechat-pay-profit-share-bundle/tests/Entity/ProfitShareOperationLogTest.php:89</error>
        </testcase>
      </testsuite>
      <testsuite name="Tourze\WechatPayProfitShareBundle\Tests\Entity\ProfitShareOperationLogTest::testErrorFieldsGetterSetter" tests="10" assertions="0" errors="10" failures="0" skipped="0" time="0.001235">
        <testcase name="testErrorFieldsGetterSetter with data set #0" file="/home/admin/work/source/php-monorepo/packages/wechat-pay-profit-share-bundle/tests/Entity/ProfitShareOperationLogTest.php" line="106" class="Tourze\WechatPayProfitShareBundle\Tests\Entity\ProfitShareOperationLogTest" classname="Tourze.WechatPayProfitShareBundle.Tests.Entity.ProfitShareOperationLogTest" assertions="0" time="0.000104">
          <error type="Error">Tourze\WechatPayProfitShareBundle\Tests\Entity\ProfitShareOperationLogTest::testErrorFieldsGetterSetter with data set #0
Error: Typed property Tourze\WechatPayProfitShareBundle\Tests\Entity\ProfitShareOperationLogTest::$profitShareOperationLog must not be accessed before initialization

/home/admin/work/source/php-monorepo/packages/wechat-pay-profit-share-bundle/tests/Entity/ProfitShareOperationLogTest.php:110</error>
        </testcase>
        <testcase name="testErrorFieldsGetterSetter with data set #1" file="/home/admin/work/source/php-monorepo/packages/wechat-pay-profit-share-bundle/tests/Entity/ProfitShareOperationLogTest.php" line="106" class="Tourze\WechatPayProfitShareBundle\Tests\Entity\ProfitShareOperationLogTest" classname="Tourze.WechatPayProfitShareBundle.Tests.Entity.ProfitShareOperationLogTest" assertions="0" time="0.000099">
          <error type="Error">Tourze\WechatPayProfitShareBundle\Tests\Entity\ProfitShareOperationLogTest::testErrorFieldsGetterSetter with data set #1
Error: Typed property Tourze\WechatPayProfitShareBundle\Tests\Entity\ProfitShareOperationLogTest::$profitShareOperationLog must not be accessed before initialization

/home/admin/work/source/php-monorepo/packages/wechat-pay-profit-share-bundle/tests/Entity/ProfitShareOperationLogTest.php:110</error>
        </testcase>
        <testcase name="testErrorFieldsGetterSetter with data set #2" file="/home/admin/work/source/php-monorepo/packages/wechat-pay-profit-share-bundle/tests/Entity/ProfitShareOperationLogTest.php" line="106" class="Tourze\WechatPayProfitShareBundle\Tests\Entity\ProfitShareOperationLogTest" classname="Tourze.WechatPayProfitShareBundle.Tests.Entity.ProfitShareOperationLogTest" assertions="0" time="0.000110">
          <error type="Error">Tourze\WechatPayProfitShareBundle\Tests\Entity\ProfitShareOperationLogTest::testErrorFieldsGetterSetter with data set #2
Error: Typed property Tourze\WechatPayProfitShareBundle\Tests\Entity\ProfitShareOperationLogTest::$profitShareOperationLog must not be accessed before initialization

/home/admin/work/source/php-monorepo/packages/wechat-pay-profit-share-bundle/tests/Entity/ProfitShareOperationLogTest.php:110</error>
        </testcase>
        <testcase name="testErrorFieldsGetterSetter with data set #3" file="/home/admin/work/source/php-monorepo/packages/wechat-pay-profit-share-bundle/tests/Entity/ProfitShareOperationLogTest.php" line="106" class="Tourze\WechatPayProfitShareBundle\Tests\Entity\ProfitShareOperationLogTest" classname="Tourze.WechatPayProfitShareBundle.Tests.Entity.ProfitShareOperationLogTest" assertions="0" time="0.000105">
          <error type="Error">Tourze\WechatPayProfitShareBundle\Tests\Entity\ProfitShareOperationLogTest::testErrorFieldsGetterSetter with data set #3
Error: Typed property Tourze\WechatPayProfitShareBundle\Tests\Entity\ProfitShareOperationLogTest::$profitShareOperationLog must not be accessed before initialization

/home/admin/work/source/php-monorepo/packages/wechat-pay-profit-share-bundle/tests/Entity/ProfitShareOperationLogTest.php:110</error>
        </testcase>
        <testcase name="testErrorFieldsGetterSetter with data set #4" file="/home/admin/work/source/php-monorepo/packages/wechat-pay-profit-share-bundle/tests/Entity/ProfitShareOperationLogTest.php" line="106" class="Tourze\WechatPayProfitShareBundle\Tests\Entity\ProfitShareOperationLogTest" classname="Tourze.WechatPayProfitShareBundle.Tests.Entity.ProfitShareOperationLogTest" assertions="0" time="0.000133">
          <error type="Error">Tourze\WechatPayProfitShareBundle\Tests\Entity\ProfitShareOperationLogTest::testErrorFieldsGetterSetter with data set #4
Error: Typed property Tourze\WechatPayProfitShareBundle\Tests\Entity\ProfitShareOperationLogTest::$profitShareOperationLog must not be accessed before initialization

/home/admin/work/source/php-monorepo/packages/wechat-pay-profit-share-bundle/tests/Entity/ProfitShareOperationLogTest.php:110</error>
        </testcase>
        <testcase name="testErrorFieldsGetterSetter with data set #5" file="/home/admin/work/source/php-monorepo/packages/wechat-pay-profit-share-bundle/tests/Entity/ProfitShareOperationLogTest.php" line="106" class="Tourze\WechatPayProfitShareBundle\Tests\Entity\ProfitShareOperationLogTest" classname="Tourze.WechatPayProfitShareBundle.Tests.Entity.ProfitShareOperationLogTest" assertions="0" time="0.000116">
          <error type="Error">Tourze\WechatPayProfitShareBundle\Tests\Entity\ProfitShareOperationLogTest::testErrorFieldsGetterSetter with data set #5
Error: Typed property Tourze\WechatPayProfitShareBundle\Tests\Entity\ProfitShareOperationLogTest::$profitShareOperationLog must not be accessed before initialization

/home/admin/work/source/php-monorepo/packages/wechat-pay-profit-share-bundle/tests/Entity/ProfitShareOperationLogTest.php:114</error>
        </testcase>
        <testcase name="testErrorFieldsGetterSetter with data set #6" file="/home/admin/work/source/php-monorepo/packages/wechat-pay-profit-share-bundle/tests/Entity/ProfitShareOperationLogTest.php" line="106" class="Tourze\WechatPayProfitShareBundle\Tests\Entity\ProfitShareOperationLogTest" classname="Tourze.WechatPayProfitShareBundle.Tests.Entity.ProfitShareOperationLogTest" assertions="0" time="0.000105">
          <error type="Error">Tourze\WechatPayProfitShareBundle\Tests\Entity\ProfitShareOperationLogTest::testErrorFieldsGetterSetter with data set #6
Error: Typed property Tourze\WechatPayProfitShareBundle\Tests\Entity\ProfitShareOperationLogTest::$profitShareOperationLog must not be accessed before initialization

/home/admin/work/source/php-monorepo/packages/wechat-pay-profit-share-bundle/tests/Entity/ProfitShareOperationLogTest.php:114</error>
        </testcase>
        <testcase name="testErrorFieldsGetterSetter with data set #7" file="/home/admin/work/source/php-monorepo/packages/wechat-pay-profit-share-bundle/tests/Entity/ProfitShareOperationLogTest.php" line="106" class="Tourze\WechatPayProfitShareBundle\Tests\Entity\ProfitShareOperationLogTest" classname="Tourze.WechatPayProfitShareBundle.Tests.Entity.ProfitShareOperationLogTest" assertions="0" time="0.000145">
          <error type="Error">Tourze\WechatPayProfitShareBundle\Tests\Entity\ProfitShareOperationLogTest::testErrorFieldsGetterSetter with data set #7
Error: Typed property Tourze\WechatPayProfitShareBundle\Tests\Entity\ProfitShareOperationLogTest::$profitShareOperationLog must not be accessed before initialization

/home/admin/work/source/php-monorepo/packages/wechat-pay-profit-share-bundle/tests/Entity/ProfitShareOperationLogTest.php:114</error>
        </testcase>
        <testcase name="testErrorFieldsGetterSetter with data set #8" file="/home/admin/work/source/php-monorepo/packages/wechat-pay-profit-share-bundle/tests/Entity/ProfitShareOperationLogTest.php" line="106" class="Tourze\WechatPayProfitShareBundle\Tests\Entity\ProfitShareOperationLogTest" classname="Tourze.WechatPayProfitShareBundle.Tests.Entity.ProfitShareOperationLogTest" assertions="0" time="0.000168">
          <error type="Error">Tourze\WechatPayProfitShareBundle\Tests\Entity\ProfitShareOperationLogTest::testErrorFieldsGetterSetter with data set #8
Error: Typed property Tourze\WechatPayProfitShareBundle\Tests\Entity\ProfitShareOperationLogTest::$profitShareOperationLog must not be accessed before initialization

/home/admin/work/source/php-monorepo/packages/wechat-pay-profit-share-bundle/tests/Entity/ProfitShareOperationLogTest.php:114</error>
        </testcase>
        <testcase name="testErrorFieldsGetterSetter with data set #9" file="/home/admin/work/source/php-monorepo/packages/wechat-pay-profit-share-bundle/tests/Entity/ProfitShareOperationLogTest.php" line="106" class="Tourze\WechatPayProfitShareBundle\Tests\Entity\ProfitShareOperationLogTest" classname="Tourze.WechatPayProfitShareBundle.Tests.Entity.ProfitShareOperationLogTest" assertions="0" time="0.000150">
          <error type="Error">Tourze\WechatPayProfitShareBundle\Tests\Entity\ProfitShareOperationLogTest::testErrorFieldsGetterSetter with data set #9
Error: Typed property Tourze\WechatPayProfitShareBundle\Tests\Entity\ProfitShareOperationLogTest::$profitShareOperationLog must not be accessed before initialization

/home/admin/work/source/php-monorepo/packages/wechat-pay-profit-share-bundle/tests/Entity/ProfitShareOperationLogTest.php:114</error>
        </testcase>
      </testsuite>
      <testsuite name="Tourze\WechatPayProfitShareBundle\Tests\Entity\ProfitShareOperationLogTest::testPayloadFieldsGetterSetter" tests="6" assertions="0" errors="6" failures="0" skipped="0" time="0.000699">
        <testcase name="testPayloadFieldsGetterSetter with data set #0" file="/home/admin/work/source/php-monorepo/packages/wechat-pay-profit-share-bundle/tests/Entity/ProfitShareOperationLogTest.php" line="140" class="Tourze\WechatPayProfitShareBundle\Tests\Entity\ProfitShareOperationLogTest" classname="Tourze.WechatPayProfitShareBundle.Tests.Entity.ProfitShareOperationLogTest" assertions="0" time="0.000146">
          <error type="Error">Tourze\WechatPayProfitShareBundle\Tests\Entity\ProfitShareOperationLogTest::testPayloadFieldsGetterSetter with data set #0
Error: Typed property Tourze\WechatPayProfitShareBundle\Tests\Entity\ProfitShareOperationLogTest::$profitShareOperationLog must not be accessed before initialization

/home/admin/work/source/php-monorepo/packages/wechat-pay-profit-share-bundle/tests/Entity/ProfitShareOperationLogTest.php:144</error>
        </testcase>
        <testcase name="testPayloadFieldsGetterSetter with data set #1" file="/home/admin/work/source/php-monorepo/packages/wechat-pay-profit-share-bundle/tests/Entity/ProfitShareOperationLogTest.php" line="140" class="Tourze\WechatPayProfitShareBundle\Tests\Entity\ProfitShareOperationLogTest" classname="Tourze.WechatPayProfitShareBundle.Tests.Entity.ProfitShareOperationLogTest" assertions="0" time="0.000128">
          <error type="Error">Tourze\WechatPayProfitShareBundle\Tests\Entity\ProfitShareOperationLogTest::testPayloadFieldsGetterSetter with data set #1
Error: Typed property Tourze\WechatPayProfitShareBundle\Tests\Entity\ProfitShareOperationLogTest::$profitShareOperationLog must not be accessed before initialization

/home/admin/work/source/php-monorepo/packages/wechat-pay-profit-share-bundle/tests/Entity/ProfitShareOperationLogTest.php:144</error>
        </testcase>
        <testcase name="testPayloadFieldsGetterSetter with data set #2" file="/home/admin/work/source/php-monorepo/packages/wechat-pay-profit-share-bundle/tests/Entity/ProfitShareOperationLogTest.php" line="140" class="Tourze\WechatPayProfitShareBundle\Tests\Entity\ProfitShareOperationLogTest" classname="Tourze.WechatPayProfitShareBundle.Tests.Entity.ProfitShareOperationLogTest" assertions="0" time="0.000113">
          <error type="Error">Tourze\WechatPayProfitShareBundle\Tests\Entity\ProfitShareOperationLogTest::testPayloadFieldsGetterSetter with data set #2
Error: Typed property Tourze\WechatPayProfitShareBundle\Tests\Entity\ProfitShareOperationLogTest::$profitShareOperationLog must not be accessed before initialization

/home/admin/work/source/php-monorepo/packages/wechat-pay-profit-share-bundle/tests/Entity/ProfitShareOperationLogTest.php:144</error>
        </testcase>
        <testcase name="testPayloadFieldsGetterSetter with data set #3" file="/home/admin/work/source/php-monorepo/packages/wechat-pay-profit-share-bundle/tests/Entity/ProfitShareOperationLogTest.php" line="140" class="Tourze\WechatPayProfitShareBundle\Tests\Entity\ProfitShareOperationLogTest" classname="Tourze.WechatPayProfitShareBundle.Tests.Entity.ProfitShareOperationLogTest" assertions="0" time="0.000109">
          <error type="Error">Tourze\WechatPayProfitShareBundle\Tests\Entity\ProfitShareOperationLogTest::testPayloadFieldsGetterSetter with data set #3
Error: Typed property Tourze\WechatPayProfitShareBundle\Tests\Entity\ProfitShareOperationLogTest::$profitShareOperationLog must not be accessed before initialization

/home/admin/work/source/php-monorepo/packages/wechat-pay-profit-share-bundle/tests/Entity/ProfitShareOperationLogTest.php:148</error>
        </testcase>
        <testcase name="testPayloadFieldsGetterSetter with data set #4" file="/home/admin/work/source/php-monorepo/packages/wechat-pay-profit-share-bundle/tests/Entity/ProfitShareOperationLogTest.php" line="140" class="Tourze\WechatPayProfitShareBundle\Tests\Entity\ProfitShareOperationLogTest" classname="Tourze.WechatPayProfitShareBundle.Tests.Entity.ProfitShareOperationLogTest" assertions="0" time="0.000100">
          <error type="Error">Tourze\WechatPayProfitShareBundle\Tests\Entity\ProfitShareOperationLogTest::testPayloadFieldsGetterSetter with data set #4
Error: Typed property Tourze\WechatPayProfitShareBundle\Tests\Entity\ProfitShareOperationLogTest::$profitShareOperationLog must not be accessed before initialization

/home/admin/work/source/php-monorepo/packages/wechat-pay-profit-share-bundle/tests/Entity/ProfitShareOperationLogTest.php:148</error>
        </testcase>
        <testcase name="testPayloadFieldsGetterSetter with data set #5" file="/home/admin/work/source/php-monorepo/packages/wechat-pay-profit-share-bundle/tests/Entity/ProfitShareOperationLogTest.php" line="140" class="Tourze\WechatPayProfitShareBundle\Tests\Entity\ProfitShareOperationLogTest" classname="Tourze.WechatPayProfitShareBundle.Tests.Entity.ProfitShareOperationLogTest" assertions="0" time="0.000104">
          <error type="Error">Tourze\WechatPayProfitShareBundle\Tests\Entity\ProfitShareOperationLogTest::testPayloadFieldsGetterSetter with data set #5
Error: Typed property Tourze\WechatPayProfitShareBundle\Tests\Entity\ProfitShareOperationLogTest::$profitShareOperationLog must not be accessed before initialization

/home/admin/work/source/php-monorepo/packages/wechat-pay-profit-share-bundle/tests/Entity/ProfitShareOperationLogTest.php:148</error>
        </testcase>
      </testsuite>
      <testsuite name="Tourze\WechatPayProfitShareBundle\Tests\Entity\ProfitShareOperationLogTest::testMetadataGetterSetter" tests="6" assertions="0" errors="6" failures="0" skipped="0" time="0.000619">
        <testcase name="testMetadataGetterSetter with data set #0" file="/home/admin/work/source/php-monorepo/packages/wechat-pay-profit-share-bundle/tests/Entity/ProfitShareOperationLogTest.php" line="170" class="Tourze\WechatPayProfitShareBundle\Tests\Entity\ProfitShareOperationLogTest" classname="Tourze.WechatPayProfitShareBundle.Tests.Entity.ProfitShareOperationLogTest" assertions="0" time="0.000099">
          <error type="Error">Tourze\WechatPayProfitShareBundle\Tests\Entity\ProfitShareOperationLogTest::testMetadataGetterSetter with data set #0
Error: Typed property Tourze\WechatPayProfitShareBundle\Tests\Entity\ProfitShareOperationLogTest::$profitShareOperationLog must not be accessed before initialization

/home/admin/work/source/php-monorepo/packages/wechat-pay-profit-share-bundle/tests/Entity/ProfitShareOperationLogTest.php:172</error>
        </testcase>
        <testcase name="testMetadataGetterSetter with data set #1" file="/home/admin/work/source/php-monorepo/packages/wechat-pay-profit-share-bundle/tests/Entity/ProfitShareOperationLogTest.php" line="170" class="Tourze\WechatPayProfitShareBundle\Tests\Entity\ProfitShareOperationLogTest" classname="Tourze.WechatPayProfitShareBundle.Tests.Entity.ProfitShareOperationLogTest" assertions="0" time="0.000098">
          <error type="Error">Tourze\WechatPayProfitShareBundle\Tests\Entity\ProfitShareOperationLogTest::testMetadataGetterSetter with data set #1
Error: Typed property Tourze\WechatPayProfitShareBundle\Tests\Entity\ProfitShareOperationLogTest::$profitShareOperationLog must not be accessed before initialization

/home/admin/work/source/php-monorepo/packages/wechat-pay-profit-share-bundle/tests/Entity/ProfitShareOperationLogTest.php:172</error>
        </testcase>
        <testcase name="testMetadataGetterSetter with data set #2" file="/home/admin/work/source/php-monorepo/packages/wechat-pay-profit-share-bundle/tests/Entity/ProfitShareOperationLogTest.php" line="170" class="Tourze\WechatPayProfitShareBundle\Tests\Entity\ProfitShareOperationLogTest" classname="Tourze.WechatPayProfitShareBundle.Tests.Entity.ProfitShareOperationLogTest" assertions="0" time="0.000106">
          <error type="Error">Tourze\WechatPayProfitShareBundle\Tests\Entity\ProfitShareOperationLogTest::testMetadataGetterSetter with data set #2
Error: Typed property Tourze\WechatPayProfitShareBundle\Tests\Entity\ProfitShareOperationLogTest::$profitShareOperationLog must not be accessed before initialization

/home/admin/work/source/php-monorepo/packages/wechat-pay-profit-share-bundle/tests/Entity/ProfitShareOperationLogTest.php:172</error>
        </testcase>
        <testcase name="testMetadataGetterSetter with data set #3" file="/home/admin/work/source/php-monorepo/packages/wechat-pay-profit-share-bundle/tests/Entity/ProfitShareOperationLogTest.php" line="170" class="Tourze\WechatPayProfitShareBundle\Tests\Entity\ProfitShareOperationLogTest" classname="Tourze.WechatPayProfitShareBundle.Tests.Entity.ProfitShareOperationLogTest" assertions="0" time="0.000112">
          <error type="Error">Tourze\WechatPayProfitShareBundle\Tests\Entity\ProfitShareOperationLogTest::testMetadataGetterSetter with data set #3
Error: Typed property Tourze\WechatPayProfitShareBundle\Tests\Entity\ProfitShareOperationLogTest::$profitShareOperationLog must not be accessed before initialization

/home/admin/work/source/php-monorepo/packages/wechat-pay-profit-share-bundle/tests/Entity/ProfitShareOperationLogTest.php:172</error>
        </testcase>
        <testcase name="testMetadataGetterSetter with data set #4" file="/home/admin/work/source/php-monorepo/packages/wechat-pay-profit-share-bundle/tests/Entity/ProfitShareOperationLogTest.php" line="170" class="Tourze\WechatPayProfitShareBundle\Tests\Entity\ProfitShareOperationLogTest" classname="Tourze.WechatPayProfitShareBundle.Tests.Entity.ProfitShareOperationLogTest" assertions="0" time="0.000102">
          <error type="Error">Tourze\WechatPayProfitShareBundle\Tests\Entity\ProfitShareOperationLogTest::testMetadataGetterSetter with data set #4
Error: Typed property Tourze\WechatPayProfitShareBundle\Tests\Entity\ProfitShareOperationLogTest::$profitShareOperationLog must not be accessed before initialization

/home/admin/work/source/php-monorepo/packages/wechat-pay-profit-share-bundle/tests/Entity/ProfitShareOperationLogTest.php:172</error>
        </testcase>
        <testcase name="testMetadataGetterSetter with data set #5" file="/home/admin/work/source/php-monorepo/packages/wechat-pay-profit-share-bundle/tests/Entity/ProfitShareOperationLogTest.php" line="170" class="Tourze\WechatPayProfitShareBundle\Tests\Entity\ProfitShareOperationLogTest" classname="Tourze.WechatPayProfitShareBundle.Tests.Entity.ProfitShareOperationLogTest" assertions="0" time="0.000103">
          <error type="Error">Tourze\WechatPayProfitShareBundle\Tests\Entity\ProfitShareOperationLogTest::testMetadataGetterSetter with data set #5
Error: Typed property Tourze\WechatPayProfitShareBundle\Tests\Entity\ProfitShareOperationLogTest::$profitShareOperationLog must not be accessed before initialization

/home/admin/work/source/php-monorepo/packages/wechat-pay-profit-share-bundle/tests/Entity/ProfitShareOperationLogTest.php:172</error>
        </testcase>
      </testsuite>
      <testcase name="testTimestampGetters" file="/home/admin/work/source/php-monorepo/packages/wechat-pay-profit-share-bundle/tests/Entity/ProfitShareOperationLogTest.php" line="191" class="Tourze\WechatPayProfitShareBundle\Tests\Entity\ProfitShareOperationLogTest" classname="Tourze.WechatPayProfitShareBundle.Tests.Entity.ProfitShareOperationLogTest" assertions="0" time="0.000087">
        <error type="Error">Tourze\WechatPayProfitShareBundle\Tests\Entity\ProfitShareOperationLogTest::testTimestampGetters
Error: Typed property Tourze\WechatPayProfitShareBundle\Tests\Entity\ProfitShareOperationLogTest::$profitShareOperationLog must not be accessed before initialization

/home/admin/work/source/php-monorepo/packages/wechat-pay-profit-share-bundle/tests/Entity/ProfitShareOperationLogTest.php:194</error>
      </testcase>
      <testcase name="testToString" file="/home/admin/work/source/php-monorepo/packages/wechat-pay-profit-share-bundle/tests/Entity/ProfitShareOperationLogTest.php" line="202" class="Tourze\WechatPayProfitShareBundle\Tests\Entity\ProfitShareOperationLogTest" classname="Tourze.WechatPayProfitShareBundle.Tests.Entity.ProfitShareOperationLogTest" assertions="0" time="0.000079">
        <error type="Error">Tourze\WechatPayProfitShareBundle\Tests\Entity\ProfitShareOperationLogTest::testToString
Error: Typed property Tourze\WechatPayProfitShareBundle\Tests\Entity\ProfitShareOperationLogTest::$profitShareOperationLog must not be accessed before initialization

/home/admin/work/source/php-monorepo/packages/wechat-pay-profit-share-bundle/tests/Entity/ProfitShareOperationLogTest.php:205</error>
      </testcase>
      <testcase name="testStringableImplementation" file="/home/admin/work/source/php-monorepo/packages/wechat-pay-profit-share-bundle/tests/Entity/ProfitShareOperationLogTest.php" line="216" class="Tourze\WechatPayProfitShareBundle\Tests\Entity\ProfitShareOperationLogTest" classname="Tourze.WechatPayProfitShareBundle.Tests.Entity.ProfitShareOperationLogTest" assertions="0" time="0.000085">
        <error type="Error">Tourze\WechatPayProfitShareBundle\Tests\Entity\ProfitShareOperationLogTest::testStringableImplementation
Error: Typed property Tourze\WechatPayProfitShareBundle\Tests\Entity\ProfitShareOperationLogTest::$profitShareOperationLog must not be accessed before initialization

/home/admin/work/source/php-monorepo/packages/wechat-pay-profit-share-bundle/tests/Entity/ProfitShareOperationLogTest.php:218</error>
      </testcase>
      <testcase name="testSuccessfulOperationLog" file="/home/admin/work/source/php-monorepo/packages/wechat-pay-profit-share-bundle/tests/Entity/ProfitShareOperationLogTest.php" line="222" class="Tourze\WechatPayProfitShareBundle\Tests\Entity\ProfitShareOperationLogTest" classname="Tourze.WechatPayProfitShareBundle.Tests.Entity.ProfitShareOperationLogTest" assertions="0" time="0.000108">
        <error type="Error">Tourze\WechatPayProfitShareBundle\Tests\Entity\ProfitShareOperationLogTest::testSuccessfulOperationLog
Error: Typed property Tourze\WechatPayProfitShareBundle\Tests\Entity\ProfitShareOperationLogTest::$profitShareOperationLog must not be accessed before initialization

/home/admin/work/source/php-monorepo/packages/wechat-pay-profit-share-bundle/tests/Entity/ProfitShareOperationLogTest.php:227</error>
      </testcase>
      <testcase name="testFailedOperationLog" file="/home/admin/work/source/php-monorepo/packages/wechat-pay-profit-share-bundle/tests/Entity/ProfitShareOperationLogTest.php" line="243" class="Tourze\WechatPayProfitShareBundle\Tests\Entity\ProfitShareOperationLogTest" classname="Tourze.WechatPayProfitShareBundle.Tests.Entity.ProfitShareOperationLogTest" assertions="0" time="0.000092">
        <error type="Error">Tourze\WechatPayProfitShareBundle\Tests\Entity\ProfitShareOperationLogTest::testFailedOperationLog
Error: Typed property Tourze\WechatPayProfitShareBundle\Tests\Entity\ProfitShareOperationLogTest::$profitShareOperationLog must not be accessed before initialization

/home/admin/work/source/php-monorepo/packages/wechat-pay-profit-share-bundle/tests/Entity/ProfitShareOperationLogTest.php:248</error>
      </testcase>
      <testcase name="testAllOperationTypes" file="/home/admin/work/source/php-monorepo/packages/wechat-pay-profit-share-bundle/tests/Entity/ProfitShareOperationLogTest.php" line="266" class="Tourze\WechatPayProfitShareBundle\Tests\Entity\ProfitShareOperationLogTest" classname="Tourze.WechatPayProfitShareBundle.Tests.Entity.ProfitShareOperationLogTest" assertions="0" time="0.000094">
        <error type="Error">Tourze\WechatPayProfitShareBundle\Tests\Entity\ProfitShareOperationLogTest::testAllOperationTypes
Error: Typed property Tourze\WechatPayProfitShareBundle\Tests\Entity\ProfitShareOperationLogTest::$profitShareOperationLog must not be accessed before initialization

/home/admin/work/source/php-monorepo/packages/wechat-pay-profit-share-bundle/tests/Entity/ProfitShareOperationLogTest.php:284</error>
      </testcase>
      <testcase name="testComplexOperationWorkflow" file="/home/admin/work/source/php-monorepo/packages/wechat-pay-profit-share-bundle/tests/Entity/ProfitShareOperationLogTest.php" line="290" class="Tourze\WechatPayProfitShareBundle\Tests\Entity\ProfitShareOperationLogTest" classname="Tourze.WechatPayProfitShareBundle.Tests.Entity.ProfitShareOperationLogTest" assertions="7" time="0.000265"/>
    </testsuite>
    <testsuite name="Tourze\WechatPayProfitShareBundle\Tests\Entity\ProfitShareOrderTest" file="/home/admin/work/source/php-monorepo/packages/wechat-pay-profit-share-bundle/tests/Entity/ProfitShareOrderTest.php" tests="48" assertions="10" errors="43" failures="0" skipped="0" time="0.007966">
      <testcase name="testShouldNotHaveRunTestsInSeparateProcesses" file="/home/admin/work/source/php-monorepo/packages/phpunit-doctrine-entity/src/AbstractEntityTestCase.php" line="28" class="Tourze\WechatPayProfitShareBundle\Tests\Entity\ProfitShareOrderTest" classname="Tourze.WechatPayProfitShareBundle.Tests.Entity.ProfitShareOrderTest" assertions="1" time="0.000087"/>
      <testcase name="testIsEntityClass" file="/home/admin/work/source/php-monorepo/packages/phpunit-doctrine-entity/src/AbstractEntityTestCase.php" line="38" class="Tourze\WechatPayProfitShareBundle\Tests\Entity\ProfitShareOrderTest" classname="Tourze.WechatPayProfitShareBundle.Tests.Entity.ProfitShareOrderTest" assertions="3" time="0.000063"/>
      <testcase name="testDisallowUseMultipleCoversClass" file="/home/admin/work/source/php-monorepo/packages/phpunit-doctrine-entity/src/AbstractEntityTestCase.php" line="52" class="Tourze\WechatPayProfitShareBundle\Tests\Entity\ProfitShareOrderTest" classname="Tourze.WechatPayProfitShareBundle.Tests.Entity.ProfitShareOrderTest" assertions="1" time="0.000058"/>
      <testcase name="preferUseIndexColumnAttributeToDefineIndexWhenOnlyOneColumn" file="/home/admin/work/source/php-monorepo/packages/phpunit-doctrine-entity/src/AbstractEntityTestCase.php" line="114" class="Tourze\WechatPayProfitShareBundle\Tests\Entity\ProfitShareOrderTest" classname="Tourze.WechatPayProfitShareBundle.Tests.Entity.ProfitShareOrderTest" assertions="3" time="0.000084"/>
      <testcase name="testEntityInitialization" file="/home/admin/work/source/php-monorepo/packages/wechat-pay-profit-share-bundle/tests/Entity/ProfitShareOrderTest.php" line="33" class="Tourze\WechatPayProfitShareBundle\Tests\Entity\ProfitShareOrderTest" classname="Tourze.WechatPayProfitShareBundle.Tests.Entity.ProfitShareOrderTest" assertions="0" time="0.000095">
        <error type="Error">Tourze\WechatPayProfitShareBundle\Tests\Entity\ProfitShareOrderTest::testEntityInitialization
Error: Typed property Tourze\WechatPayProfitShareBundle\Tests\Entity\ProfitShareOrderTest::$profitShareOrder must not be accessed before initialization

/home/admin/work/source/php-monorepo/packages/wechat-pay-profit-share-bundle/tests/Entity/ProfitShareOrderTest.php:35</error>
      </testcase>
      <testcase name="testConstructor" file="/home/admin/work/source/php-monorepo/packages/wechat-pay-profit-share-bundle/tests/Entity/ProfitShareOrderTest.php" line="52" class="Tourze\WechatPayProfitShareBundle\Tests\Entity\ProfitShareOrderTest" classname="Tourze.WechatPayProfitShareBundle.Tests.Entity.ProfitShareOrderTest" assertions="2" time="0.000533"/>
      <testcase name="testMerchantGetterSetter" file="/home/admin/work/source/php-monorepo/packages/wechat-pay-profit-share-bundle/tests/Entity/ProfitShareOrderTest.php" line="59" class="Tourze\WechatPayProfitShareBundle\Tests\Entity\ProfitShareOrderTest" classname="Tourze.WechatPayProfitShareBundle.Tests.Entity.ProfitShareOrderTest" assertions="0" time="0.000115">
        <error type="Error">Tourze\WechatPayProfitShareBundle\Tests\Entity\ProfitShareOrderTest::testMerchantGetterSetter
Error: Typed property Tourze\WechatPayProfitShareBundle\Tests\Entity\ProfitShareOrderTest::$profitShareOrder must not be accessed before initialization

/home/admin/work/source/php-monorepo/packages/wechat-pay-profit-share-bundle/tests/Entity/ProfitShareOrderTest.php:63</error>
      </testcase>
      <testsuite name="Tourze\WechatPayProfitShareBundle\Tests\Entity\ProfitShareOrderTest::testRequiredStringFieldsGetterSetter" tests="6" assertions="0" errors="6" failures="0" skipped="0" time="0.000640">
        <testcase name="testRequiredStringFieldsGetterSetter with data set #0" file="/home/admin/work/source/php-monorepo/packages/wechat-pay-profit-share-bundle/tests/Entity/ProfitShareOrderTest.php" line="73" class="Tourze\WechatPayProfitShareBundle\Tests\Entity\ProfitShareOrderTest" classname="Tourze.WechatPayProfitShareBundle.Tests.Entity.ProfitShareOrderTest" assertions="0" time="0.000129">
          <error type="Error">Tourze\WechatPayProfitShareBundle\Tests\Entity\ProfitShareOrderTest::testRequiredStringFieldsGetterSetter with data set #0
Error: Typed property Tourze\WechatPayProfitShareBundle\Tests\Entity\ProfitShareOrderTest::$profitShareOrder must not be accessed before initialization

/home/admin/work/source/php-monorepo/packages/wechat-pay-profit-share-bundle/tests/Entity/ProfitShareOrderTest.php:77</error>
        </testcase>
        <testcase name="testRequiredStringFieldsGetterSetter with data set #1" file="/home/admin/work/source/php-monorepo/packages/wechat-pay-profit-share-bundle/tests/Entity/ProfitShareOrderTest.php" line="73" class="Tourze\WechatPayProfitShareBundle\Tests\Entity\ProfitShareOrderTest" classname="Tourze.WechatPayProfitShareBundle.Tests.Entity.ProfitShareOrderTest" assertions="0" time="0.000107">
          <error type="Error">Tourze\WechatPayProfitShareBundle\Tests\Entity\ProfitShareOrderTest::testRequiredStringFieldsGetterSetter with data set #1
Error: Typed property Tourze\WechatPayProfitShareBundle\Tests\Entity\ProfitShareOrderTest::$profitShareOrder must not be accessed before initialization

/home/admin/work/source/php-monorepo/packages/wechat-pay-profit-share-bundle/tests/Entity/ProfitShareOrderTest.php:77</error>
        </testcase>
        <testcase name="testRequiredStringFieldsGetterSetter with data set #2" file="/home/admin/work/source/php-monorepo/packages/wechat-pay-profit-share-bundle/tests/Entity/ProfitShareOrderTest.php" line="73" class="Tourze\WechatPayProfitShareBundle\Tests\Entity\ProfitShareOrderTest" classname="Tourze.WechatPayProfitShareBundle.Tests.Entity.ProfitShareOrderTest" assertions="0" time="0.000102">
          <error type="Error">Tourze\WechatPayProfitShareBundle\Tests\Entity\ProfitShareOrderTest::testRequiredStringFieldsGetterSetter with data set #2
Error: Typed property Tourze\WechatPayProfitShareBundle\Tests\Entity\ProfitShareOrderTest::$profitShareOrder must not be accessed before initialization

/home/admin/work/source/php-monorepo/packages/wechat-pay-profit-share-bundle/tests/Entity/ProfitShareOrderTest.php:81</error>
        </testcase>
        <testcase name="testRequiredStringFieldsGetterSetter with data set #3" file="/home/admin/work/source/php-monorepo/packages/wechat-pay-profit-share-bundle/tests/Entity/ProfitShareOrderTest.php" line="73" class="Tourze\WechatPayProfitShareBundle\Tests\Entity\ProfitShareOrderTest" classname="Tourze.WechatPayProfitShareBundle.Tests.Entity.ProfitShareOrderTest" assertions="0" time="0.000100">
          <error type="Error">Tourze\WechatPayProfitShareBundle\Tests\Entity\ProfitShareOrderTest::testRequiredStringFieldsGetterSetter with data set #3
Error: Typed property Tourze\WechatPayProfitShareBundle\Tests\Entity\ProfitShareOrderTest::$profitShareOrder must not be accessed before initialization

/home/admin/work/source/php-monorepo/packages/wechat-pay-profit-share-bundle/tests/Entity/ProfitShareOrderTest.php:81</error>
        </testcase>
        <testcase name="testRequiredStringFieldsGetterSetter with data set #4" file="/home/admin/work/source/php-monorepo/packages/wechat-pay-profit-share-bundle/tests/Entity/ProfitShareOrderTest.php" line="73" class="Tourze\WechatPayProfitShareBundle\Tests\Entity\ProfitShareOrderTest" classname="Tourze.WechatPayProfitShareBundle.Tests.Entity.ProfitShareOrderTest" assertions="0" time="0.000100">
          <error type="Error">Tourze\WechatPayProfitShareBundle\Tests\Entity\ProfitShareOrderTest::testRequiredStringFieldsGetterSetter with data set #4
Error: Typed property Tourze\WechatPayProfitShareBundle\Tests\Entity\ProfitShareOrderTest::$profitShareOrder must not be accessed before initialization

/home/admin/work/source/php-monorepo/packages/wechat-pay-profit-share-bundle/tests/Entity/ProfitShareOrderTest.php:85</error>
        </testcase>
        <testcase name="testRequiredStringFieldsGetterSetter with data set #5" file="/home/admin/work/source/php-monorepo/packages/wechat-pay-profit-share-bundle/tests/Entity/ProfitShareOrderTest.php" line="73" class="Tourze\WechatPayProfitShareBundle\Tests\Entity\ProfitShareOrderTest" classname="Tourze.WechatPayProfitShareBundle.Tests.Entity.ProfitShareOrderTest" assertions="0" time="0.000103">
          <error type="Error">Tourze\WechatPayProfitShareBundle\Tests\Entity\ProfitShareOrderTest::testRequiredStringFieldsGetterSetter with data set #5
Error: Typed property Tourze\WechatPayProfitShareBundle\Tests\Entity\ProfitShareOrderTest::$profitShareOrder must not be accessed before initialization

/home/admin/work/source/php-monorepo/packages/wechat-pay-profit-share-bundle/tests/Entity/ProfitShareOrderTest.php:85</error>
        </testcase>
      </testsuite>
      <testsuite name="Tourze\WechatPayProfitShareBundle\Tests\Entity\ProfitShareOrderTest::testOptionalStringFieldsGetterSetter" tests="9" assertions="0" errors="9" failures="0" skipped="0" time="0.000902">
        <testcase name="testOptionalStringFieldsGetterSetter with data set #0" file="/home/admin/work/source/php-monorepo/packages/wechat-pay-profit-share-bundle/tests/Entity/ProfitShareOrderTest.php" line="107" class="Tourze\WechatPayProfitShareBundle\Tests\Entity\ProfitShareOrderTest" classname="Tourze.WechatPayProfitShareBundle.Tests.Entity.ProfitShareOrderTest" assertions="0" time="0.000105">
          <error type="Error">Tourze\WechatPayProfitShareBundle\Tests\Entity\ProfitShareOrderTest::testOptionalStringFieldsGetterSetter with data set #0
Error: Typed property Tourze\WechatPayProfitShareBundle\Tests\Entity\ProfitShareOrderTest::$profitShareOrder must not be accessed before initialization

/home/admin/work/source/php-monorepo/packages/wechat-pay-profit-share-bundle/tests/Entity/ProfitShareOrderTest.php:111</error>
        </testcase>
        <testcase name="testOptionalStringFieldsGetterSetter with data set #1" file="/home/admin/work/source/php-monorepo/packages/wechat-pay-profit-share-bundle/tests/Entity/ProfitShareOrderTest.php" line="107" class="Tourze\WechatPayProfitShareBundle\Tests\Entity\ProfitShareOrderTest" classname="Tourze.WechatPayProfitShareBundle.Tests.Entity.ProfitShareOrderTest" assertions="0" time="0.000099">
          <error type="Error">Tourze\WechatPayProfitShareBundle\Tests\Entity\ProfitShareOrderTest::testOptionalStringFieldsGetterSetter with data set #1
Error: Typed property Tourze\WechatPayProfitShareBundle\Tests\Entity\ProfitShareOrderTest::$profitShareOrder must not be accessed before initialization

/home/admin/work/source/php-monorepo/packages/wechat-pay-profit-share-bundle/tests/Entity/ProfitShareOrderTest.php:111</error>
        </testcase>
        <testcase name="testOptionalStringFieldsGetterSetter with data set #2" file="/home/admin/work/source/php-monorepo/packages/wechat-pay-profit-share-bundle/tests/Entity/ProfitShareOrderTest.php" line="107" class="Tourze\WechatPayProfitShareBundle\Tests\Entity\ProfitShareOrderTest" classname="Tourze.WechatPayProfitShareBundle.Tests.Entity.ProfitShareOrderTest" assertions="0" time="0.000107">
          <error type="Error">Tourze\WechatPayProfitShareBundle\Tests\Entity\ProfitShareOrderTest::testOptionalStringFieldsGetterSetter with data set #2
Error: Typed property Tourze\WechatPayProfitShareBundle\Tests\Entity\ProfitShareOrderTest::$profitShareOrder must not be accessed before initialization

/home/admin/work/source/php-monorepo/packages/wechat-pay-profit-share-bundle/tests/Entity/ProfitShareOrderTest.php:111</error>
        </testcase>
        <testcase name="testOptionalStringFieldsGetterSetter with data set #3" file="/home/admin/work/source/php-monorepo/packages/wechat-pay-profit-share-bundle/tests/Entity/ProfitShareOrderTest.php" line="107" class="Tourze\WechatPayProfitShareBundle\Tests\Entity\ProfitShareOrderTest" classname="Tourze.WechatPayProfitShareBundle.Tests.Entity.ProfitShareOrderTest" assertions="0" time="0.000098">
          <error type="Error">Tourze\WechatPayProfitShareBundle\Tests\Entity\ProfitShareOrderTest::testOptionalStringFieldsGetterSetter with data set #3
Error: Typed property Tourze\WechatPayProfitShareBundle\Tests\Entity\ProfitShareOrderTest::$profitShareOrder must not be accessed before initialization

/home/admin/work/source/php-monorepo/packages/wechat-pay-profit-share-bundle/tests/Entity/ProfitShareOrderTest.php:115</error>
        </testcase>
        <testcase name="testOptionalStringFieldsGetterSetter with data set #4" file="/home/admin/work/source/php-monorepo/packages/wechat-pay-profit-share-bundle/tests/Entity/ProfitShareOrderTest.php" line="107" class="Tourze\WechatPayProfitShareBundle\Tests\Entity\ProfitShareOrderTest" classname="Tourze.WechatPayProfitShareBundle.Tests.Entity.ProfitShareOrderTest" assertions="0" time="0.000098">
          <error type="Error">Tourze\WechatPayProfitShareBundle\Tests\Entity\ProfitShareOrderTest::testOptionalStringFieldsGetterSetter with data set #4
Error: Typed property Tourze\WechatPayProfitShareBundle\Tests\Entity\ProfitShareOrderTest::$profitShareOrder must not be accessed before initialization

/home/admin/work/source/php-monorepo/packages/wechat-pay-profit-share-bundle/tests/Entity/ProfitShareOrderTest.php:115</error>
        </testcase>
        <testcase name="testOptionalStringFieldsGetterSetter with data set #5" file="/home/admin/work/source/php-monorepo/packages/wechat-pay-profit-share-bundle/tests/Entity/ProfitShareOrderTest.php" line="107" class="Tourze\WechatPayProfitShareBundle\Tests\Entity\ProfitShareOrderTest" classname="Tourze.WechatPayProfitShareBundle.Tests.Entity.ProfitShareOrderTest" assertions="0" time="0.000099">
          <error type="Error">Tourze\WechatPayProfitShareBundle\Tests\Entity\ProfitShareOrderTest::testOptionalStringFieldsGetterSetter with data set #5
Error: Typed property Tourze\WechatPayProfitShareBundle\Tests\Entity\ProfitShareOrderTest::$profitShareOrder must not be accessed before initialization

/home/admin/work/source/php-monorepo/packages/wechat-pay-profit-share-bundle/tests/Entity/ProfitShareOrderTest.php:115</error>
        </testcase>
        <testcase name="testOptionalStringFieldsGetterSetter with data set #6" file="/home/admin/work/source/php-monorepo/packages/wechat-pay-profit-share-bundle/tests/Entity/ProfitShareOrderTest.php" line="107" class="Tourze\WechatPayProfitShareBundle\Tests\Entity\ProfitShareOrderTest" classname="Tourze.WechatPayProfitShareBundle.Tests.Entity.ProfitShareOrderTest" assertions="0" time="0.000099">
          <error type="Error">Tourze\WechatPayProfitShareBundle\Tests\Entity\ProfitShareOrderTest::testOptionalStringFieldsGetterSetter with data set #6
Error: Typed property Tourze\WechatPayProfitShareBundle\Tests\Entity\ProfitShareOrderTest::$profitShareOrder must not be accessed before initialization

/home/admin/work/source/php-monorepo/packages/wechat-pay-profit-share-bundle/tests/Entity/ProfitShareOrderTest.php:119</error>
        </testcase>
        <testcase name="testOptionalStringFieldsGetterSetter with data set #7" file="/home/admin/work/source/php-monorepo/packages/wechat-pay-profit-share-bundle/tests/Entity/ProfitShareOrderTest.php" line="107" class="Tourze\WechatPayProfitShareBundle\Tests\Entity\ProfitShareOrderTest" classname="Tourze.WechatPayProfitShareBundle.Tests.Entity.ProfitShareOrderTest" assertions="0" time="0.000098">
          <error type="Error">Tourze\WechatPayProfitShareBundle\Tests\Entity\ProfitShareOrderTest::testOptionalStringFieldsGetterSetter with data set #7
Error: Typed property Tourze\WechatPayProfitShareBundle\Tests\Entity\ProfitShareOrderTest::$profitShareOrder must not be accessed before initialization

/home/admin/work/source/php-monorepo/packages/wechat-pay-profit-share-bundle/tests/Entity/ProfitShareOrderTest.php:119</error>
        </testcase>
        <testcase name="testOptionalStringFieldsGetterSetter with data set #8" file="/home/admin/work/source/php-monorepo/packages/wechat-pay-profit-share-bundle/tests/Entity/ProfitShareOrderTest.php" line="107" class="Tourze\WechatPayProfitShareBundle\Tests\Entity\ProfitShareOrderTest" classname="Tourze.WechatPayProfitShareBundle.Tests.Entity.ProfitShareOrderTest" assertions="0" time="0.000099">
          <error type="Error">Tourze\WechatPayProfitShareBundle\Tests\Entity\ProfitShareOrderTest::testOptionalStringFieldsGetterSetter with data set #8
Error: Typed property Tourze\WechatPayProfitShareBundle\Tests\Entity\ProfitShareOrderTest::$profitShareOrder must not be accessed before initialization

/home/admin/work/source/php-monorepo/packages/wechat-pay-profit-share-bundle/tests/Entity/ProfitShareOrderTest.php:119</error>
        </testcase>
      </testsuite>
      <testcase name="testStateGetterSetter" file="/home/admin/work/source/php-monorepo/packages/wechat-pay-profit-share-bundle/tests/Entity/ProfitShareOrderTest.php" line="143" class="Tourze\WechatPayProfitShareBundle\Tests\Entity\ProfitShareOrderTest" classname="Tourze.WechatPayProfitShareBundle.Tests.Entity.ProfitShareOrderTest" assertions="0" time="0.000083">
        <error type="Error">Tourze\WechatPayProfitShareBundle\Tests\Entity\ProfitShareOrderTest::testStateGetterSetter
Error: Typed property Tourze\WechatPayProfitShareBundle\Tests\Entity\ProfitShareOrderTest::$profitShareOrder must not be accessed before initialization

/home/admin/work/source/php-monorepo/packages/wechat-pay-profit-share-bundle/tests/Entity/ProfitShareOrderTest.php:145</error>
      </testcase>
      <testsuite name="Tourze\WechatPayProfitShareBundle\Tests\Entity\ProfitShareOrderTest::testBooleanFieldsGetterSetter" tests="2" assertions="0" errors="2" failures="0" skipped="0" time="0.000203">
        <testcase name="testBooleanFieldsGetterSetter with data set #0" file="/home/admin/work/source/php-monorepo/packages/wechat-pay-profit-share-bundle/tests/Entity/ProfitShareOrderTest.php" line="154" class="Tourze\WechatPayProfitShareBundle\Tests\Entity\ProfitShareOrderTest" classname="Tourze.WechatPayProfitShareBundle.Tests.Entity.ProfitShareOrderTest" assertions="0" time="0.000106">
          <error type="Error">Tourze\WechatPayProfitShareBundle\Tests\Entity\ProfitShareOrderTest::testBooleanFieldsGetterSetter with data set #0
Error: Typed property Tourze\WechatPayProfitShareBundle\Tests\Entity\ProfitShareOrderTest::$profitShareOrder must not be accessed before initialization

/home/admin/work/source/php-monorepo/packages/wechat-pay-profit-share-bundle/tests/Entity/ProfitShareOrderTest.php:158</error>
        </testcase>
        <testcase name="testBooleanFieldsGetterSetter with data set #1" file="/home/admin/work/source/php-monorepo/packages/wechat-pay-profit-share-bundle/tests/Entity/ProfitShareOrderTest.php" line="154" class="Tourze\WechatPayProfitShareBundle\Tests\Entity\ProfitShareOrderTest" classname="Tourze.WechatPayProfitShareBundle.Tests.Entity.ProfitShareOrderTest" assertions="0" time="0.000097">
          <error type="Error">Tourze\WechatPayProfitShareBundle\Tests\Entity\ProfitShareOrderTest::testBooleanFieldsGetterSetter with data set #1
Error: Typed property Tourze\WechatPayProfitShareBundle\Tests\Entity\ProfitShareOrderTest::$profitShareOrder must not be accessed before initialization

/home/admin/work/source/php-monorepo/packages/wechat-pay-profit-share-bundle/tests/Entity/ProfitShareOrderTest.php:158</error>
        </testcase>
      </testsuite>
      <testsuite name="Tourze\WechatPayProfitShareBundle\Tests\Entity\ProfitShareOrderTest::testPayloadFieldsGetterSetter" tests="6" assertions="0" errors="6" failures="0" skipped="0" time="0.000593">
        <testcase name="testPayloadFieldsGetterSetter with data set #0" file="/home/admin/work/source/php-monorepo/packages/wechat-pay-profit-share-bundle/tests/Entity/ProfitShareOrderTest.php" line="176" class="Tourze\WechatPayProfitShareBundle\Tests\Entity\ProfitShareOrderTest" classname="Tourze.WechatPayProfitShareBundle.Tests.Entity.ProfitShareOrderTest" assertions="0" time="0.000101">
          <error type="Error">Tourze\WechatPayProfitShareBundle\Tests\Entity\ProfitShareOrderTest::testPayloadFieldsGetterSetter with data set #0
Error: Typed property Tourze\WechatPayProfitShareBundle\Tests\Entity\ProfitShareOrderTest::$profitShareOrder must not be accessed before initialization

/home/admin/work/source/php-monorepo/packages/wechat-pay-profit-share-bundle/tests/Entity/ProfitShareOrderTest.php:180</error>
        </testcase>
        <testcase name="testPayloadFieldsGetterSetter with data set #1" file="/home/admin/work/source/php-monorepo/packages/wechat-pay-profit-share-bundle/tests/Entity/ProfitShareOrderTest.php" line="176" class="Tourze\WechatPayProfitShareBundle\Tests\Entity\ProfitShareOrderTest" classname="Tourze.WechatPayProfitShareBundle.Tests.Entity.ProfitShareOrderTest" assertions="0" time="0.000097">
          <error type="Error">Tourze\WechatPayProfitShareBundle\Tests\Entity\ProfitShareOrderTest::testPayloadFieldsGetterSetter with data set #1
Error: Typed property Tourze\WechatPayProfitShareBundle\Tests\Entity\ProfitShareOrderTest::$profitShareOrder must not be accessed before initialization

/home/admin/work/source/php-monorepo/packages/wechat-pay-profit-share-bundle/tests/Entity/ProfitShareOrderTest.php:180</error>
        </testcase>
        <testcase name="testPayloadFieldsGetterSetter with data set #2" file="/home/admin/work/source/php-monorepo/packages/wechat-pay-profit-share-bundle/tests/Entity/ProfitShareOrderTest.php" line="176" class="Tourze\WechatPayProfitShareBundle\Tests\Entity\ProfitShareOrderTest" classname="Tourze.WechatPayProfitShareBundle.Tests.Entity.ProfitShareOrderTest" assertions="0" time="0.000103">
          <error type="Error">Tourze\WechatPayProfitShareBundle\Tests\Entity\ProfitShareOrderTest::testPayloadFieldsGetterSetter with data set #2
Error: Typed property Tourze\WechatPayProfitShareBundle\Tests\Entity\ProfitShareOrderTest::$profitShareOrder must not be accessed before initialization

/home/admin/work/source/php-monorepo/packages/wechat-pay-profit-share-bundle/tests/Entity/ProfitShareOrderTest.php:180</error>
        </testcase>
        <testcase name="testPayloadFieldsGetterSetter with data set #3" file="/home/admin/work/source/php-monorepo/packages/wechat-pay-profit-share-bundle/tests/Entity/ProfitShareOrderTest.php" line="176" class="Tourze\WechatPayProfitShareBundle\Tests\Entity\ProfitShareOrderTest" classname="Tourze.WechatPayProfitShareBundle.Tests.Entity.ProfitShareOrderTest" assertions="0" time="0.000097">
          <error type="Error">Tourze\WechatPayProfitShareBundle\Tests\Entity\ProfitShareOrderTest::testPayloadFieldsGetterSetter with data set #3
Error: Typed property Tourze\WechatPayProfitShareBundle\Tests\Entity\ProfitShareOrderTest::$profitShareOrder must not be accessed before initialization

/home/admin/work/source/php-monorepo/packages/wechat-pay-profit-share-bundle/tests/Entity/ProfitShareOrderTest.php:184</error>
        </testcase>
        <testcase name="testPayloadFieldsGetterSetter with data set #4" file="/home/admin/work/source/php-monorepo/packages/wechat-pay-profit-share-bundle/tests/Entity/ProfitShareOrderTest.php" line="176" class="Tourze\WechatPayProfitShareBundle\Tests\Entity\ProfitShareOrderTest" classname="Tourze.WechatPayProfitShareBundle.Tests.Entity.ProfitShareOrderTest" assertions="0" time="0.000096">
          <error type="Error">Tourze\WechatPayProfitShareBundle\Tests\Entity\ProfitShareOrderTest::testPayloadFieldsGetterSetter with data set #4
Error: Typed property Tourze\WechatPayProfitShareBundle\Tests\Entity\ProfitShareOrderTest::$profitShareOrder must not be accessed before initialization

/home/admin/work/source/php-monorepo/packages/wechat-pay-profit-share-bundle/tests/Entity/ProfitShareOrderTest.php:184</error>
        </testcase>
        <testcase name="testPayloadFieldsGetterSetter with data set #5" file="/home/admin/work/source/php-monorepo/packages/wechat-pay-profit-share-bundle/tests/Entity/ProfitShareOrderTest.php" line="176" class="Tourze\WechatPayProfitShareBundle\Tests\Entity\ProfitShareOrderTest" classname="Tourze.WechatPayProfitShareBundle.Tests.Entity.ProfitShareOrderTest" assertions="0" time="0.000099">
          <error type="Error">Tourze\WechatPayProfitShareBundle\Tests\Entity\ProfitShareOrderTest::testPayloadFieldsGetterSetter with data set #5
Error: Typed property Tourze\WechatPayProfitShareBundle\Tests\Entity\ProfitShareOrderTest::$profitShareOrder must not be accessed before initialization

/home/admin/work/source/php-monorepo/packages/wechat-pay-profit-share-bundle/tests/Entity/ProfitShareOrderTest.php:184</error>
        </testcase>
      </testsuite>
      <testsuite name="Tourze\WechatPayProfitShareBundle\Tests\Entity\ProfitShareOrderTest::testDatetimeFieldsGetterSetter" tests="4" assertions="0" errors="4" failures="0" skipped="0" time="0.000408">
        <testcase name="testDatetimeFieldsGetterSetter with data set #0" file="/home/admin/work/source/php-monorepo/packages/wechat-pay-profit-share-bundle/tests/Entity/ProfitShareOrderTest.php" line="206" class="Tourze\WechatPayProfitShareBundle\Tests\Entity\ProfitShareOrderTest" classname="Tourze.WechatPayProfitShareBundle.Tests.Entity.ProfitShareOrderTest" assertions="0" time="0.000110">
          <error type="Error">Tourze\WechatPayProfitShareBundle\Tests\Entity\ProfitShareOrderTest::testDatetimeFieldsGetterSetter with data set #0
Error: Typed property Tourze\WechatPayProfitShareBundle\Tests\Entity\ProfitShareOrderTest::$profitShareOrder must not be accessed before initialization

/home/admin/work/source/php-monorepo/packages/wechat-pay-profit-share-bundle/tests/Entity/ProfitShareOrderTest.php:210</error>
        </testcase>
        <testcase name="testDatetimeFieldsGetterSetter with data set #1" file="/home/admin/work/source/php-monorepo/packages/wechat-pay-profit-share-bundle/tests/Entity/ProfitShareOrderTest.php" line="206" class="Tourze\WechatPayProfitShareBundle\Tests\Entity\ProfitShareOrderTest" classname="Tourze.WechatPayProfitShareBundle.Tests.Entity.ProfitShareOrderTest" assertions="0" time="0.000103">
          <error type="Error">Tourze\WechatPayProfitShareBundle\Tests\Entity\ProfitShareOrderTest::testDatetimeFieldsGetterSetter with data set #1
Error: Typed property Tourze\WechatPayProfitShareBundle\Tests\Entity\ProfitShareOrderTest::$profitShareOrder must not be accessed before initialization

/home/admin/work/source/php-monorepo/packages/wechat-pay-profit-share-bundle/tests/Entity/ProfitShareOrderTest.php:210</error>
        </testcase>
        <testcase name="testDatetimeFieldsGetterSetter with data set #2" file="/home/admin/work/source/php-monorepo/packages/wechat-pay-profit-share-bundle/tests/Entity/ProfitShareOrderTest.php" line="206" class="Tourze\WechatPayProfitShareBundle\Tests\Entity\ProfitShareOrderTest" classname="Tourze.WechatPayProfitShareBundle.Tests.Entity.ProfitShareOrderTest" assertions="0" time="0.000098">
          <error type="Error">Tourze\WechatPayProfitShareBundle\Tests\Entity\ProfitShareOrderTest::testDatetimeFieldsGetterSetter with data set #2
Error: Typed property Tourze\WechatPayProfitShareBundle\Tests\Entity\ProfitShareOrderTest::$profitShareOrder must not be accessed before initialization

/home/admin/work/source/php-monorepo/packages/wechat-pay-profit-share-bundle/tests/Entity/ProfitShareOrderTest.php:214</error>
        </testcase>
        <testcase name="testDatetimeFieldsGetterSetter with data set #3" file="/home/admin/work/source/php-monorepo/packages/wechat-pay-profit-share-bundle/tests/Entity/ProfitShareOrderTest.php" line="206" class="Tourze\WechatPayProfitShareBundle\Tests\Entity\ProfitShareOrderTest" classname="Tourze.WechatPayProfitShareBundle.Tests.Entity.ProfitShareOrderTest" assertions="0" time="0.000098">
          <error type="Error">Tourze\WechatPayProfitShareBundle\Tests\Entity\ProfitShareOrderTest::testDatetimeFieldsGetterSetter with data set #3
Error: Typed property Tourze\WechatPayProfitShareBundle\Tests\Entity\ProfitShareOrderTest::$profitShareOrder must not be accessed before initialization

/home/admin/work/source/php-monorepo/packages/wechat-pay-profit-share-bundle/tests/Entity/ProfitShareOrderTest.php:214</error>
        </testcase>
      </testsuite>
      <testsuite name="Tourze\WechatPayProfitShareBundle\Tests\Entity\ProfitShareOrderTest::testMetadataGetterSetter" tests="5" assertions="0" errors="5" failures="0" skipped="0" time="0.000510">
        <testcase name="testMetadataGetterSetter with data set #0" file="/home/admin/work/source/php-monorepo/packages/wechat-pay-profit-share-bundle/tests/Entity/ProfitShareOrderTest.php" line="234" class="Tourze\WechatPayProfitShareBundle\Tests\Entity\ProfitShareOrderTest" classname="Tourze.WechatPayProfitShareBundle.Tests.Entity.ProfitShareOrderTest" assertions="0" time="0.000098">
          <error type="Error">Tourze\WechatPayProfitShareBundle\Tests\Entity\ProfitShareOrderTest::testMetadataGetterSetter with data set #0
Error: Typed property Tourze\WechatPayProfitShareBundle\Tests\Entity\ProfitShareOrderTest::$profitShareOrder must not be accessed before initialization

/home/admin/work/source/php-monorepo/packages/wechat-pay-profit-share-bundle/tests/Entity/ProfitShareOrderTest.php:236</error>
        </testcase>
        <testcase name="testMetadataGetterSetter with data set #1" file="/home/admin/work/source/php-monorepo/packages/wechat-pay-profit-share-bundle/tests/Entity/ProfitShareOrderTest.php" line="234" class="Tourze\WechatPayProfitShareBundle\Tests\Entity\ProfitShareOrderTest" classname="Tourze.WechatPayProfitShareBundle.Tests.Entity.ProfitShareOrderTest" assertions="0" time="0.000101">
          <error type="Error">Tourze\WechatPayProfitShareBundle\Tests\Entity\ProfitShareOrderTest::testMetadataGetterSetter with data set #1
Error: Typed property Tourze\WechatPayProfitShareBundle\Tests\Entity\ProfitShareOrderTest::$profitShareOrder must not be accessed before initialization

/home/admin/work/source/php-monorepo/packages/wechat-pay-profit-share-bundle/tests/Entity/ProfitShareOrderTest.php:236</error>
        </testcase>
        <testcase name="testMetadataGetterSetter with data set #2" file="/home/admin/work/source/php-monorepo/packages/wechat-pay-profit-share-bundle/tests/Entity/ProfitShareOrderTest.php" line="234" class="Tourze\WechatPayProfitShareBundle\Tests\Entity\ProfitShareOrderTest" classname="Tourze.WechatPayProfitShareBundle.Tests.Entity.ProfitShareOrderTest" assertions="0" time="0.000099">
          <error type="Error">Tourze\WechatPayProfitShareBundle\Tests\Entity\ProfitShareOrderTest::testMetadataGetterSetter with data set #2
Error: Typed property Tourze\WechatPayProfitShareBundle\Tests\Entity\ProfitShareOrderTest::$profitShareOrder must not be accessed before initialization

/home/admin/work/source/php-monorepo/packages/wechat-pay-profit-share-bundle/tests/Entity/ProfitShareOrderTest.php:236</error>
        </testcase>
        <testcase name="testMetadataGetterSetter with data set #3" file="/home/admin/work/source/php-monorepo/packages/wechat-pay-profit-share-bundle/tests/Entity/ProfitShareOrderTest.php" line="234" class="Tourze\WechatPayProfitShareBundle\Tests\Entity\ProfitShareOrderTest" classname="Tourze.WechatPayProfitShareBundle.Tests.Entity.ProfitShareOrderTest" assertions="0" time="0.000101">
          <error type="Error">Tourze\WechatPayProfitShareBundle\Tests\Entity\ProfitShareOrderTest::testMetadataGetterSetter with data set #3
Error: Typed property Tourze\WechatPayProfitShareBundle\Tests\Entity\ProfitShareOrderTest::$profitShareOrder must not be accessed before initialization

/home/admin/work/source/php-monorepo/packages/wechat-pay-profit-share-bundle/tests/Entity/ProfitShareOrderTest.php:236</error>
        </testcase>
        <testcase name="testMetadataGetterSetter with data set #4" file="/home/admin/work/source/php-monorepo/packages/wechat-pay-profit-share-bundle/tests/Entity/ProfitShareOrderTest.php" line="234" class="Tourze\WechatPayProfitShareBundle\Tests\Entity\ProfitShareOrderTest" classname="Tourze.WechatPayProfitShareBundle.Tests.Entity.ProfitShareOrderTest" assertions="0" time="0.000111">
          <error type="Error">Tourze\WechatPayProfitShareBundle\Tests\Entity\ProfitShareOrderTest::testMetadataGetterSetter with data set #4
Error: Typed property Tourze\WechatPayProfitShareBundle\Tests\Entity\ProfitShareOrderTest::$profitShareOrder must not be accessed before initialization

/home/admin/work/source/php-monorepo/packages/wechat-pay-profit-share-bundle/tests/Entity/ProfitShareOrderTest.php:236</error>
        </testcase>
      </testsuite>
      <testcase name="testReceiversCollection" file="/home/admin/work/source/php-monorepo/packages/wechat-pay-profit-share-bundle/tests/Entity/ProfitShareOrderTest.php" line="254" class="Tourze\WechatPayProfitShareBundle\Tests\Entity\ProfitShareOrderTest" classname="Tourze.WechatPayProfitShareBundle.Tests.Entity.ProfitShareOrderTest" assertions="0" time="0.000086">
        <error type="Error">Tourze\WechatPayProfitShareBundle\Tests\Entity\ProfitShareOrderTest::testReceiversCollection
Error: Typed property Tourze\WechatPayProfitShareBundle\Tests\Entity\ProfitShareOrderTest::$profitShareOrder must not be accessed before initialization

/home/admin/work/source/php-monorepo/packages/wechat-pay-profit-share-bundle/tests/Entity/ProfitShareOrderTest.php:256</error>
      </testcase>
      <testcase name="testReceiversBidirectionalRelationship" file="/home/admin/work/source/php-monorepo/packages/wechat-pay-profit-share-bundle/tests/Entity/ProfitShareOrderTest.php" line="291" class="Tourze\WechatPayProfitShareBundle\Tests\Entity\ProfitShareOrderTest" classname="Tourze.WechatPayProfitShareBundle.Tests.Entity.ProfitShareOrderTest" assertions="0" time="0.002968">
        <error type="Error">Tourze\WechatPayProfitShareBundle\Tests\Entity\ProfitShareOrderTest::testReceiversBidirectionalRelationship
Error: Typed property Tourze\WechatPayProfitShareBundle\Tests\Entity\ProfitShareOrderTest::$profitShareOrder must not be accessed before initialization

/home/admin/work/source/php-monorepo/packages/wechat-pay-profit-share-bundle/tests/Entity/ProfitShareOrderTest.php:298</error>
      </testcase>
      <testcase name="testTimestampGetters" file="/home/admin/work/source/php-monorepo/packages/wechat-pay-profit-share-bundle/tests/Entity/ProfitShareOrderTest.php" line="303" class="Tourze\WechatPayProfitShareBundle\Tests\Entity\ProfitShareOrderTest" classname="Tourze.WechatPayProfitShareBundle.Tests.Entity.ProfitShareOrderTest" assertions="0" time="0.000103">
        <error type="Error">Tourze\WechatPayProfitShareBundle\Tests\Entity\ProfitShareOrderTest::testTimestampGetters
Error: Typed property Tourze\WechatPayProfitShareBundle\Tests\Entity\ProfitShareOrderTest::$profitShareOrder must not be accessed before initialization

/home/admin/work/source/php-monorepo/packages/wechat-pay-profit-share-bundle/tests/Entity/ProfitShareOrderTest.php:306</error>
      </testcase>
      <testcase name="testToString" file="/home/admin/work/source/php-monorepo/packages/wechat-pay-profit-share-bundle/tests/Entity/ProfitShareOrderTest.php" line="314" class="Tourze\WechatPayProfitShareBundle\Tests\Entity\ProfitShareOrderTest" classname="Tourze.WechatPayProfitShareBundle.Tests.Entity.ProfitShareOrderTest" assertions="0" time="0.000084">
        <error type="Error">Tourze\WechatPayProfitShareBundle\Tests\Entity\ProfitShareOrderTest::testToString
Error: Typed property Tourze\WechatPayProfitShareBundle\Tests\Entity\ProfitShareOrderTest::$profitShareOrder must not be accessed before initialization

/home/admin/work/source/php-monorepo/packages/wechat-pay-profit-share-bundle/tests/Entity/ProfitShareOrderTest.php:316</error>
      </testcase>
      <testcase name="testStringableImplementation" file="/home/admin/work/source/php-monorepo/packages/wechat-pay-profit-share-bundle/tests/Entity/ProfitShareOrderTest.php" line="322" class="Tourze\WechatPayProfitShareBundle\Tests\Entity\ProfitShareOrderTest" classname="Tourze.WechatPayProfitShareBundle.Tests.Entity.ProfitShareOrderTest" assertions="0" time="0.000085">
        <error type="Error">Tourze\WechatPayProfitShareBundle\Tests\Entity\ProfitShareOrderTest::testStringableImplementation
Error: Typed property Tourze\WechatPayProfitShareBundle\Tests\Entity\ProfitShareOrderTest::$profitShareOrder must not be accessed before initialization

/home/admin/work/source/php-monorepo/packages/wechat-pay-profit-share-bundle/tests/Entity/ProfitShareOrderTest.php:324</error>
      </testcase>
      <testcase name="testComplexOrderWorkflow" file="/home/admin/work/source/php-monorepo/packages/wechat-pay-profit-share-bundle/tests/Entity/ProfitShareOrderTest.php" line="328" class="Tourze\WechatPayProfitShareBundle\Tests\Entity\ProfitShareOrderTest" classname="Tourze.WechatPayProfitShareBundle.Tests.Entity.ProfitShareOrderTest" assertions="0" time="0.000099">
        <error type="Error">Tourze\WechatPayProfitShareBundle\Tests\Entity\ProfitShareOrderTest::testComplexOrderWorkflow
Error: Typed property Tourze\WechatPayProfitShareBundle\Tests\Entity\ProfitShareOrderTest::$profitShareOrder must not be accessed before initialization

/home/admin/work/source/php-monorepo/packages/wechat-pay-profit-share-bundle/tests/Entity/ProfitShareOrderTest.php:334</error>
      </testcase>
      <testcase name="testOrderStateTransitions" file="/home/admin/work/source/php-monorepo/packages/wechat-pay-profit-share-bundle/tests/Entity/ProfitShareOrderTest.php" line="404" class="Tourze\WechatPayProfitShareBundle\Tests\Entity\ProfitShareOrderTest" classname="Tourze.WechatPayProfitShareBundle.Tests.Entity.ProfitShareOrderTest" assertions="0" time="0.000085">
        <error type="Error">Tourze\WechatPayProfitShareBundle\Tests\Entity\ProfitShareOrderTest::testOrderStateTransitions
Error: Typed property Tourze\WechatPayProfitShareBundle\Tests\Entity\ProfitShareOrderTest::$profitShareOrder must not be accessed before initialization

/home/admin/work/source/php-monorepo/packages/wechat-pay-profit-share-bundle/tests/Entity/ProfitShareOrderTest.php:413</error>
      </testcase>
      <testcase name="testOrderCompleteWorkflow" file="/home/admin/work/source/php-monorepo/packages/wechat-pay-profit-share-bundle/tests/Entity/ProfitShareOrderTest.php" line="419" class="Tourze\WechatPayProfitShareBundle\Tests\Entity\ProfitShareOrderTest" classname="Tourze.WechatPayProfitShareBundle.Tests.Entity.ProfitShareOrderTest" assertions="0" time="0.000080">
        <error type="Error">Tourze\WechatPayProfitShareBundle\Tests\Entity\ProfitShareOrderTest::testOrderCompleteWorkflow
Error: Typed property Tourze\WechatPayProfitShareBundle\Tests\Entity\ProfitShareOrderTest::$profitShareOrder must not be accessed before initialization

/home/admin/work/source/php-monorepo/packages/wechat-pay-profit-share-bundle/tests/Entity/ProfitShareOrderTest.php:422</error>
      </testcase>
    </testsuite>
    <testsuite name="Tourze\WechatPayProfitShareBundle\Tests\Entity\ProfitShareReceiverTest" file="/home/admin/work/source/php-monorepo/packages/wechat-pay-profit-share-bundle/tests/Entity/ProfitShareReceiverTest.php" tests="67" assertions="18" errors="59" failures="0" skipped="0" time="0.008378">
      <testcase name="testShouldNotHaveRunTestsInSeparateProcesses" file="/home/admin/work/source/php-monorepo/packages/phpunit-doctrine-entity/src/AbstractEntityTestCase.php" line="28" class="Tourze\WechatPayProfitShareBundle\Tests\Entity\ProfitShareReceiverTest" classname="Tourze.WechatPayProfitShareBundle.Tests.Entity.ProfitShareReceiverTest" assertions="1" time="0.000090"/>
      <testcase name="testIsEntityClass" file="/home/admin/work/source/php-monorepo/packages/phpunit-doctrine-entity/src/AbstractEntityTestCase.php" line="38" class="Tourze\WechatPayProfitShareBundle\Tests\Entity\ProfitShareReceiverTest" classname="Tourze.WechatPayProfitShareBundle.Tests.Entity.ProfitShareReceiverTest" assertions="3" time="0.000064"/>
      <testcase name="testDisallowUseMultipleCoversClass" file="/home/admin/work/source/php-monorepo/packages/phpunit-doctrine-entity/src/AbstractEntityTestCase.php" line="52" class="Tourze\WechatPayProfitShareBundle\Tests\Entity\ProfitShareReceiverTest" classname="Tourze.WechatPayProfitShareBundle.Tests.Entity.ProfitShareReceiverTest" assertions="1" time="0.000056"/>
      <testcase name="preferUseIndexColumnAttributeToDefineIndexWhenOnlyOneColumn" file="/home/admin/work/source/php-monorepo/packages/phpunit-doctrine-entity/src/AbstractEntityTestCase.php" line="114" class="Tourze\WechatPayProfitShareBundle\Tests\Entity\ProfitShareReceiverTest" classname="Tourze.WechatPayProfitShareBundle.Tests.Entity.ProfitShareReceiverTest" assertions="3" time="0.000070"/>
      <testcase name="testEntityInitialization" file="/home/admin/work/source/php-monorepo/packages/wechat-pay-profit-share-bundle/tests/Entity/ProfitShareReceiverTest.php" line="30" class="Tourze\WechatPayProfitShareBundle\Tests\Entity\ProfitShareReceiverTest" classname="Tourze.WechatPayProfitShareBundle.Tests.Entity.ProfitShareReceiverTest" assertions="0" time="0.000093">
        <error type="Error">Tourze\WechatPayProfitShareBundle\Tests\Entity\ProfitShareReceiverTest::testEntityInitialization
Error: Typed property Tourze\WechatPayProfitShareBundle\Tests\Entity\ProfitShareReceiverTest::$profitShareReceiver must not be accessed before initialization

/home/admin/work/source/php-monorepo/packages/wechat-pay-profit-share-bundle/tests/Entity/ProfitShareReceiverTest.php:32</error>
      </testcase>
      <testcase name="testOrderGetterSetter" file="/home/admin/work/source/php-monorepo/packages/wechat-pay-profit-share-bundle/tests/Entity/ProfitShareReceiverTest.php" line="48" class="Tourze\WechatPayProfitShareBundle\Tests\Entity\ProfitShareReceiverTest" classname="Tourze.WechatPayProfitShareBundle.Tests.Entity.ProfitShareReceiverTest" assertions="0" time="0.002063">
        <error type="Error">Tourze\WechatPayProfitShareBundle\Tests\Entity\ProfitShareReceiverTest::testOrderGetterSetter
Error: Typed property Tourze\WechatPayProfitShareBundle\Tests\Entity\ProfitShareReceiverTest::$profitShareReceiver must not be accessed before initialization

/home/admin/work/source/php-monorepo/packages/wechat-pay-profit-share-bundle/tests/Entity/ProfitShareReceiverTest.php:52</error>
      </testcase>
      <testsuite name="Tourze\WechatPayProfitShareBundle\Tests\Entity\ProfitShareReceiverTest::testSequenceGetterSetter" tests="5" assertions="0" errors="5" failures="0" skipped="0" time="0.000528">
        <testcase name="testSequenceGetterSetter with data set #0" file="/home/admin/work/source/php-monorepo/packages/wechat-pay-profit-share-bundle/tests/Entity/ProfitShareReceiverTest.php" line="62" class="Tourze\WechatPayProfitShareBundle\Tests\Entity\ProfitShareReceiverTest" classname="Tourze.WechatPayProfitShareBundle.Tests.Entity.ProfitShareReceiverTest" assertions="0" time="0.000129">
          <error type="Error">Tourze\WechatPayProfitShareBundle\Tests\Entity\ProfitShareReceiverTest::testSequenceGetterSetter with data set #0
Error: Typed property Tourze\WechatPayProfitShareBundle\Tests\Entity\ProfitShareReceiverTest::$profitShareReceiver must not be accessed before initialization

/home/admin/work/source/php-monorepo/packages/wechat-pay-profit-share-bundle/tests/Entity/ProfitShareReceiverTest.php:64</error>
        </testcase>
        <testcase name="testSequenceGetterSetter with data set #1" file="/home/admin/work/source/php-monorepo/packages/wechat-pay-profit-share-bundle/tests/Entity/ProfitShareReceiverTest.php" line="62" class="Tourze\WechatPayProfitShareBundle\Tests\Entity\ProfitShareReceiverTest" classname="Tourze.WechatPayProfitShareBundle.Tests.Entity.ProfitShareReceiverTest" assertions="0" time="0.000116">
          <error type="Error">Tourze\WechatPayProfitShareBundle\Tests\Entity\ProfitShareReceiverTest::testSequenceGetterSetter with data set #1
Error: Typed property Tourze\WechatPayProfitShareBundle\Tests\Entity\ProfitShareReceiverTest::$profitShareReceiver must not be accessed before initialization

/home/admin/work/source/php-monorepo/packages/wechat-pay-profit-share-bundle/tests/Entity/ProfitShareReceiverTest.php:64</error>
        </testcase>
        <testcase name="testSequenceGetterSetter with data set #2" file="/home/admin/work/source/php-monorepo/packages/wechat-pay-profit-share-bundle/tests/Entity/ProfitShareReceiverTest.php" line="62" class="Tourze\WechatPayProfitShareBundle\Tests\Entity\ProfitShareReceiverTest" classname="Tourze.WechatPayProfitShareBundle.Tests.Entity.ProfitShareReceiverTest" assertions="0" time="0.000096">
          <error type="Error">Tourze\WechatPayProfitShareBundle\Tests\Entity\ProfitShareReceiverTest::testSequenceGetterSetter with data set #2
Error: Typed property Tourze\WechatPayProfitShareBundle\Tests\Entity\ProfitShareReceiverTest::$profitShareReceiver must not be accessed before initialization

/home/admin/work/source/php-monorepo/packages/wechat-pay-profit-share-bundle/tests/Entity/ProfitShareReceiverTest.php:64</error>
        </testcase>
        <testcase name="testSequenceGetterSetter with data set #3" file="/home/admin/work/source/php-monorepo/packages/wechat-pay-profit-share-bundle/tests/Entity/ProfitShareReceiverTest.php" line="62" class="Tourze\WechatPayProfitShareBundle\Tests\Entity\ProfitShareReceiverTest" classname="Tourze.WechatPayProfitShareBundle.Tests.Entity.ProfitShareReceiverTest" assertions="0" time="0.000094">
          <error type="Error">Tourze\WechatPayProfitShareBundle\Tests\Entity\ProfitShareReceiverTest::testSequenceGetterSetter with data set #3
Error: Typed property Tourze\WechatPayProfitShareBundle\Tests\Entity\ProfitShareReceiverTest::$profitShareReceiver must not be accessed before initialization

/home/admin/work/source/php-monorepo/packages/wechat-pay-profit-share-bundle/tests/Entity/ProfitShareReceiverTest.php:64</error>
        </testcase>
        <testcase name="testSequenceGetterSetter with data set #4" file="/home/admin/work/source/php-monorepo/packages/wechat-pay-profit-share-bundle/tests/Entity/ProfitShareReceiverTest.php" line="62" class="Tourze\WechatPayProfitShareBundle\Tests\Entity\ProfitShareReceiverTest" classname="Tourze.WechatPayProfitShareBundle.Tests.Entity.ProfitShareReceiverTest" assertions="0" time="0.000094">
          <error type="Error">Tourze\WechatPayProfitShareBundle\Tests\Entity\ProfitShareReceiverTest::testSequenceGetterSetter with data set #4
Error: Typed property Tourze\WechatPayProfitShareBundle\Tests\Entity\ProfitShareReceiverTest::$profitShareReceiver must not be accessed before initialization

/home/admin/work/source/php-monorepo/packages/wechat-pay-profit-share-bundle/tests/Entity/ProfitShareReceiverTest.php:64</error>
        </testcase>
      </testsuite>
      <testsuite name="Tourze\WechatPayProfitShareBundle\Tests\Entity\ProfitShareReceiverTest::testRequiredStringFieldsGetterSetter" tests="9" assertions="0" errors="9" failures="0" skipped="0" time="0.000923">
        <testcase name="testRequiredStringFieldsGetterSetter with data set #0" file="/home/admin/work/source/php-monorepo/packages/wechat-pay-profit-share-bundle/tests/Entity/ProfitShareReceiverTest.php" line="83" class="Tourze\WechatPayProfitShareBundle\Tests\Entity\ProfitShareReceiverTest" classname="Tourze.WechatPayProfitShareBundle.Tests.Entity.ProfitShareReceiverTest" assertions="0" time="0.000110">
          <error type="Error">Tourze\WechatPayProfitShareBundle\Tests\Entity\ProfitShareReceiverTest::testRequiredStringFieldsGetterSetter with data set #0
Error: Typed property Tourze\WechatPayProfitShareBundle\Tests\Entity\ProfitShareReceiverTest::$profitShareReceiver must not be accessed before initialization

/home/admin/work/source/php-monorepo/packages/wechat-pay-profit-share-bundle/tests/Entity/ProfitShareReceiverTest.php:87</error>
        </testcase>
        <testcase name="testRequiredStringFieldsGetterSetter with data set #1" file="/home/admin/work/source/php-monorepo/packages/wechat-pay-profit-share-bundle/tests/Entity/ProfitShareReceiverTest.php" line="83" class="Tourze\WechatPayProfitShareBundle\Tests\Entity\ProfitShareReceiverTest" classname="Tourze.WechatPayProfitShareBundle.Tests.Entity.ProfitShareReceiverTest" assertions="0" time="0.000106">
          <error type="Error">Tourze\WechatPayProfitShareBundle\Tests\Entity\ProfitShareReceiverTest::testRequiredStringFieldsGetterSetter with data set #1
Error: Typed property Tourze\WechatPayProfitShareBundle\Tests\Entity\ProfitShareReceiverTest::$profitShareReceiver must not be accessed before initialization

/home/admin/work/source/php-monorepo/packages/wechat-pay-profit-share-bundle/tests/Entity/ProfitShareReceiverTest.php:87</error>
        </testcase>
        <testcase name="testRequiredStringFieldsGetterSetter with data set #2" file="/home/admin/work/source/php-monorepo/packages/wechat-pay-profit-share-bundle/tests/Entity/ProfitShareReceiverTest.php" line="83" class="Tourze\WechatPayProfitShareBundle\Tests\Entity\ProfitShareReceiverTest" classname="Tourze.WechatPayProfitShareBundle.Tests.Entity.ProfitShareReceiverTest" assertions="0" time="0.000101">
          <error type="Error">Tourze\WechatPayProfitShareBundle\Tests\Entity\ProfitShareReceiverTest::testRequiredStringFieldsGetterSetter with data set #2
Error: Typed property Tourze\WechatPayProfitShareBundle\Tests\Entity\ProfitShareReceiverTest::$profitShareReceiver must not be accessed before initialization

/home/admin/work/source/php-monorepo/packages/wechat-pay-profit-share-bundle/tests/Entity/ProfitShareReceiverTest.php:87</error>
        </testcase>
        <testcase name="testRequiredStringFieldsGetterSetter with data set #3" file="/home/admin/work/source/php-monorepo/packages/wechat-pay-profit-share-bundle/tests/Entity/ProfitShareReceiverTest.php" line="83" class="Tourze\WechatPayProfitShareBundle\Tests\Entity\ProfitShareReceiverTest" classname="Tourze.WechatPayProfitShareBundle.Tests.Entity.ProfitShareReceiverTest" assertions="0" time="0.000108">
          <error type="Error">Tourze\WechatPayProfitShareBundle\Tests\Entity\ProfitShareReceiverTest::testRequiredStringFieldsGetterSetter with data set #3
Error: Typed property Tourze\WechatPayProfitShareBundle\Tests\Entity\ProfitShareReceiverTest::$profitShareReceiver must not be accessed before initialization

/home/admin/work/source/php-monorepo/packages/wechat-pay-profit-share-bundle/tests/Entity/ProfitShareReceiverTest.php:91</error>
        </testcase>
        <testcase name="testRequiredStringFieldsGetterSetter with data set #4" file="/home/admin/work/source/php-monorepo/packages/wechat-pay-profit-share-bundle/tests/Entity/ProfitShareReceiverTest.php" line="83" class="Tourze\WechatPayProfitShareBundle\Tests\Entity\ProfitShareReceiverTest" classname="Tourze.WechatPayProfitShareBundle.Tests.Entity.ProfitShareReceiverTest" assertions="0" time="0.000099">
          <error type="Error">Tourze\WechatPayProfitShareBundle\Tests\Entity\ProfitShareReceiverTest::testRequiredStringFieldsGetterSetter with data set #4
Error: Typed property Tourze\WechatPayProfitShareBundle\Tests\Entity\ProfitShareReceiverTest::$profitShareReceiver must not be accessed before initialization

/home/admin/work/source/php-monorepo/packages/wechat-pay-profit-share-bundle/tests/Entity/ProfitShareReceiverTest.php:91</error>
        </testcase>
        <testcase name="testRequiredStringFieldsGetterSetter with data set #5" file="/home/admin/work/source/php-monorepo/packages/wechat-pay-profit-share-bundle/tests/Entity/ProfitShareReceiverTest.php" line="83" class="Tourze\WechatPayProfitShareBundle\Tests\Entity\ProfitShareReceiverTest" classname="Tourze.WechatPayProfitShareBundle.Tests.Entity.ProfitShareReceiverTest" assertions="0" time="0.000100">
          <error type="Error">Tourze\WechatPayProfitShareBundle\Tests\Entity\ProfitShareReceiverTest::testRequiredStringFieldsGetterSetter with data set #5
Error: Typed property Tourze\WechatPayProfitShareBundle\Tests\Entity\ProfitShareReceiverTest::$profitShareReceiver must not be accessed before initialization

/home/admin/work/source/php-monorepo/packages/wechat-pay-profit-share-bundle/tests/Entity/ProfitShareReceiverTest.php:91</error>
        </testcase>
        <testcase name="testRequiredStringFieldsGetterSetter with data set #6" file="/home/admin/work/source/php-monorepo/packages/wechat-pay-profit-share-bundle/tests/Entity/ProfitShareReceiverTest.php" line="83" class="Tourze\WechatPayProfitShareBundle\Tests\Entity\ProfitShareReceiverTest" classname="Tourze.WechatPayProfitShareBundle.Tests.Entity.ProfitShareReceiverTest" assertions="0" time="0.000100">
          <error type="Error">Tourze\WechatPayProfitShareBundle\Tests\Entity\ProfitShareReceiverTest::testRequiredStringFieldsGetterSetter with data set #6
Error: Typed property Tourze\WechatPayProfitShareBundle\Tests\Entity\ProfitShareReceiverTest::$profitShareReceiver must not be accessed before initialization

/home/admin/work/source/php-monorepo/packages/wechat-pay-profit-share-bundle/tests/Entity/ProfitShareReceiverTest.php:95</error>
        </testcase>
        <testcase name="testRequiredStringFieldsGetterSetter with data set #7" file="/home/admin/work/source/php-monorepo/packages/wechat-pay-profit-share-bundle/tests/Entity/ProfitShareReceiverTest.php" line="83" class="Tourze\WechatPayProfitShareBundle\Tests\Entity\ProfitShareReceiverTest" classname="Tourze.WechatPayProfitShareBundle.Tests.Entity.ProfitShareReceiverTest" assertions="0" time="0.000099">
          <error type="Error">Tourze\WechatPayProfitShareBundle\Tests\Entity\ProfitShareReceiverTest::testRequiredStringFieldsGetterSetter with data set #7
Error: Typed property Tourze\WechatPayProfitShareBundle\Tests\Entity\ProfitShareReceiverTest::$profitShareReceiver must not be accessed before initialization

/home/admin/work/source/php-monorepo/packages/wechat-pay-profit-share-bundle/tests/Entity/ProfitShareReceiverTest.php:95</error>
        </testcase>
        <testcase name="testRequiredStringFieldsGetterSetter with data set #8" file="/home/admin/work/source/php-monorepo/packages/wechat-pay-profit-share-bundle/tests/Entity/ProfitShareReceiverTest.php" line="83" class="Tourze\WechatPayProfitShareBundle\Tests\Entity\ProfitShareReceiverTest" classname="Tourze.WechatPayProfitShareBundle.Tests.Entity.ProfitShareReceiverTest" assertions="0" time="0.000100">
          <error type="Error">Tourze\WechatPayProfitShareBundle\Tests\Entity\ProfitShareReceiverTest::testRequiredStringFieldsGetterSetter with data set #8
Error: Typed property Tourze\WechatPayProfitShareBundle\Tests\Entity\ProfitShareReceiverTest::$profitShareReceiver must not be accessed before initialization

/home/admin/work/source/php-monorepo/packages/wechat-pay-profit-share-bundle/tests/Entity/ProfitShareReceiverTest.php:95</error>
        </testcase>
      </testsuite>
      <testsuite name="Tourze\WechatPayProfitShareBundle\Tests\Entity\ProfitShareReceiverTest::testOptionalStringFieldsGetterSetter" tests="13" assertions="0" errors="13" failures="0" skipped="0" time="0.001313">
        <testcase name="testOptionalStringFieldsGetterSetter with data set #0" file="/home/admin/work/source/php-monorepo/packages/wechat-pay-profit-share-bundle/tests/Entity/ProfitShareReceiverTest.php" line="120" class="Tourze\WechatPayProfitShareBundle\Tests\Entity\ProfitShareReceiverTest" classname="Tourze.WechatPayProfitShareBundle.Tests.Entity.ProfitShareReceiverTest" assertions="0" time="0.000104">
          <error type="Error">Tourze\WechatPayProfitShareBundle\Tests\Entity\ProfitShareReceiverTest::testOptionalStringFieldsGetterSetter with data set #0
Error: Typed property Tourze\WechatPayProfitShareBundle\Tests\Entity\ProfitShareReceiverTest::$profitShareReceiver must not be accessed before initialization

/home/admin/work/source/php-monorepo/packages/wechat-pay-profit-share-bundle/tests/Entity/ProfitShareReceiverTest.php:124</error>
        </testcase>
        <testcase name="testOptionalStringFieldsGetterSetter with data set #1" file="/home/admin/work/source/php-monorepo/packages/wechat-pay-profit-share-bundle/tests/Entity/ProfitShareReceiverTest.php" line="120" class="Tourze\WechatPayProfitShareBundle\Tests\Entity\ProfitShareReceiverTest" classname="Tourze.WechatPayProfitShareBundle.Tests.Entity.ProfitShareReceiverTest" assertions="0" time="0.000106">
          <error type="Error">Tourze\WechatPayProfitShareBundle\Tests\Entity\ProfitShareReceiverTest::testOptionalStringFieldsGetterSetter with data set #1
Error: Typed property Tourze\WechatPayProfitShareBundle\Tests\Entity\ProfitShareReceiverTest::$profitShareReceiver must not be accessed before initialization

/home/admin/work/source/php-monorepo/packages/wechat-pay-profit-share-bundle/tests/Entity/ProfitShareReceiverTest.php:124</error>
        </testcase>
        <testcase name="testOptionalStringFieldsGetterSetter with data set #2" file="/home/admin/work/source/php-monorepo/packages/wechat-pay-profit-share-bundle/tests/Entity/ProfitShareReceiverTest.php" line="120" class="Tourze\WechatPayProfitShareBundle\Tests\Entity\ProfitShareReceiverTest" classname="Tourze.WechatPayProfitShareBundle.Tests.Entity.ProfitShareReceiverTest" assertions="0" time="0.000108">
          <error type="Error">Tourze\WechatPayProfitShareBundle\Tests\Entity\ProfitShareReceiverTest::testOptionalStringFieldsGetterSetter with data set #2
Error: Typed property Tourze\WechatPayProfitShareBundle\Tests\Entity\ProfitShareReceiverTest::$profitShareReceiver must not be accessed before initialization

/home/admin/work/source/php-monorepo/packages/wechat-pay-profit-share-bundle/tests/Entity/ProfitShareReceiverTest.php:124</error>
        </testcase>
        <testcase name="testOptionalStringFieldsGetterSetter with data set #3" file="/home/admin/work/source/php-monorepo/packages/wechat-pay-profit-share-bundle/tests/Entity/ProfitShareReceiverTest.php" line="120" class="Tourze\WechatPayProfitShareBundle\Tests\Entity\ProfitShareReceiverTest" classname="Tourze.WechatPayProfitShareBundle.Tests.Entity.ProfitShareReceiverTest" assertions="0" time="0.000106">
          <error type="Error">Tourze\WechatPayProfitShareBundle\Tests\Entity\ProfitShareReceiverTest::testOptionalStringFieldsGetterSetter with data set #3
Error: Typed property Tourze\WechatPayProfitShareBundle\Tests\Entity\ProfitShareReceiverTest::$profitShareReceiver must not be accessed before initialization

/home/admin/work/source/php-monorepo/packages/wechat-pay-profit-share-bundle/tests/Entity/ProfitShareReceiverTest.php:124</error>
        </testcase>
        <testcase name="testOptionalStringFieldsGetterSetter with data set #4" file="/home/admin/work/source/php-monorepo/packages/wechat-pay-profit-share-bundle/tests/Entity/ProfitShareReceiverTest.php" line="120" class="Tourze\WechatPayProfitShareBundle\Tests\Entity\ProfitShareReceiverTest" classname="Tourze.WechatPayProfitShareBundle.Tests.Entity.ProfitShareReceiverTest" assertions="0" time="0.000099">
          <error type="Error">Tourze\WechatPayProfitShareBundle\Tests\Entity\ProfitShareReceiverTest::testOptionalStringFieldsGetterSetter with data set #4
Error: Typed property Tourze\WechatPayProfitShareBundle\Tests\Entity\ProfitShareReceiverTest::$profitShareReceiver must not be accessed before initialization

/home/admin/work/source/php-monorepo/packages/wechat-pay-profit-share-bundle/tests/Entity/ProfitShareReceiverTest.php:128</error>
        </testcase>
        <testcase name="testOptionalStringFieldsGetterSetter with data set #5" file="/home/admin/work/source/php-monorepo/packages/wechat-pay-profit-share-bundle/tests/Entity/ProfitShareReceiverTest.php" line="120" class="Tourze\WechatPayProfitShareBundle\Tests\Entity\ProfitShareReceiverTest" classname="Tourze.WechatPayProfitShareBundle.Tests.Entity.ProfitShareReceiverTest" assertions="0" time="0.000096">
          <error type="Error">Tourze\WechatPayProfitShareBundle\Tests\Entity\ProfitShareReceiverTest::testOptionalStringFieldsGetterSetter with data set #5
Error: Typed property Tourze\WechatPayProfitShareBundle\Tests\Entity\ProfitShareReceiverTest::$profitShareReceiver must not be accessed before initialization

/home/admin/work/source/php-monorepo/packages/wechat-pay-profit-share-bundle/tests/Entity/ProfitShareReceiverTest.php:128</error>
        </testcase>
        <testcase name="testOptionalStringFieldsGetterSetter with data set #6" file="/home/admin/work/source/php-monorepo/packages/wechat-pay-profit-share-bundle/tests/Entity/ProfitShareReceiverTest.php" line="120" class="Tourze\WechatPayProfitShareBundle\Tests\Entity\ProfitShareReceiverTest" classname="Tourze.WechatPayProfitShareBundle.Tests.Entity.ProfitShareReceiverTest" assertions="0" time="0.000098">
          <error type="Error">Tourze\WechatPayProfitShareBundle\Tests\Entity\ProfitShareReceiverTest::testOptionalStringFieldsGetterSetter with data set #6
Error: Typed property Tourze\WechatPayProfitShareBundle\Tests\Entity\ProfitShareReceiverTest::$profitShareReceiver must not be accessed before initialization

/home/admin/work/source/php-monorepo/packages/wechat-pay-profit-share-bundle/tests/Entity/ProfitShareReceiverTest.php:128</error>
        </testcase>
        <testcase name="testOptionalStringFieldsGetterSetter with data set #7" file="/home/admin/work/source/php-monorepo/packages/wechat-pay-profit-share-bundle/tests/Entity/ProfitShareReceiverTest.php" line="120" class="Tourze\WechatPayProfitShareBundle\Tests\Entity\ProfitShareReceiverTest" classname="Tourze.WechatPayProfitShareBundle.Tests.Entity.ProfitShareReceiverTest" assertions="0" time="0.000097">
          <error type="Error">Tourze\WechatPayProfitShareBundle\Tests\Entity\ProfitShareReceiverTest::testOptionalStringFieldsGetterSetter with data set #7
Error: Typed property Tourze\WechatPayProfitShareBundle\Tests\Entity\ProfitShareReceiverTest::$profitShareReceiver must not be accessed before initialization

/home/admin/work/source/php-monorepo/packages/wechat-pay-profit-share-bundle/tests/Entity/ProfitShareReceiverTest.php:128</error>
        </testcase>
        <testcase name="testOptionalStringFieldsGetterSetter with data set #8" file="/home/admin/work/source/php-monorepo/packages/wechat-pay-profit-share-bundle/tests/Entity/ProfitShareReceiverTest.php" line="120" class="Tourze\WechatPayProfitShareBundle\Tests\Entity\ProfitShareReceiverTest" classname="Tourze.WechatPayProfitShareBundle.Tests.Entity.ProfitShareReceiverTest" assertions="0" time="0.000099">
          <error type="Error">Tourze\WechatPayProfitShareBundle\Tests\Entity\ProfitShareReceiverTest::testOptionalStringFieldsGetterSetter with data set #8
Error: Typed property Tourze\WechatPayProfitShareBundle\Tests\Entity\ProfitShareReceiverTest::$profitShareReceiver must not be accessed before initialization

/home/admin/work/source/php-monorepo/packages/wechat-pay-profit-share-bundle/tests/Entity/ProfitShareReceiverTest.php:128</error>
        </testcase>
        <testcase name="testOptionalStringFieldsGetterSetter with data set #9" file="/home/admin/work/source/php-monorepo/packages/wechat-pay-profit-share-bundle/tests/Entity/ProfitShareReceiverTest.php" line="120" class="Tourze\WechatPayProfitShareBundle\Tests\Entity\ProfitShareReceiverTest" classname="Tourze.WechatPayProfitShareBundle.Tests.Entity.ProfitShareReceiverTest" assertions="0" time="0.000099">
          <error type="Error">Tourze\WechatPayProfitShareBundle\Tests\Entity\ProfitShareReceiverTest::testOptionalStringFieldsGetterSetter with data set #9
Error: Typed property Tourze\WechatPayProfitShareBundle\Tests\Entity\ProfitShareReceiverTest::$profitShareReceiver must not be accessed before initialization

/home/admin/work/source/php-monorepo/packages/wechat-pay-profit-share-bundle/tests/Entity/ProfitShareReceiverTest.php:132</error>
        </testcase>
        <testcase name="testOptionalStringFieldsGetterSetter with data set #10" file="/home/admin/work/source/php-monorepo/packages/wechat-pay-profit-share-bundle/tests/Entity/ProfitShareReceiverTest.php" line="120" class="Tourze\WechatPayProfitShareBundle\Tests\Entity\ProfitShareReceiverTest" classname="Tourze.WechatPayProfitShareBundle.Tests.Entity.ProfitShareReceiverTest" assertions="0" time="0.000101">
          <error type="Error">Tourze\WechatPayProfitShareBundle\Tests\Entity\ProfitShareReceiverTest::testOptionalStringFieldsGetterSetter with data set #10
Error: Typed property Tourze\WechatPayProfitShareBundle\Tests\Entity\ProfitShareReceiverTest::$profitShareReceiver must not be accessed before initialization

/home/admin/work/source/php-monorepo/packages/wechat-pay-profit-share-bundle/tests/Entity/ProfitShareReceiverTest.php:132</error>
        </testcase>
        <testcase name="testOptionalStringFieldsGetterSetter with data set #11" file="/home/admin/work/source/php-monorepo/packages/wechat-pay-profit-share-bundle/tests/Entity/ProfitShareReceiverTest.php" line="120" class="Tourze\WechatPayProfitShareBundle\Tests\Entity\ProfitShareReceiverTest" classname="Tourze.WechatPayProfitShareBundle.Tests.Entity.ProfitShareReceiverTest" assertions="0" time="0.000100">
          <error type="Error">Tourze\WechatPayProfitShareBundle\Tests\Entity\ProfitShareReceiverTest::testOptionalStringFieldsGetterSetter with data set #11
Error: Typed property Tourze\WechatPayProfitShareBundle\Tests\Entity\ProfitShareReceiverTest::$profitShareReceiver must not be accessed before initialization

/home/admin/work/source/php-monorepo/packages/wechat-pay-profit-share-bundle/tests/Entity/ProfitShareReceiverTest.php:132</error>
        </testcase>
        <testcase name="testOptionalStringFieldsGetterSetter with data set #12" file="/home/admin/work/source/php-monorepo/packages/wechat-pay-profit-share-bundle/tests/Entity/ProfitShareReceiverTest.php" line="120" class="Tourze\WechatPayProfitShareBundle\Tests\Entity\ProfitShareReceiverTest" classname="Tourze.WechatPayProfitShareBundle.Tests.Entity.ProfitShareReceiverTest" assertions="0" time="0.000099">
          <error type="Error">Tourze\WechatPayProfitShareBundle\Tests\Entity\ProfitShareReceiverTest::testOptionalStringFieldsGetterSetter with data set #12
Error: Typed property Tourze\WechatPayProfitShareBundle\Tests\Entity\ProfitShareReceiverTest::$profitShareReceiver must not be accessed before initialization

/home/admin/work/source/php-monorepo/packages/wechat-pay-profit-share-bundle/tests/Entity/ProfitShareReceiverTest.php:132</error>
        </testcase>
      </testsuite>
      <testsuite name="Tourze\WechatPayProfitShareBundle\Tests\Entity\ProfitShareReceiverTest::testAmountGetterSetter" tests="5" assertions="0" errors="5" failures="0" skipped="0" time="0.000470">
        <testcase name="testAmountGetterSetter with data set #0" file="/home/admin/work/source/php-monorepo/packages/wechat-pay-profit-share-bundle/tests/Entity/ProfitShareReceiverTest.php" line="161" class="Tourze\WechatPayProfitShareBundle\Tests\Entity\ProfitShareReceiverTest" classname="Tourze.WechatPayProfitShareBundle.Tests.Entity.ProfitShareReceiverTest" assertions="0" time="0.000099">
          <error type="Error">Tourze\WechatPayProfitShareBundle\Tests\Entity\ProfitShareReceiverTest::testAmountGetterSetter with data set #0
Error: Typed property Tourze\WechatPayProfitShareBundle\Tests\Entity\ProfitShareReceiverTest::$profitShareReceiver must not be accessed before initialization

/home/admin/work/source/php-monorepo/packages/wechat-pay-profit-share-bundle/tests/Entity/ProfitShareReceiverTest.php:163</error>
        </testcase>
        <testcase name="testAmountGetterSetter with data set #1" file="/home/admin/work/source/php-monorepo/packages/wechat-pay-profit-share-bundle/tests/Entity/ProfitShareReceiverTest.php" line="161" class="Tourze\WechatPayProfitShareBundle\Tests\Entity\ProfitShareReceiverTest" classname="Tourze.WechatPayProfitShareBundle.Tests.Entity.ProfitShareReceiverTest" assertions="0" time="0.000094">
          <error type="Error">Tourze\WechatPayProfitShareBundle\Tests\Entity\ProfitShareReceiverTest::testAmountGetterSetter with data set #1
Error: Typed property Tourze\WechatPayProfitShareBundle\Tests\Entity\ProfitShareReceiverTest::$profitShareReceiver must not be accessed before initialization

/home/admin/work/source/php-monorepo/packages/wechat-pay-profit-share-bundle/tests/Entity/ProfitShareReceiverTest.php:163</error>
        </testcase>
        <testcase name="testAmountGetterSetter with data set #2" file="/home/admin/work/source/php-monorepo/packages/wechat-pay-profit-share-bundle/tests/Entity/ProfitShareReceiverTest.php" line="161" class="Tourze\WechatPayProfitShareBundle\Tests\Entity\ProfitShareReceiverTest" classname="Tourze.WechatPayProfitShareBundle.Tests.Entity.ProfitShareReceiverTest" assertions="0" time="0.000093">
          <error type="Error">Tourze\WechatPayProfitShareBundle\Tests\Entity\ProfitShareReceiverTest::testAmountGetterSetter with data set #2
Error: Typed property Tourze\WechatPayProfitShareBundle\Tests\Entity\ProfitShareReceiverTest::$profitShareReceiver must not be accessed before initialization

/home/admin/work/source/php-monorepo/packages/wechat-pay-profit-share-bundle/tests/Entity/ProfitShareReceiverTest.php:163</error>
        </testcase>
        <testcase name="testAmountGetterSetter with data set #3" file="/home/admin/work/source/php-monorepo/packages/wechat-pay-profit-share-bundle/tests/Entity/ProfitShareReceiverTest.php" line="161" class="Tourze\WechatPayProfitShareBundle\Tests\Entity\ProfitShareReceiverTest" classname="Tourze.WechatPayProfitShareBundle.Tests.Entity.ProfitShareReceiverTest" assertions="0" time="0.000092">
          <error type="Error">Tourze\WechatPayProfitShareBundle\Tests\Entity\ProfitShareReceiverTest::testAmountGetterSetter with data set #3
Error: Typed property Tourze\WechatPayProfitShareBundle\Tests\Entity\ProfitShareReceiverTest::$profitShareReceiver must not be accessed before initialization

/home/admin/work/source/php-monorepo/packages/wechat-pay-profit-share-bundle/tests/Entity/ProfitShareReceiverTest.php:163</error>
        </testcase>
        <testcase name="testAmountGetterSetter with data set #4" file="/home/admin/work/source/php-monorepo/packages/wechat-pay-profit-share-bundle/tests/Entity/ProfitShareReceiverTest.php" line="161" class="Tourze\WechatPayProfitShareBundle\Tests\Entity\ProfitShareReceiverTest" classname="Tourze.WechatPayProfitShareBundle.Tests.Entity.ProfitShareReceiverTest" assertions="0" time="0.000092">
          <error type="Error">Tourze\WechatPayProfitShareBundle\Tests\Entity\ProfitShareReceiverTest::testAmountGetterSetter with data set #4
Error: Typed property Tourze\WechatPayProfitShareBundle\Tests\Entity\ProfitShareReceiverTest::$profitShareReceiver must not be accessed before initialization

/home/admin/work/source/php-monorepo/packages/wechat-pay-profit-share-bundle/tests/Entity/ProfitShareReceiverTest.php:163</error>
        </testcase>
      </testsuite>
      <testcase name="testResultGetterSetter" file="/home/admin/work/source/php-monorepo/packages/wechat-pay-profit-share-bundle/tests/Entity/ProfitShareReceiverTest.php" line="181" class="Tourze\WechatPayProfitShareBundle\Tests\Entity\ProfitShareReceiverTest" classname="Tourze.WechatPayProfitShareBundle.Tests.Entity.ProfitShareReceiverTest" assertions="0" time="0.000085">
        <error type="Error">Tourze\WechatPayProfitShareBundle\Tests\Entity\ProfitShareReceiverTest::testResultGetterSetter
Error: Typed property Tourze\WechatPayProfitShareBundle\Tests\Entity\ProfitShareReceiverTest::$profitShareReceiver must not be accessed before initialization

/home/admin/work/source/php-monorepo/packages/wechat-pay-profit-share-bundle/tests/Entity/ProfitShareReceiverTest.php:183</error>
      </testcase>
      <testsuite name="Tourze\WechatPayProfitShareBundle\Tests\Entity\ProfitShareReceiverTest::testDatetimeFieldsGetterSetter" tests="6" assertions="0" errors="4" failures="0" skipped="0" time="0.000557">
        <testcase name="testDatetimeFieldsGetterSetter with data set #0" file="/home/admin/work/source/php-monorepo/packages/wechat-pay-profit-share-bundle/tests/Entity/ProfitShareReceiverTest.php" line="192" class="Tourze\WechatPayProfitShareBundle\Tests\Entity\ProfitShareReceiverTest" classname="Tourze.WechatPayProfitShareBundle.Tests.Entity.ProfitShareReceiverTest" assertions="0" time="0.000103">
          <error type="Error">Tourze\WechatPayProfitShareBundle\Tests\Entity\ProfitShareReceiverTest::testDatetimeFieldsGetterSetter with data set #0
Error: Typed property Tourze\WechatPayProfitShareBundle\Tests\Entity\ProfitShareReceiverTest::$profitShareReceiver must not be accessed before initialization

/home/admin/work/source/php-monorepo/packages/wechat-pay-profit-share-bundle/tests/Entity/ProfitShareReceiverTest.php:196</error>
        </testcase>
        <testcase name="testDatetimeFieldsGetterSetter with data set #1" file="/home/admin/work/source/php-monorepo/packages/wechat-pay-profit-share-bundle/tests/Entity/ProfitShareReceiverTest.php" line="192" class="Tourze\WechatPayProfitShareBundle\Tests\Entity\ProfitShareReceiverTest" classname="Tourze.WechatPayProfitShareBundle.Tests.Entity.ProfitShareReceiverTest" assertions="0" time="0.000102">
          <error type="Error">Tourze\WechatPayProfitShareBundle\Tests\Entity\ProfitShareReceiverTest::testDatetimeFieldsGetterSetter with data set #1
Error: Typed property Tourze\WechatPayProfitShareBundle\Tests\Entity\ProfitShareReceiverTest::$profitShareReceiver must not be accessed before initialization

/home/admin/work/source/php-monorepo/packages/wechat-pay-profit-share-bundle/tests/Entity/ProfitShareReceiverTest.php:196</error>
        </testcase>
        <testcase name="testDatetimeFieldsGetterSetter with data set #2" file="/home/admin/work/source/php-monorepo/packages/wechat-pay-profit-share-bundle/tests/Entity/ProfitShareReceiverTest.php" line="192" class="Tourze\WechatPayProfitShareBundle\Tests\Entity\ProfitShareReceiverTest" classname="Tourze.WechatPayProfitShareBundle.Tests.Entity.ProfitShareReceiverTest" assertions="0" time="0.000098">
          <error type="Error">Tourze\WechatPayProfitShareBundle\Tests\Entity\ProfitShareReceiverTest::testDatetimeFieldsGetterSetter with data set #2
Error: Typed property Tourze\WechatPayProfitShareBundle\Tests\Entity\ProfitShareReceiverTest::$profitShareReceiver must not be accessed before initialization

/home/admin/work/source/php-monorepo/packages/wechat-pay-profit-share-bundle/tests/Entity/ProfitShareReceiverTest.php:200</error>
        </testcase>
        <testcase name="testDatetimeFieldsGetterSetter with data set #3" file="/home/admin/work/source/php-monorepo/packages/wechat-pay-profit-share-bundle/tests/Entity/ProfitShareReceiverTest.php" line="192" class="Tourze\WechatPayProfitShareBundle\Tests\Entity\ProfitShareReceiverTest" classname="Tourze.WechatPayProfitShareBundle.Tests.Entity.ProfitShareReceiverTest" assertions="0" time="0.000105">
          <error type="Error">Tourze\WechatPayProfitShareBundle\Tests\Entity\ProfitShareReceiverTest::testDatetimeFieldsGetterSetter with data set #3
Error: Typed property Tourze\WechatPayProfitShareBundle\Tests\Entity\ProfitShareReceiverTest::$profitShareReceiver must not be accessed before initialization

/home/admin/work/source/php-monorepo/packages/wechat-pay-profit-share-bundle/tests/Entity/ProfitShareReceiverTest.php:200</error>
        </testcase>
        <testcase name="testDatetimeFieldsGetterSetter with data set #4" file="/home/admin/work/source/php-monorepo/packages/wechat-pay-profit-share-bundle/tests/Entity/ProfitShareReceiverTest.php" line="192" class="Tourze\WechatPayProfitShareBundle\Tests\Entity\ProfitShareReceiverTest" classname="Tourze.WechatPayProfitShareBundle.Tests.Entity.ProfitShareReceiverTest" assertions="0" time="0.000080"/>
        <testcase name="testDatetimeFieldsGetterSetter with data set #5" file="/home/admin/work/source/php-monorepo/packages/wechat-pay-profit-share-bundle/tests/Entity/ProfitShareReceiverTest.php" line="192" class="Tourze\WechatPayProfitShareBundle\Tests\Entity\ProfitShareReceiverTest" classname="Tourze.WechatPayProfitShareBundle.Tests.Entity.ProfitShareReceiverTest" assertions="0" time="0.000069"/>
      </testsuite>
      <testsuite name="Tourze\WechatPayProfitShareBundle\Tests\Entity\ProfitShareReceiverTest::testRetryCountGetterSetter" tests="5" assertions="0" errors="5" failures="0" skipped="0" time="0.000489">
        <testcase name="testRetryCountGetterSetter with data set #0" file="/home/admin/work/source/php-monorepo/packages/wechat-pay-profit-share-bundle/tests/Entity/ProfitShareReceiverTest.php" line="222" class="Tourze\WechatPayProfitShareBundle\Tests\Entity\ProfitShareReceiverTest" classname="Tourze.WechatPayProfitShareBundle.Tests.Entity.ProfitShareReceiverTest" assertions="0" time="0.000102">
          <error type="Error">Tourze\WechatPayProfitShareBundle\Tests\Entity\ProfitShareReceiverTest::testRetryCountGetterSetter with data set #0
Error: Typed property Tourze\WechatPayProfitShareBundle\Tests\Entity\ProfitShareReceiverTest::$profitShareReceiver must not be accessed before initialization

/home/admin/work/source/php-monorepo/packages/wechat-pay-profit-share-bundle/tests/Entity/ProfitShareReceiverTest.php:224</error>
        </testcase>
        <testcase name="testRetryCountGetterSetter with data set #1" file="/home/admin/work/source/php-monorepo/packages/wechat-pay-profit-share-bundle/tests/Entity/ProfitShareReceiverTest.php" line="222" class="Tourze\WechatPayProfitShareBundle\Tests\Entity\ProfitShareReceiverTest" classname="Tourze.WechatPayProfitShareBundle.Tests.Entity.ProfitShareReceiverTest" assertions="0" time="0.000096">
          <error type="Error">Tourze\WechatPayProfitShareBundle\Tests\Entity\ProfitShareReceiverTest::testRetryCountGetterSetter with data set #1
Error: Typed property Tourze\WechatPayProfitShareBundle\Tests\Entity\ProfitShareReceiverTest::$profitShareReceiver must not be accessed before initialization

/home/admin/work/source/php-monorepo/packages/wechat-pay-profit-share-bundle/tests/Entity/ProfitShareReceiverTest.php:224</error>
        </testcase>
        <testcase name="testRetryCountGetterSetter with data set #2" file="/home/admin/work/source/php-monorepo/packages/wechat-pay-profit-share-bundle/tests/Entity/ProfitShareReceiverTest.php" line="222" class="Tourze\WechatPayProfitShareBundle\Tests\Entity\ProfitShareReceiverTest" classname="Tourze.WechatPayProfitShareBundle.Tests.Entity.ProfitShareReceiverTest" assertions="0" time="0.000103">
          <error type="Error">Tourze\WechatPayProfitShareBundle\Tests\Entity\ProfitShareReceiverTest::testRetryCountGetterSetter with data set #2
Error: Typed property Tourze\WechatPayProfitShareBundle\Tests\Entity\ProfitShareReceiverTest::$profitShareReceiver must not be accessed before initialization

/home/admin/work/source/php-monorepo/packages/wechat-pay-profit-share-bundle/tests/Entity/ProfitShareReceiverTest.php:224</error>
        </testcase>
        <testcase name="testRetryCountGetterSetter with data set #3" file="/home/admin/work/source/php-monorepo/packages/wechat-pay-profit-share-bundle/tests/Entity/ProfitShareReceiverTest.php" line="222" class="Tourze\WechatPayProfitShareBundle\Tests\Entity\ProfitShareReceiverTest" classname="Tourze.WechatPayProfitShareBundle.Tests.Entity.ProfitShareReceiverTest" assertions="0" time="0.000094">
          <error type="Error">Tourze\WechatPayProfitShareBundle\Tests\Entity\ProfitShareReceiverTest::testRetryCountGetterSetter with data set #3
Error: Typed property Tourze\WechatPayProfitShareBundle\Tests\Entity\ProfitShareReceiverTest::$profitShareReceiver must not be accessed before initialization

/home/admin/work/source/php-monorepo/packages/wechat-pay-profit-share-bundle/tests/Entity/ProfitShareReceiverTest.php:224</error>
        </testcase>
        <testcase name="testRetryCountGetterSetter with data set #4" file="/home/admin/work/source/php-monorepo/packages/wechat-pay-profit-share-bundle/tests/Entity/ProfitShareReceiverTest.php" line="222" class="Tourze\WechatPayProfitShareBundle\Tests\Entity\ProfitShareReceiverTest" classname="Tourze.WechatPayProfitShareBundle.Tests.Entity.ProfitShareReceiverTest" assertions="0" time="0.000094">
          <error type="Error">Tourze\WechatPayProfitShareBundle\Tests\Entity\ProfitShareReceiverTest::testRetryCountGetterSetter with data set #4
Error: Typed property Tourze\WechatPayProfitShareBundle\Tests\Entity\ProfitShareReceiverTest::$profitShareReceiver must not be accessed before initialization

/home/admin/work/source/php-monorepo/packages/wechat-pay-profit-share-bundle/tests/Entity/ProfitShareReceiverTest.php:224</error>
        </testcase>
      </testsuite>
      <testsuite name="Tourze\WechatPayProfitShareBundle\Tests\Entity\ProfitShareReceiverTest::testBooleanFieldsGetterSetter" tests="2" assertions="0" errors="2" failures="0" skipped="0" time="0.000200">
        <testcase name="testBooleanFieldsGetterSetter with data set #0" file="/home/admin/work/source/php-monorepo/packages/wechat-pay-profit-share-bundle/tests/Entity/ProfitShareReceiverTest.php" line="243" class="Tourze\WechatPayProfitShareBundle\Tests\Entity\ProfitShareReceiverTest" classname="Tourze.WechatPayProfitShareBundle.Tests.Entity.ProfitShareReceiverTest" assertions="0" time="0.000103">
          <error type="Error">Tourze\WechatPayProfitShareBundle\Tests\Entity\ProfitShareReceiverTest::testBooleanFieldsGetterSetter with data set #0
Error: Typed property Tourze\WechatPayProfitShareBundle\Tests\Entity\ProfitShareReceiverTest::$profitShareReceiver must not be accessed before initialization

/home/admin/work/source/php-monorepo/packages/wechat-pay-profit-share-bundle/tests/Entity/ProfitShareReceiverTest.php:247</error>
        </testcase>
        <testcase name="testBooleanFieldsGetterSetter with data set #1" file="/home/admin/work/source/php-monorepo/packages/wechat-pay-profit-share-bundle/tests/Entity/ProfitShareReceiverTest.php" line="243" class="Tourze\WechatPayProfitShareBundle\Tests\Entity\ProfitShareReceiverTest" classname="Tourze.WechatPayProfitShareBundle.Tests.Entity.ProfitShareReceiverTest" assertions="0" time="0.000097">
          <error type="Error">Tourze\WechatPayProfitShareBundle\Tests\Entity\ProfitShareReceiverTest::testBooleanFieldsGetterSetter with data set #1
Error: Typed property Tourze\WechatPayProfitShareBundle\Tests\Entity\ProfitShareReceiverTest::$profitShareReceiver must not be accessed before initialization

/home/admin/work/source/php-monorepo/packages/wechat-pay-profit-share-bundle/tests/Entity/ProfitShareReceiverTest.php:247</error>
        </testcase>
      </testsuite>
      <testsuite name="Tourze\WechatPayProfitShareBundle\Tests\Entity\ProfitShareReceiverTest::testMetadataGetterSetter" tests="6" assertions="0" errors="6" failures="0" skipped="0" time="0.000595">
        <testcase name="testMetadataGetterSetter with data set #0" file="/home/admin/work/source/php-monorepo/packages/wechat-pay-profit-share-bundle/tests/Entity/ProfitShareReceiverTest.php" line="265" class="Tourze\WechatPayProfitShareBundle\Tests\Entity\ProfitShareReceiverTest" classname="Tourze.WechatPayProfitShareBundle.Tests.Entity.ProfitShareReceiverTest" assertions="0" time="0.000097">
          <error type="Error">Tourze\WechatPayProfitShareBundle\Tests\Entity\ProfitShareReceiverTest::testMetadataGetterSetter with data set #0
Error: Typed property Tourze\WechatPayProfitShareBundle\Tests\Entity\ProfitShareReceiverTest::$profitShareReceiver must not be accessed before initialization

/home/admin/work/source/php-monorepo/packages/wechat-pay-profit-share-bundle/tests/Entity/ProfitShareReceiverTest.php:267</error>
        </testcase>
        <testcase name="testMetadataGetterSetter with data set #1" file="/home/admin/work/source/php-monorepo/packages/wechat-pay-profit-share-bundle/tests/Entity/ProfitShareReceiverTest.php" line="265" class="Tourze\WechatPayProfitShareBundle\Tests\Entity\ProfitShareReceiverTest" classname="Tourze.WechatPayProfitShareBundle.Tests.Entity.ProfitShareReceiverTest" assertions="0" time="0.000095">
          <error type="Error">Tourze\WechatPayProfitShareBundle\Tests\Entity\ProfitShareReceiverTest::testMetadataGetterSetter with data set #1
Error: Typed property Tourze\WechatPayProfitShareBundle\Tests\Entity\ProfitShareReceiverTest::$profitShareReceiver must not be accessed before initialization

/home/admin/work/source/php-monorepo/packages/wechat-pay-profit-share-bundle/tests/Entity/ProfitShareReceiverTest.php:267</error>
        </testcase>
        <testcase name="testMetadataGetterSetter with data set #2" file="/home/admin/work/source/php-monorepo/packages/wechat-pay-profit-share-bundle/tests/Entity/ProfitShareReceiverTest.php" line="265" class="Tourze\WechatPayProfitShareBundle\Tests\Entity\ProfitShareReceiverTest" classname="Tourze.WechatPayProfitShareBundle.Tests.Entity.ProfitShareReceiverTest" assertions="0" time="0.000098">
          <error type="Error">Tourze\WechatPayProfitShareBundle\Tests\Entity\ProfitShareReceiverTest::testMetadataGetterSetter with data set #2
Error: Typed property Tourze\WechatPayProfitShareBundle\Tests\Entity\ProfitShareReceiverTest::$profitShareReceiver must not be accessed before initialization

/home/admin/work/source/php-monorepo/packages/wechat-pay-profit-share-bundle/tests/Entity/ProfitShareReceiverTest.php:267</error>
        </testcase>
        <testcase name="testMetadataGetterSetter with data set #3" file="/home/admin/work/source/php-monorepo/packages/wechat-pay-profit-share-bundle/tests/Entity/ProfitShareReceiverTest.php" line="265" class="Tourze\WechatPayProfitShareBundle\Tests\Entity\ProfitShareReceiverTest" classname="Tourze.WechatPayProfitShareBundle.Tests.Entity.ProfitShareReceiverTest" assertions="0" time="0.000104">
          <error type="Error">Tourze\WechatPayProfitShareBundle\Tests\Entity\ProfitShareReceiverTest::testMetadataGetterSetter with data set #3
Error: Typed property Tourze\WechatPayProfitShareBundle\Tests\Entity\ProfitShareReceiverTest::$profitShareReceiver must not be accessed before initialization

/home/admin/work/source/php-monorepo/packages/wechat-pay-profit-share-bundle/tests/Entity/ProfitShareReceiverTest.php:267</error>
        </testcase>
        <testcase name="testMetadataGetterSetter with data set #4" file="/home/admin/work/source/php-monorepo/packages/wechat-pay-profit-share-bundle/tests/Entity/ProfitShareReceiverTest.php" line="265" class="Tourze\WechatPayProfitShareBundle\Tests\Entity\ProfitShareReceiverTest" classname="Tourze.WechatPayProfitShareBundle.Tests.Entity.ProfitShareReceiverTest" assertions="0" time="0.000099">
          <error type="Error">Tourze\WechatPayProfitShareBundle\Tests\Entity\ProfitShareReceiverTest::testMetadataGetterSetter with data set #4
Error: Typed property Tourze\WechatPayProfitShareBundle\Tests\Entity\ProfitShareReceiverTest::$profitShareReceiver must not be accessed before initialization

/home/admin/work/source/php-monorepo/packages/wechat-pay-profit-share-bundle/tests/Entity/ProfitShareReceiverTest.php:267</error>
        </testcase>
        <testcase name="testMetadataGetterSetter with data set #5" file="/home/admin/work/source/php-monorepo/packages/wechat-pay-profit-share-bundle/tests/Entity/ProfitShareReceiverTest.php" line="265" class="Tourze\WechatPayProfitShareBundle\Tests\Entity\ProfitShareReceiverTest" classname="Tourze.WechatPayProfitShareBundle.Tests.Entity.ProfitShareReceiverTest" assertions="0" time="0.000102">
          <error type="Error">Tourze\WechatPayProfitShareBundle\Tests\Entity\ProfitShareReceiverTest::testMetadataGetterSetter with data set #5
Error: Typed property Tourze\WechatPayProfitShareBundle\Tests\Entity\ProfitShareReceiverTest::$profitShareReceiver must not be accessed before initialization

/home/admin/work/source/php-monorepo/packages/wechat-pay-profit-share-bundle/tests/Entity/ProfitShareReceiverTest.php:267</error>
        </testcase>
      </testsuite>
      <testcase name="testTimestampGetters" file="/home/admin/work/source/php-monorepo/packages/wechat-pay-profit-share-bundle/tests/Entity/ProfitShareReceiverTest.php" line="286" class="Tourze\WechatPayProfitShareBundle\Tests\Entity\ProfitShareReceiverTest" classname="Tourze.WechatPayProfitShareBundle.Tests.Entity.ProfitShareReceiverTest" assertions="0" time="0.000084">
        <error type="Error">Tourze\WechatPayProfitShareBundle\Tests\Entity\ProfitShareReceiverTest::testTimestampGetters
Error: Typed property Tourze\WechatPayProfitShareBundle\Tests\Entity\ProfitShareReceiverTest::$profitShareReceiver must not be accessed before initialization

/home/admin/work/source/php-monorepo/packages/wechat-pay-profit-share-bundle/tests/Entity/ProfitShareReceiverTest.php:289</error>
      </testcase>
      <testcase name="testToString" file="/home/admin/work/source/php-monorepo/packages/wechat-pay-profit-share-bundle/tests/Entity/ProfitShareReceiverTest.php" line="297" class="Tourze\WechatPayProfitShareBundle\Tests\Entity\ProfitShareReceiverTest" classname="Tourze.WechatPayProfitShareBundle.Tests.Entity.ProfitShareReceiverTest" assertions="0" time="0.000076">
        <error type="Error">Tourze\WechatPayProfitShareBundle\Tests\Entity\ProfitShareReceiverTest::testToString
Error: Typed property Tourze\WechatPayProfitShareBundle\Tests\Entity\ProfitShareReceiverTest::$profitShareReceiver must not be accessed before initialization

/home/admin/work/source/php-monorepo/packages/wechat-pay-profit-share-bundle/tests/Entity/ProfitShareReceiverTest.php:299</error>
      </testcase>
      <testcase name="testStringableImplementation" file="/home/admin/work/source/php-monorepo/packages/wechat-pay-profit-share-bundle/tests/Entity/ProfitShareReceiverTest.php" line="305" class="Tourze\WechatPayProfitShareBundle\Tests\Entity\ProfitShareReceiverTest" classname="Tourze.WechatPayProfitShareBundle.Tests.Entity.ProfitShareReceiverTest" assertions="0" time="0.000083">
        <error type="Error">Tourze\WechatPayProfitShareBundle\Tests\Entity\ProfitShareReceiverTest::testStringableImplementation
Error: Typed property Tourze\WechatPayProfitShareBundle\Tests\Entity\ProfitShareReceiverTest::$profitShareReceiver must not be accessed before initialization

/home/admin/work/source/php-monorepo/packages/wechat-pay-profit-share-bundle/tests/Entity/ProfitShareReceiverTest.php:307</error>
      </testcase>
      <testcase name="testSuccessfulReceiverWorkflow" file="/home/admin/work/source/php-monorepo/packages/wechat-pay-profit-share-bundle/tests/Entity/ProfitShareReceiverTest.php" line="311" class="Tourze\WechatPayProfitShareBundle\Tests\Entity\ProfitShareReceiverTest" classname="Tourze.WechatPayProfitShareBundle.Tests.Entity.ProfitShareReceiverTest" assertions="0" time="0.000099">
        <error type="Error">Tourze\WechatPayProfitShareBundle\Tests\Entity\ProfitShareReceiverTest::testSuccessfulReceiverWorkflow
Error: Typed property Tourze\WechatPayProfitShareBundle\Tests\Entity\ProfitShareReceiverTest::$profitShareReceiver must not be accessed before initialization

/home/admin/work/source/php-monorepo/packages/wechat-pay-profit-share-bundle/tests/Entity/ProfitShareReceiverTest.php:316</error>
      </testcase>
      <testcase name="testFailedReceiverWorkflow" file="/home/admin/work/source/php-monorepo/packages/wechat-pay-profit-share-bundle/tests/Entity/ProfitShareReceiverTest.php" line="340" class="Tourze\WechatPayProfitShareBundle\Tests\Entity\ProfitShareReceiverTest" classname="Tourze.WechatPayProfitShareBundle.Tests.Entity.ProfitShareReceiverTest" assertions="0" time="0.000092">
        <error type="Error">Tourze\WechatPayProfitShareBundle\Tests\Entity\ProfitShareReceiverTest::testFailedReceiverWorkflow
Error: Typed property Tourze\WechatPayProfitShareBundle\Tests\Entity\ProfitShareReceiverTest::$profitShareReceiver must not be accessed before initialization

/home/admin/work/source/php-monorepo/packages/wechat-pay-profit-share-bundle/tests/Entity/ProfitShareReceiverTest.php:345</error>
      </testcase>
      <testcase name="testRetryMechanism" file="/home/admin/work/source/php-monorepo/packages/wechat-pay-profit-share-bundle/tests/Entity/ProfitShareReceiverTest.php" line="367" class="Tourze\WechatPayProfitShareBundle\Tests\Entity\ProfitShareReceiverTest" classname="Tourze.WechatPayProfitShareBundle.Tests.Entity.ProfitShareReceiverTest" assertions="0" time="0.000090">
        <error type="Error">Tourze\WechatPayProfitShareBundle\Tests\Entity\ProfitShareReceiverTest::testRetryMechanism
Error: Typed property Tourze\WechatPayProfitShareBundle\Tests\Entity\ProfitShareReceiverTest::$profitShareReceiver must not be accessed before initialization

/home/admin/work/source/php-monorepo/packages/wechat-pay-profit-share-bundle/tests/Entity/ProfitShareReceiverTest.php:372</error>
      </testcase>
      <testcase name="testReceiverTypes" file="/home/admin/work/source/php-monorepo/packages/wechat-pay-profit-share-bundle/tests/Entity/ProfitShareReceiverTest.php" line="412" class="Tourze\WechatPayProfitShareBundle\Tests\Entity\ProfitShareReceiverTest" classname="Tourze.WechatPayProfitShareBundle.Tests.Entity.ProfitShareReceiverTest" assertions="3" time="0.000059"/>
      <testcase name="testAllResultStates" file="/home/admin/work/source/php-monorepo/packages/wechat-pay-profit-share-bundle/tests/Entity/ProfitShareReceiverTest.php" line="427" class="Tourze\WechatPayProfitShareBundle\Tests\Entity\ProfitShareReceiverTest" classname="Tourze.WechatPayProfitShareBundle.Tests.Entity.ProfitShareReceiverTest" assertions="0" time="0.000085">
        <error type="Error">Tourze\WechatPayProfitShareBundle\Tests\Entity\ProfitShareReceiverTest::testAllResultStates
Error: Typed property Tourze\WechatPayProfitShareBundle\Tests\Entity\ProfitShareReceiverTest::$profitShareReceiver must not be accessed before initialization

/home/admin/work/source/php-monorepo/packages/wechat-pay-profit-share-bundle/tests/Entity/ProfitShareReceiverTest.php:437</error>
      </testcase>
      <testcase name="testComplexReceiverScenario" file="/home/admin/work/source/php-monorepo/packages/wechat-pay-profit-share-bundle/tests/Entity/ProfitShareReceiverTest.php" line="443" class="Tourze\WechatPayProfitShareBundle\Tests\Entity\ProfitShareReceiverTest" classname="Tourze.WechatPayProfitShareBundle.Tests.Entity.ProfitShareReceiverTest" assertions="7" time="0.000114"/>
    </testsuite>
    <testsuite name="Tourze\WechatPayProfitShareBundle\Tests\Entity\ProfitShareReturnOrderTest" file="/home/admin/work/source/php-monorepo/packages/wechat-pay-profit-share-bundle/tests/Entity/ProfitShareReturnOrderTest.php" tests="67" assertions="15" errors="51" failures="0" skipped="0" time="0.006145">
      <testcase name="testShouldNotHaveRunTestsInSeparateProcesses" file="/home/admin/work/source/php-monorepo/packages/phpunit-doctrine-entity/src/AbstractEntityTestCase.php" line="28" class="Tourze\WechatPayProfitShareBundle\Tests\Entity\ProfitShareReturnOrderTest" classname="Tourze.WechatPayProfitShareBundle.Tests.Entity.ProfitShareReturnOrderTest" assertions="1" time="0.000084"/>
      <testcase name="testIsEntityClass" file="/home/admin/work/source/php-monorepo/packages/phpunit-doctrine-entity/src/AbstractEntityTestCase.php" line="38" class="Tourze\WechatPayProfitShareBundle\Tests\Entity\ProfitShareReturnOrderTest" classname="Tourze.WechatPayProfitShareBundle.Tests.Entity.ProfitShareReturnOrderTest" assertions="3" time="0.000062"/>
      <testcase name="testDisallowUseMultipleCoversClass" file="/home/admin/work/source/php-monorepo/packages/phpunit-doctrine-entity/src/AbstractEntityTestCase.php" line="52" class="Tourze\WechatPayProfitShareBundle\Tests\Entity\ProfitShareReturnOrderTest" classname="Tourze.WechatPayProfitShareBundle.Tests.Entity.ProfitShareReturnOrderTest" assertions="1" time="0.000063"/>
      <testcase name="preferUseIndexColumnAttributeToDefineIndexWhenOnlyOneColumn" file="/home/admin/work/source/php-monorepo/packages/phpunit-doctrine-entity/src/AbstractEntityTestCase.php" line="114" class="Tourze\WechatPayProfitShareBundle\Tests\Entity\ProfitShareReturnOrderTest" classname="Tourze.WechatPayProfitShareBundle.Tests.Entity.ProfitShareReturnOrderTest" assertions="3" time="0.000069"/>
      <testcase name="testEntityInitialization" file="/home/admin/work/source/php-monorepo/packages/wechat-pay-profit-share-bundle/tests/Entity/ProfitShareReturnOrderTest.php" line="29" class="Tourze\WechatPayProfitShareBundle\Tests\Entity\ProfitShareReturnOrderTest" classname="Tourze.WechatPayProfitShareBundle.Tests.Entity.ProfitShareReturnOrderTest" assertions="0" time="0.000099">
        <error type="Error">Tourze\WechatPayProfitShareBundle\Tests\Entity\ProfitShareReturnOrderTest::testEntityInitialization
Error: Typed property Tourze\WechatPayProfitShareBundle\Tests\Entity\ProfitShareReturnOrderTest::$profitShareReturnOrder must not be accessed before initialization

/home/admin/work/source/php-monorepo/packages/wechat-pay-profit-share-bundle/tests/Entity/ProfitShareReturnOrderTest.php:31</error>
      </testcase>
      <testcase name="testMerchantGetterSetter" file="/home/admin/work/source/php-monorepo/packages/wechat-pay-profit-share-bundle/tests/Entity/ProfitShareReturnOrderTest.php" line="48" class="Tourze\WechatPayProfitShareBundle\Tests\Entity\ProfitShareReturnOrderTest" classname="Tourze.WechatPayProfitShareBundle.Tests.Entity.ProfitShareReturnOrderTest" assertions="0" time="0.000095">
        <error type="Error">Tourze\WechatPayProfitShareBundle\Tests\Entity\ProfitShareReturnOrderTest::testMerchantGetterSetter
Error: Typed property Tourze\WechatPayProfitShareBundle\Tests\Entity\ProfitShareReturnOrderTest::$profitShareReturnOrder must not be accessed before initialization

/home/admin/work/source/php-monorepo/packages/wechat-pay-profit-share-bundle/tests/Entity/ProfitShareReturnOrderTest.php:52</error>
      </testcase>
      <testsuite name="Tourze\WechatPayProfitShareBundle\Tests\Entity\ProfitShareReturnOrderTest::testRequiredStringFieldsGetterSetter" tests="4" assertions="0" errors="4" failures="0" skipped="0" time="0.000416">
        <testcase name="testRequiredStringFieldsGetterSetter with data set #0" file="/home/admin/work/source/php-monorepo/packages/wechat-pay-profit-share-bundle/tests/Entity/ProfitShareReturnOrderTest.php" line="62" class="Tourze\WechatPayProfitShareBundle\Tests\Entity\ProfitShareReturnOrderTest" classname="Tourze.WechatPayProfitShareBundle.Tests.Entity.ProfitShareReturnOrderTest" assertions="0" time="0.000110">
          <error type="Error">Tourze\WechatPayProfitShareBundle\Tests\Entity\ProfitShareReturnOrderTest::testRequiredStringFieldsGetterSetter with data set #0
Error: Typed property Tourze\WechatPayProfitShareBundle\Tests\Entity\ProfitShareReturnOrderTest::$profitShareReturnOrder must not be accessed before initialization

/home/admin/work/source/php-monorepo/packages/wechat-pay-profit-share-bundle/tests/Entity/ProfitShareReturnOrderTest.php:66</error>
        </testcase>
        <testcase name="testRequiredStringFieldsGetterSetter with data set #1" file="/home/admin/work/source/php-monorepo/packages/wechat-pay-profit-share-bundle/tests/Entity/ProfitShareReturnOrderTest.php" line="62" class="Tourze\WechatPayProfitShareBundle\Tests\Entity\ProfitShareReturnOrderTest" classname="Tourze.WechatPayProfitShareBundle.Tests.Entity.ProfitShareReturnOrderTest" assertions="0" time="0.000103">
          <error type="Error">Tourze\WechatPayProfitShareBundle\Tests\Entity\ProfitShareReturnOrderTest::testRequiredStringFieldsGetterSetter with data set #1
Error: Typed property Tourze\WechatPayProfitShareBundle\Tests\Entity\ProfitShareReturnOrderTest::$profitShareReturnOrder must not be accessed before initialization

/home/admin/work/source/php-monorepo/packages/wechat-pay-profit-share-bundle/tests/Entity/ProfitShareReturnOrderTest.php:66</error>
        </testcase>
        <testcase name="testRequiredStringFieldsGetterSetter with data set #2" file="/home/admin/work/source/php-monorepo/packages/wechat-pay-profit-share-bundle/tests/Entity/ProfitShareReturnOrderTest.php" line="62" class="Tourze\WechatPayProfitShareBundle\Tests\Entity\ProfitShareReturnOrderTest" classname="Tourze.WechatPayProfitShareBundle.Tests.Entity.ProfitShareReturnOrderTest" assertions="0" time="0.000100">
          <error type="Error">Tourze\WechatPayProfitShareBundle\Tests\Entity\ProfitShareReturnOrderTest::testRequiredStringFieldsGetterSetter with data set #2
Error: Typed property Tourze\WechatPayProfitShareBundle\Tests\Entity\ProfitShareReturnOrderTest::$profitShareReturnOrder must not be accessed before initialization

/home/admin/work/source/php-monorepo/packages/wechat-pay-profit-share-bundle/tests/Entity/ProfitShareReturnOrderTest.php:70</error>
        </testcase>
        <testcase name="testRequiredStringFieldsGetterSetter with data set #3" file="/home/admin/work/source/php-monorepo/packages/wechat-pay-profit-share-bundle/tests/Entity/ProfitShareReturnOrderTest.php" line="62" class="Tourze\WechatPayProfitShareBundle\Tests\Entity\ProfitShareReturnOrderTest" classname="Tourze.WechatPayProfitShareBundle.Tests.Entity.ProfitShareReturnOrderTest" assertions="0" time="0.000102">
          <error type="Error">Tourze\WechatPayProfitShareBundle\Tests\Entity\ProfitShareReturnOrderTest::testRequiredStringFieldsGetterSetter with data set #3
Error: Typed property Tourze\WechatPayProfitShareBundle\Tests\Entity\ProfitShareReturnOrderTest::$profitShareReturnOrder must not be accessed before initialization

/home/admin/work/source/php-monorepo/packages/wechat-pay-profit-share-bundle/tests/Entity/ProfitShareReturnOrderTest.php:70</error>
        </testcase>
      </testsuite>
      <testsuite name="Tourze\WechatPayProfitShareBundle\Tests\Entity\ProfitShareReturnOrderTest::testOptionalStringFieldsGetterSetter" tests="24" assertions="0" errors="13" failures="0" skipped="0" time="0.002074">
        <testcase name="testOptionalStringFieldsGetterSetter with data set #0" file="/home/admin/work/source/php-monorepo/packages/wechat-pay-profit-share-bundle/tests/Entity/ProfitShareReturnOrderTest.php" line="90" class="Tourze\WechatPayProfitShareBundle\Tests\Entity\ProfitShareReturnOrderTest" classname="Tourze.WechatPayProfitShareBundle.Tests.Entity.ProfitShareReturnOrderTest" assertions="0" time="0.000106">
          <error type="Error">Tourze\WechatPayProfitShareBundle\Tests\Entity\ProfitShareReturnOrderTest::testOptionalStringFieldsGetterSetter with data set #0
Error: Typed property Tourze\WechatPayProfitShareBundle\Tests\Entity\ProfitShareReturnOrderTest::$profitShareReturnOrder must not be accessed before initialization

/home/admin/work/source/php-monorepo/packages/wechat-pay-profit-share-bundle/tests/Entity/ProfitShareReturnOrderTest.php:94</error>
        </testcase>
        <testcase name="testOptionalStringFieldsGetterSetter with data set #1" file="/home/admin/work/source/php-monorepo/packages/wechat-pay-profit-share-bundle/tests/Entity/ProfitShareReturnOrderTest.php" line="90" class="Tourze\WechatPayProfitShareBundle\Tests\Entity\ProfitShareReturnOrderTest" classname="Tourze.WechatPayProfitShareBundle.Tests.Entity.ProfitShareReturnOrderTest" assertions="0" time="0.000115">
          <error type="Error">Tourze\WechatPayProfitShareBundle\Tests\Entity\ProfitShareReturnOrderTest::testOptionalStringFieldsGetterSetter with data set #1
Error: Typed property Tourze\WechatPayProfitShareBundle\Tests\Entity\ProfitShareReturnOrderTest::$profitShareReturnOrder must not be accessed before initialization

/home/admin/work/source/php-monorepo/packages/wechat-pay-profit-share-bundle/tests/Entity/ProfitShareReturnOrderTest.php:94</error>
        </testcase>
        <testcase name="testOptionalStringFieldsGetterSetter with data set #2" file="/home/admin/work/source/php-monorepo/packages/wechat-pay-profit-share-bundle/tests/Entity/ProfitShareReturnOrderTest.php" line="90" class="Tourze\WechatPayProfitShareBundle\Tests\Entity\ProfitShareReturnOrderTest" classname="Tourze.WechatPayProfitShareBundle.Tests.Entity.ProfitShareReturnOrderTest" assertions="0" time="0.000102">
          <error type="Error">Tourze\WechatPayProfitShareBundle\Tests\Entity\ProfitShareReturnOrderTest::testOptionalStringFieldsGetterSetter with data set #2
Error: Typed property Tourze\WechatPayProfitShareBundle\Tests\Entity\ProfitShareReturnOrderTest::$profitShareReturnOrder must not be accessed before initialization

/home/admin/work/source/php-monorepo/packages/wechat-pay-profit-share-bundle/tests/Entity/ProfitShareReturnOrderTest.php:94</error>
        </testcase>
        <testcase name="testOptionalStringFieldsGetterSetter with data set #3" file="/home/admin/work/source/php-monorepo/packages/wechat-pay-profit-share-bundle/tests/Entity/ProfitShareReturnOrderTest.php" line="90" class="Tourze\WechatPayProfitShareBundle\Tests\Entity\ProfitShareReturnOrderTest" classname="Tourze.WechatPayProfitShareBundle.Tests.Entity.ProfitShareReturnOrderTest" assertions="0" time="0.000101">
          <error type="Error">Tourze\WechatPayProfitShareBundle\Tests\Entity\ProfitShareReturnOrderTest::testOptionalStringFieldsGetterSetter with data set #3
Error: Typed property Tourze\WechatPayProfitShareBundle\Tests\Entity\ProfitShareReturnOrderTest::$profitShareReturnOrder must not be accessed before initialization

/home/admin/work/source/php-monorepo/packages/wechat-pay-profit-share-bundle/tests/Entity/ProfitShareReturnOrderTest.php:98</error>
        </testcase>
        <testcase name="testOptionalStringFieldsGetterSetter with data set #4" file="/home/admin/work/source/php-monorepo/packages/wechat-pay-profit-share-bundle/tests/Entity/ProfitShareReturnOrderTest.php" line="90" class="Tourze\WechatPayProfitShareBundle\Tests\Entity\ProfitShareReturnOrderTest" classname="Tourze.WechatPayProfitShareBundle.Tests.Entity.ProfitShareReturnOrderTest" assertions="0" time="0.000099">
          <error type="Error">Tourze\WechatPayProfitShareBundle\Tests\Entity\ProfitShareReturnOrderTest::testOptionalStringFieldsGetterSetter with data set #4
Error: Typed property Tourze\WechatPayProfitShareBundle\Tests\Entity\ProfitShareReturnOrderTest::$profitShareReturnOrder must not be accessed before initialization

/home/admin/work/source/php-monorepo/packages/wechat-pay-profit-share-bundle/tests/Entity/ProfitShareReturnOrderTest.php:98</error>
        </testcase>
        <testcase name="testOptionalStringFieldsGetterSetter with data set #5" file="/home/admin/work/source/php-monorepo/packages/wechat-pay-profit-share-bundle/tests/Entity/ProfitShareReturnOrderTest.php" line="90" class="Tourze\WechatPayProfitShareBundle\Tests\Entity\ProfitShareReturnOrderTest" classname="Tourze.WechatPayProfitShareBundle.Tests.Entity.ProfitShareReturnOrderTest" assertions="0" time="0.000098">
          <error type="Error">Tourze\WechatPayProfitShareBundle\Tests\Entity\ProfitShareReturnOrderTest::testOptionalStringFieldsGetterSetter with data set #5
Error: Typed property Tourze\WechatPayProfitShareBundle\Tests\Entity\ProfitShareReturnOrderTest::$profitShareReturnOrder must not be accessed before initialization

/home/admin/work/source/php-monorepo/packages/wechat-pay-profit-share-bundle/tests/Entity/ProfitShareReturnOrderTest.php:98</error>
        </testcase>
        <testcase name="testOptionalStringFieldsGetterSetter with data set #6" file="/home/admin/work/source/php-monorepo/packages/wechat-pay-profit-share-bundle/tests/Entity/ProfitShareReturnOrderTest.php" line="90" class="Tourze\WechatPayProfitShareBundle\Tests\Entity\ProfitShareReturnOrderTest" classname="Tourze.WechatPayProfitShareBundle.Tests.Entity.ProfitShareReturnOrderTest" assertions="0" time="0.000097">
          <error type="Error">Tourze\WechatPayProfitShareBundle\Tests\Entity\ProfitShareReturnOrderTest::testOptionalStringFieldsGetterSetter with data set #6
Error: Typed property Tourze\WechatPayProfitShareBundle\Tests\Entity\ProfitShareReturnOrderTest::$profitShareReturnOrder must not be accessed before initialization

/home/admin/work/source/php-monorepo/packages/wechat-pay-profit-share-bundle/tests/Entity/ProfitShareReturnOrderTest.php:102</error>
        </testcase>
        <testcase name="testOptionalStringFieldsGetterSetter with data set #7" file="/home/admin/work/source/php-monorepo/packages/wechat-pay-profit-share-bundle/tests/Entity/ProfitShareReturnOrderTest.php" line="90" class="Tourze\WechatPayProfitShareBundle\Tests\Entity\ProfitShareReturnOrderTest" classname="Tourze.WechatPayProfitShareBundle.Tests.Entity.ProfitShareReturnOrderTest" assertions="0" time="0.000097">
          <error type="Error">Tourze\WechatPayProfitShareBundle\Tests\Entity\ProfitShareReturnOrderTest::testOptionalStringFieldsGetterSetter with data set #7
Error: Typed property Tourze\WechatPayProfitShareBundle\Tests\Entity\ProfitShareReturnOrderTest::$profitShareReturnOrder must not be accessed before initialization

/home/admin/work/source/php-monorepo/packages/wechat-pay-profit-share-bundle/tests/Entity/ProfitShareReturnOrderTest.php:102</error>
        </testcase>
        <testcase name="testOptionalStringFieldsGetterSetter with data set #8" file="/home/admin/work/source/php-monorepo/packages/wechat-pay-profit-share-bundle/tests/Entity/ProfitShareReturnOrderTest.php" line="90" class="Tourze\WechatPayProfitShareBundle\Tests\Entity\ProfitShareReturnOrderTest" classname="Tourze.WechatPayProfitShareBundle.Tests.Entity.ProfitShareReturnOrderTest" assertions="0" time="0.000099">
          <error type="Error">Tourze\WechatPayProfitShareBundle\Tests\Entity\ProfitShareReturnOrderTest::testOptionalStringFieldsGetterSetter with data set #8
Error: Typed property Tourze\WechatPayProfitShareBundle\Tests\Entity\ProfitShareReturnOrderTest::$profitShareReturnOrder must not be accessed before initialization

/home/admin/work/source/php-monorepo/packages/wechat-pay-profit-share-bundle/tests/Entity/ProfitShareReturnOrderTest.php:102</error>
        </testcase>
        <testcase name="testOptionalStringFieldsGetterSetter with data set #9" file="/home/admin/work/source/php-monorepo/packages/wechat-pay-profit-share-bundle/tests/Entity/ProfitShareReturnOrderTest.php" line="90" class="Tourze\WechatPayProfitShareBundle\Tests\Entity\ProfitShareReturnOrderTest" classname="Tourze.WechatPayProfitShareBundle.Tests.Entity.ProfitShareReturnOrderTest" assertions="0" time="0.000100">
          <error type="Error">Tourze\WechatPayProfitShareBundle\Tests\Entity\ProfitShareReturnOrderTest::testOptionalStringFieldsGetterSetter with data set #9
Error: Typed property Tourze\WechatPayProfitShareBundle\Tests\Entity\ProfitShareReturnOrderTest::$profitShareReturnOrder must not be accessed before initialization

/home/admin/work/source/php-monorepo/packages/wechat-pay-profit-share-bundle/tests/Entity/ProfitShareReturnOrderTest.php:106</error>
        </testcase>
        <testcase name="testOptionalStringFieldsGetterSetter with data set #10" file="/home/admin/work/source/php-monorepo/packages/wechat-pay-profit-share-bundle/tests/Entity/ProfitShareReturnOrderTest.php" line="90" class="Tourze\WechatPayProfitShareBundle\Tests\Entity\ProfitShareReturnOrderTest" classname="Tourze.WechatPayProfitShareBundle.Tests.Entity.ProfitShareReturnOrderTest" assertions="0" time="0.000101">
          <error type="Error">Tourze\WechatPayProfitShareBundle\Tests\Entity\ProfitShareReturnOrderTest::testOptionalStringFieldsGetterSetter with data set #10
Error: Typed property Tourze\WechatPayProfitShareBundle\Tests\Entity\ProfitShareReturnOrderTest::$profitShareReturnOrder must not be accessed before initialization

/home/admin/work/source/php-monorepo/packages/wechat-pay-profit-share-bundle/tests/Entity/ProfitShareReturnOrderTest.php:106</error>
        </testcase>
        <testcase name="testOptionalStringFieldsGetterSetter with data set #11" file="/home/admin/work/source/php-monorepo/packages/wechat-pay-profit-share-bundle/tests/Entity/ProfitShareReturnOrderTest.php" line="90" class="Tourze\WechatPayProfitShareBundle\Tests\Entity\ProfitShareReturnOrderTest" classname="Tourze.WechatPayProfitShareBundle.Tests.Entity.ProfitShareReturnOrderTest" assertions="0" time="0.000099">
          <error type="Error">Tourze\WechatPayProfitShareBundle\Tests\Entity\ProfitShareReturnOrderTest::testOptionalStringFieldsGetterSetter with data set #11
Error: Typed property Tourze\WechatPayProfitShareBundle\Tests\Entity\ProfitShareReturnOrderTest::$profitShareReturnOrder must not be accessed before initialization

/home/admin/work/source/php-monorepo/packages/wechat-pay-profit-share-bundle/tests/Entity/ProfitShareReturnOrderTest.php:106</error>
        </testcase>
        <testcase name="testOptionalStringFieldsGetterSetter with data set #12" file="/home/admin/work/source/php-monorepo/packages/wechat-pay-profit-share-bundle/tests/Entity/ProfitShareReturnOrderTest.php" line="90" class="Tourze\WechatPayProfitShareBundle\Tests\Entity\ProfitShareReturnOrderTest" classname="Tourze.WechatPayProfitShareBundle.Tests.Entity.ProfitShareReturnOrderTest" assertions="0" time="0.000100">
          <error type="Error">Tourze\WechatPayProfitShareBundle\Tests\Entity\ProfitShareReturnOrderTest::testOptionalStringFieldsGetterSetter with data set #12
Error: Typed property Tourze\WechatPayProfitShareBundle\Tests\Entity\ProfitShareReturnOrderTest::$profitShareReturnOrder must not be accessed before initialization

/home/admin/work/source/php-monorepo/packages/wechat-pay-profit-share-bundle/tests/Entity/ProfitShareReturnOrderTest.php:106</error>
        </testcase>
        <testcase name="testOptionalStringFieldsGetterSetter with data set #13" file="/home/admin/work/source/php-monorepo/packages/wechat-pay-profit-share-bundle/tests/Entity/ProfitShareReturnOrderTest.php" line="90" class="Tourze\WechatPayProfitShareBundle\Tests\Entity\ProfitShareReturnOrderTest" classname="Tourze.WechatPayProfitShareBundle.Tests.Entity.ProfitShareReturnOrderTest" assertions="0" time="0.000083"/>
        <testcase name="testOptionalStringFieldsGetterSetter with data set #14" file="/home/admin/work/source/php-monorepo/packages/wechat-pay-profit-share-bundle/tests/Entity/ProfitShareReturnOrderTest.php" line="90" class="Tourze\WechatPayProfitShareBundle\Tests\Entity\ProfitShareReturnOrderTest" classname="Tourze.WechatPayProfitShareBundle.Tests.Entity.ProfitShareReturnOrderTest" assertions="0" time="0.000069"/>
        <testcase name="testOptionalStringFieldsGetterSetter with data set #15" file="/home/admin/work/source/php-monorepo/packages/wechat-pay-profit-share-bundle/tests/Entity/ProfitShareReturnOrderTest.php" line="90" class="Tourze\WechatPayProfitShareBundle\Tests\Entity\ProfitShareReturnOrderTest" classname="Tourze.WechatPayProfitShareBundle.Tests.Entity.ProfitShareReturnOrderTest" assertions="0" time="0.000069"/>
        <testcase name="testOptionalStringFieldsGetterSetter with data set #16" file="/home/admin/work/source/php-monorepo/packages/wechat-pay-profit-share-bundle/tests/Entity/ProfitShareReturnOrderTest.php" line="90" class="Tourze\WechatPayProfitShareBundle\Tests\Entity\ProfitShareReturnOrderTest" classname="Tourze.WechatPayProfitShareBundle.Tests.Entity.ProfitShareReturnOrderTest" assertions="0" time="0.000068"/>
        <testcase name="testOptionalStringFieldsGetterSetter with data set #17" file="/home/admin/work/source/php-monorepo/packages/wechat-pay-profit-share-bundle/tests/Entity/ProfitShareReturnOrderTest.php" line="90" class="Tourze\WechatPayProfitShareBundle\Tests\Entity\ProfitShareReturnOrderTest" classname="Tourze.WechatPayProfitShareBundle.Tests.Entity.ProfitShareReturnOrderTest" assertions="0" time="0.000066"/>
        <testcase name="testOptionalStringFieldsGetterSetter with data set #18" file="/home/admin/work/source/php-monorepo/packages/wechat-pay-profit-share-bundle/tests/Entity/ProfitShareReturnOrderTest.php" line="90" class="Tourze\WechatPayProfitShareBundle\Tests\Entity\ProfitShareReturnOrderTest" classname="Tourze.WechatPayProfitShareBundle.Tests.Entity.ProfitShareReturnOrderTest" assertions="0" time="0.000068"/>
        <testcase name="testOptionalStringFieldsGetterSetter with data set #19" file="/home/admin/work/source/php-monorepo/packages/wechat-pay-profit-share-bundle/tests/Entity/ProfitShareReturnOrderTest.php" line="90" class="Tourze\WechatPayProfitShareBundle\Tests\Entity\ProfitShareReturnOrderTest" classname="Tourze.WechatPayProfitShareBundle.Tests.Entity.ProfitShareReturnOrderTest" assertions="0" time="0.000067"/>
        <testcase name="testOptionalStringFieldsGetterSetter with data set #20" file="/home/admin/work/source/php-monorepo/packages/wechat-pay-profit-share-bundle/tests/Entity/ProfitShareReturnOrderTest.php" line="90" class="Tourze\WechatPayProfitShareBundle\Tests\Entity\ProfitShareReturnOrderTest" classname="Tourze.WechatPayProfitShareBundle.Tests.Entity.ProfitShareReturnOrderTest" assertions="0" time="0.000066"/>
        <testcase name="testOptionalStringFieldsGetterSetter with data set #21" file="/home/admin/work/source/php-monorepo/packages/wechat-pay-profit-share-bundle/tests/Entity/ProfitShareReturnOrderTest.php" line="90" class="Tourze\WechatPayProfitShareBundle\Tests\Entity\ProfitShareReturnOrderTest" classname="Tourze.WechatPayProfitShareBundle.Tests.Entity.ProfitShareReturnOrderTest" assertions="0" time="0.000068"/>
        <testcase name="testOptionalStringFieldsGetterSetter with data set #22" file="/home/admin/work/source/php-monorepo/packages/wechat-pay-profit-share-bundle/tests/Entity/ProfitShareReturnOrderTest.php" line="90" class="Tourze\WechatPayProfitShareBundle\Tests\Entity\ProfitShareReturnOrderTest" classname="Tourze.WechatPayProfitShareBundle.Tests.Entity.ProfitShareReturnOrderTest" assertions="0" time="0.000067"/>
        <testcase name="testOptionalStringFieldsGetterSetter with data set #23" file="/home/admin/work/source/php-monorepo/packages/wechat-pay-profit-share-bundle/tests/Entity/ProfitShareReturnOrderTest.php" line="90" class="Tourze\WechatPayProfitShareBundle\Tests\Entity\ProfitShareReturnOrderTest" classname="Tourze.WechatPayProfitShareBundle.Tests.Entity.ProfitShareReturnOrderTest" assertions="0" time="0.000067"/>
      </testsuite>
      <testsuite name="Tourze\WechatPayProfitShareBundle\Tests\Entity\ProfitShareReturnOrderTest::testAmountGetterSetter" tests="6" assertions="0" errors="6" failures="0" skipped="0" time="0.000579">
        <testcase name="testAmountGetterSetter with data set #0" file="/home/admin/work/source/php-monorepo/packages/wechat-pay-profit-share-bundle/tests/Entity/ProfitShareReturnOrderTest.php" line="146" class="Tourze\WechatPayProfitShareBundle\Tests\Entity\ProfitShareReturnOrderTest" classname="Tourze.WechatPayProfitShareBundle.Tests.Entity.ProfitShareReturnOrderTest" assertions="0" time="0.000105">
          <error type="Error">Tourze\WechatPayProfitShareBundle\Tests\Entity\ProfitShareReturnOrderTest::testAmountGetterSetter with data set #0
Error: Typed property Tourze\WechatPayProfitShareBundle\Tests\Entity\ProfitShareReturnOrderTest::$profitShareReturnOrder must not be accessed before initialization

/home/admin/work/source/php-monorepo/packages/wechat-pay-profit-share-bundle/tests/Entity/ProfitShareReturnOrderTest.php:148</error>
        </testcase>
        <testcase name="testAmountGetterSetter with data set #1" file="/home/admin/work/source/php-monorepo/packages/wechat-pay-profit-share-bundle/tests/Entity/ProfitShareReturnOrderTest.php" line="146" class="Tourze\WechatPayProfitShareBundle\Tests\Entity\ProfitShareReturnOrderTest" classname="Tourze.WechatPayProfitShareBundle.Tests.Entity.ProfitShareReturnOrderTest" assertions="0" time="0.000095">
          <error type="Error">Tourze\WechatPayProfitShareBundle\Tests\Entity\ProfitShareReturnOrderTest::testAmountGetterSetter with data set #1
Error: Typed property Tourze\WechatPayProfitShareBundle\Tests\Entity\ProfitShareReturnOrderTest::$profitShareReturnOrder must not be accessed before initialization

/home/admin/work/source/php-monorepo/packages/wechat-pay-profit-share-bundle/tests/Entity/ProfitShareReturnOrderTest.php:148</error>
        </testcase>
        <testcase name="testAmountGetterSetter with data set #2" file="/home/admin/work/source/php-monorepo/packages/wechat-pay-profit-share-bundle/tests/Entity/ProfitShareReturnOrderTest.php" line="146" class="Tourze\WechatPayProfitShareBundle\Tests\Entity\ProfitShareReturnOrderTest" classname="Tourze.WechatPayProfitShareBundle.Tests.Entity.ProfitShareReturnOrderTest" assertions="0" time="0.000097">
          <error type="Error">Tourze\WechatPayProfitShareBundle\Tests\Entity\ProfitShareReturnOrderTest::testAmountGetterSetter with data set #2
Error: Typed property Tourze\WechatPayProfitShareBundle\Tests\Entity\ProfitShareReturnOrderTest::$profitShareReturnOrder must not be accessed before initialization

/home/admin/work/source/php-monorepo/packages/wechat-pay-profit-share-bundle/tests/Entity/ProfitShareReturnOrderTest.php:148</error>
        </testcase>
        <testcase name="testAmountGetterSetter with data set #3" file="/home/admin/work/source/php-monorepo/packages/wechat-pay-profit-share-bundle/tests/Entity/ProfitShareReturnOrderTest.php" line="146" class="Tourze\WechatPayProfitShareBundle\Tests\Entity\ProfitShareReturnOrderTest" classname="Tourze.WechatPayProfitShareBundle.Tests.Entity.ProfitShareReturnOrderTest" assertions="0" time="0.000092">
          <error type="Error">Tourze\WechatPayProfitShareBundle\Tests\Entity\ProfitShareReturnOrderTest::testAmountGetterSetter with data set #3
Error: Typed property Tourze\WechatPayProfitShareBundle\Tests\Entity\ProfitShareReturnOrderTest::$profitShareReturnOrder must not be accessed before initialization

/home/admin/work/source/php-monorepo/packages/wechat-pay-profit-share-bundle/tests/Entity/ProfitShareReturnOrderTest.php:148</error>
        </testcase>
        <testcase name="testAmountGetterSetter with data set #4" file="/home/admin/work/source/php-monorepo/packages/wechat-pay-profit-share-bundle/tests/Entity/ProfitShareReturnOrderTest.php" line="146" class="Tourze\WechatPayProfitShareBundle\Tests\Entity\ProfitShareReturnOrderTest" classname="Tourze.WechatPayProfitShareBundle.Tests.Entity.ProfitShareReturnOrderTest" assertions="0" time="0.000091">
          <error type="Error">Tourze\WechatPayProfitShareBundle\Tests\Entity\ProfitShareReturnOrderTest::testAmountGetterSetter with data set #4
Error: Typed property Tourze\WechatPayProfitShareBundle\Tests\Entity\ProfitShareReturnOrderTest::$profitShareReturnOrder must not be accessed before initialization

/home/admin/work/source/php-monorepo/packages/wechat-pay-profit-share-bundle/tests/Entity/ProfitShareReturnOrderTest.php:148</error>
        </testcase>
        <testcase name="testAmountGetterSetter with data set #5" file="/home/admin/work/source/php-monorepo/packages/wechat-pay-profit-share-bundle/tests/Entity/ProfitShareReturnOrderTest.php" line="146" class="Tourze\WechatPayProfitShareBundle\Tests\Entity\ProfitShareReturnOrderTest" classname="Tourze.WechatPayProfitShareBundle.Tests.Entity.ProfitShareReturnOrderTest" assertions="0" time="0.000098">
          <error type="Error">Tourze\WechatPayProfitShareBundle\Tests\Entity\ProfitShareReturnOrderTest::testAmountGetterSetter with data set #5
Error: Typed property Tourze\WechatPayProfitShareBundle\Tests\Entity\ProfitShareReturnOrderTest::$profitShareReturnOrder must not be accessed before initialization

/home/admin/work/source/php-monorepo/packages/wechat-pay-profit-share-bundle/tests/Entity/ProfitShareReturnOrderTest.php:148</error>
        </testcase>
      </testsuite>
      <testsuite name="Tourze\WechatPayProfitShareBundle\Tests\Entity\ProfitShareReturnOrderTest::testDatetimeFieldsGetterSetter" tests="4" assertions="0" errors="4" failures="0" skipped="0" time="0.000398">
        <testcase name="testDatetimeFieldsGetterSetter with data set #0" file="/home/admin/work/source/php-monorepo/packages/wechat-pay-profit-share-bundle/tests/Entity/ProfitShareReturnOrderTest.php" line="168" class="Tourze\WechatPayProfitShareBundle\Tests\Entity\ProfitShareReturnOrderTest" classname="Tourze.WechatPayProfitShareBundle.Tests.Entity.ProfitShareReturnOrderTest" assertions="0" time="0.000102">
          <error type="Error">Tourze\WechatPayProfitShareBundle\Tests\Entity\ProfitShareReturnOrderTest::testDatetimeFieldsGetterSetter with data set #0
Error: Typed property Tourze\WechatPayProfitShareBundle\Tests\Entity\ProfitShareReturnOrderTest::$profitShareReturnOrder must not be accessed before initialization

/home/admin/work/source/php-monorepo/packages/wechat-pay-profit-share-bundle/tests/Entity/ProfitShareReturnOrderTest.php:172</error>
        </testcase>
        <testcase name="testDatetimeFieldsGetterSetter with data set #1" file="/home/admin/work/source/php-monorepo/packages/wechat-pay-profit-share-bundle/tests/Entity/ProfitShareReturnOrderTest.php" line="168" class="Tourze\WechatPayProfitShareBundle\Tests\Entity\ProfitShareReturnOrderTest" classname="Tourze.WechatPayProfitShareBundle.Tests.Entity.ProfitShareReturnOrderTest" assertions="0" time="0.000100">
          <error type="Error">Tourze\WechatPayProfitShareBundle\Tests\Entity\ProfitShareReturnOrderTest::testDatetimeFieldsGetterSetter with data set #1
Error: Typed property Tourze\WechatPayProfitShareBundle\Tests\Entity\ProfitShareReturnOrderTest::$profitShareReturnOrder must not be accessed before initialization

/home/admin/work/source/php-monorepo/packages/wechat-pay-profit-share-bundle/tests/Entity/ProfitShareReturnOrderTest.php:172</error>
        </testcase>
        <testcase name="testDatetimeFieldsGetterSetter with data set #2" file="/home/admin/work/source/php-monorepo/packages/wechat-pay-profit-share-bundle/tests/Entity/ProfitShareReturnOrderTest.php" line="168" class="Tourze\WechatPayProfitShareBundle\Tests\Entity\ProfitShareReturnOrderTest" classname="Tourze.WechatPayProfitShareBundle.Tests.Entity.ProfitShareReturnOrderTest" assertions="0" time="0.000097">
          <error type="Error">Tourze\WechatPayProfitShareBundle\Tests\Entity\ProfitShareReturnOrderTest::testDatetimeFieldsGetterSetter with data set #2
Error: Typed property Tourze\WechatPayProfitShareBundle\Tests\Entity\ProfitShareReturnOrderTest::$profitShareReturnOrder must not be accessed before initialization

/home/admin/work/source/php-monorepo/packages/wechat-pay-profit-share-bundle/tests/Entity/ProfitShareReturnOrderTest.php:176</error>
        </testcase>
        <testcase name="testDatetimeFieldsGetterSetter with data set #3" file="/home/admin/work/source/php-monorepo/packages/wechat-pay-profit-share-bundle/tests/Entity/ProfitShareReturnOrderTest.php" line="168" class="Tourze\WechatPayProfitShareBundle\Tests\Entity\ProfitShareReturnOrderTest" classname="Tourze.WechatPayProfitShareBundle.Tests.Entity.ProfitShareReturnOrderTest" assertions="0" time="0.000098">
          <error type="Error">Tourze\WechatPayProfitShareBundle\Tests\Entity\ProfitShareReturnOrderTest::testDatetimeFieldsGetterSetter with data set #3
Error: Typed property Tourze\WechatPayProfitShareBundle\Tests\Entity\ProfitShareReturnOrderTest::$profitShareReturnOrder must not be accessed before initialization

/home/admin/work/source/php-monorepo/packages/wechat-pay-profit-share-bundle/tests/Entity/ProfitShareReturnOrderTest.php:176</error>
        </testcase>
      </testsuite>
      <testsuite name="Tourze\WechatPayProfitShareBundle\Tests\Entity\ProfitShareReturnOrderTest::testPayloadFieldsGetterSetter" tests="6" assertions="0" errors="6" failures="0" skipped="0" time="0.000604">
        <testcase name="testPayloadFieldsGetterSetter with data set #0" file="/home/admin/work/source/php-monorepo/packages/wechat-pay-profit-share-bundle/tests/Entity/ProfitShareReturnOrderTest.php" line="196" class="Tourze\WechatPayProfitShareBundle\Tests\Entity\ProfitShareReturnOrderTest" classname="Tourze.WechatPayProfitShareBundle.Tests.Entity.ProfitShareReturnOrderTest" assertions="0" time="0.000100">
          <error type="Error">Tourze\WechatPayProfitShareBundle\Tests\Entity\ProfitShareReturnOrderTest::testPayloadFieldsGetterSetter with data set #0
Error: Typed property Tourze\WechatPayProfitShareBundle\Tests\Entity\ProfitShareReturnOrderTest::$profitShareReturnOrder must not be accessed before initialization

/home/admin/work/source/php-monorepo/packages/wechat-pay-profit-share-bundle/tests/Entity/ProfitShareReturnOrderTest.php:200</error>
        </testcase>
        <testcase name="testPayloadFieldsGetterSetter with data set #1" file="/home/admin/work/source/php-monorepo/packages/wechat-pay-profit-share-bundle/tests/Entity/ProfitShareReturnOrderTest.php" line="196" class="Tourze\WechatPayProfitShareBundle\Tests\Entity\ProfitShareReturnOrderTest" classname="Tourze.WechatPayProfitShareBundle.Tests.Entity.ProfitShareReturnOrderTest" assertions="0" time="0.000100">
          <error type="Error">Tourze\WechatPayProfitShareBundle\Tests\Entity\ProfitShareReturnOrderTest::testPayloadFieldsGetterSetter with data set #1
Error: Typed property Tourze\WechatPayProfitShareBundle\Tests\Entity\ProfitShareReturnOrderTest::$profitShareReturnOrder must not be accessed before initialization

/home/admin/work/source/php-monorepo/packages/wechat-pay-profit-share-bundle/tests/Entity/ProfitShareReturnOrderTest.php:200</error>
        </testcase>
        <testcase name="testPayloadFieldsGetterSetter with data set #2" file="/home/admin/work/source/php-monorepo/packages/wechat-pay-profit-share-bundle/tests/Entity/ProfitShareReturnOrderTest.php" line="196" class="Tourze\WechatPayProfitShareBundle\Tests\Entity\ProfitShareReturnOrderTest" classname="Tourze.WechatPayProfitShareBundle.Tests.Entity.ProfitShareReturnOrderTest" assertions="0" time="0.000103">
          <error type="Error">Tourze\WechatPayProfitShareBundle\Tests\Entity\ProfitShareReturnOrderTest::testPayloadFieldsGetterSetter with data set #2
Error: Typed property Tourze\WechatPayProfitShareBundle\Tests\Entity\ProfitShareReturnOrderTest::$profitShareReturnOrder must not be accessed before initialization

/home/admin/work/source/php-monorepo/packages/wechat-pay-profit-share-bundle/tests/Entity/ProfitShareReturnOrderTest.php:200</error>
        </testcase>
        <testcase name="testPayloadFieldsGetterSetter with data set #3" file="/home/admin/work/source/php-monorepo/packages/wechat-pay-profit-share-bundle/tests/Entity/ProfitShareReturnOrderTest.php" line="196" class="Tourze\WechatPayProfitShareBundle\Tests\Entity\ProfitShareReturnOrderTest" classname="Tourze.WechatPayProfitShareBundle.Tests.Entity.ProfitShareReturnOrderTest" assertions="0" time="0.000098">
          <error type="Error">Tourze\WechatPayProfitShareBundle\Tests\Entity\ProfitShareReturnOrderTest::testPayloadFieldsGetterSetter with data set #3
Error: Typed property Tourze\WechatPayProfitShareBundle\Tests\Entity\ProfitShareReturnOrderTest::$profitShareReturnOrder must not be accessed before initialization

/home/admin/work/source/php-monorepo/packages/wechat-pay-profit-share-bundle/tests/Entity/ProfitShareReturnOrderTest.php:204</error>
        </testcase>
        <testcase name="testPayloadFieldsGetterSetter with data set #4" file="/home/admin/work/source/php-monorepo/packages/wechat-pay-profit-share-bundle/tests/Entity/ProfitShareReturnOrderTest.php" line="196" class="Tourze\WechatPayProfitShareBundle\Tests\Entity\ProfitShareReturnOrderTest" classname="Tourze.WechatPayProfitShareBundle.Tests.Entity.ProfitShareReturnOrderTest" assertions="0" time="0.000099">
          <error type="Error">Tourze\WechatPayProfitShareBundle\Tests\Entity\ProfitShareReturnOrderTest::testPayloadFieldsGetterSetter with data set #4
Error: Typed property Tourze\WechatPayProfitShareBundle\Tests\Entity\ProfitShareReturnOrderTest::$profitShareReturnOrder must not be accessed before initialization

/home/admin/work/source/php-monorepo/packages/wechat-pay-profit-share-bundle/tests/Entity/ProfitShareReturnOrderTest.php:204</error>
        </testcase>
        <testcase name="testPayloadFieldsGetterSetter with data set #5" file="/home/admin/work/source/php-monorepo/packages/wechat-pay-profit-share-bundle/tests/Entity/ProfitShareReturnOrderTest.php" line="196" class="Tourze\WechatPayProfitShareBundle\Tests\Entity\ProfitShareReturnOrderTest" classname="Tourze.WechatPayProfitShareBundle.Tests.Entity.ProfitShareReturnOrderTest" assertions="0" time="0.000103">
          <error type="Error">Tourze\WechatPayProfitShareBundle\Tests\Entity\ProfitShareReturnOrderTest::testPayloadFieldsGetterSetter with data set #5
Error: Typed property Tourze\WechatPayProfitShareBundle\Tests\Entity\ProfitShareReturnOrderTest::$profitShareReturnOrder must not be accessed before initialization

/home/admin/work/source/php-monorepo/packages/wechat-pay-profit-share-bundle/tests/Entity/ProfitShareReturnOrderTest.php:204</error>
        </testcase>
      </testsuite>
      <testsuite name="Tourze\WechatPayProfitShareBundle\Tests\Entity\ProfitShareReturnOrderTest::testMetadataGetterSetter" tests="7" assertions="0" errors="7" failures="0" skipped="0" time="0.000694">
        <testcase name="testMetadataGetterSetter with data set #0" file="/home/admin/work/source/php-monorepo/packages/wechat-pay-profit-share-bundle/tests/Entity/ProfitShareReturnOrderTest.php" line="226" class="Tourze\WechatPayProfitShareBundle\Tests\Entity\ProfitShareReturnOrderTest" classname="Tourze.WechatPayProfitShareBundle.Tests.Entity.ProfitShareReturnOrderTest" assertions="0" time="0.000096">
          <error type="Error">Tourze\WechatPayProfitShareBundle\Tests\Entity\ProfitShareReturnOrderTest::testMetadataGetterSetter with data set #0
Error: Typed property Tourze\WechatPayProfitShareBundle\Tests\Entity\ProfitShareReturnOrderTest::$profitShareReturnOrder must not be accessed before initialization

/home/admin/work/source/php-monorepo/packages/wechat-pay-profit-share-bundle/tests/Entity/ProfitShareReturnOrderTest.php:228</error>
        </testcase>
        <testcase name="testMetadataGetterSetter with data set #1" file="/home/admin/work/source/php-monorepo/packages/wechat-pay-profit-share-bundle/tests/Entity/ProfitShareReturnOrderTest.php" line="226" class="Tourze\WechatPayProfitShareBundle\Tests\Entity\ProfitShareReturnOrderTest" classname="Tourze.WechatPayProfitShareBundle.Tests.Entity.ProfitShareReturnOrderTest" assertions="0" time="0.000095">
          <error type="Error">Tourze\WechatPayProfitShareBundle\Tests\Entity\ProfitShareReturnOrderTest::testMetadataGetterSetter with data set #1
Error: Typed property Tourze\WechatPayProfitShareBundle\Tests\Entity\ProfitShareReturnOrderTest::$profitShareReturnOrder must not be accessed before initialization

/home/admin/work/source/php-monorepo/packages/wechat-pay-profit-share-bundle/tests/Entity/ProfitShareReturnOrderTest.php:228</error>
        </testcase>
        <testcase name="testMetadataGetterSetter with data set #2" file="/home/admin/work/source/php-monorepo/packages/wechat-pay-profit-share-bundle/tests/Entity/ProfitShareReturnOrderTest.php" line="226" class="Tourze\WechatPayProfitShareBundle\Tests\Entity\ProfitShareReturnOrderTest" classname="Tourze.WechatPayProfitShareBundle.Tests.Entity.ProfitShareReturnOrderTest" assertions="0" time="0.000099">
          <error type="Error">Tourze\WechatPayProfitShareBundle\Tests\Entity\ProfitShareReturnOrderTest::testMetadataGetterSetter with data set #2
Error: Typed property Tourze\WechatPayProfitShareBundle\Tests\Entity\ProfitShareReturnOrderTest::$profitShareReturnOrder must not be accessed before initialization

/home/admin/work/source/php-monorepo/packages/wechat-pay-profit-share-bundle/tests/Entity/ProfitShareReturnOrderTest.php:228</error>
        </testcase>
        <testcase name="testMetadataGetterSetter with data set #3" file="/home/admin/work/source/php-monorepo/packages/wechat-pay-profit-share-bundle/tests/Entity/ProfitShareReturnOrderTest.php" line="226" class="Tourze\WechatPayProfitShareBundle\Tests\Entity\ProfitShareReturnOrderTest" classname="Tourze.WechatPayProfitShareBundle.Tests.Entity.ProfitShareReturnOrderTest" assertions="0" time="0.000098">
          <error type="Error">Tourze\WechatPayProfitShareBundle\Tests\Entity\ProfitShareReturnOrderTest::testMetadataGetterSetter with data set #3
Error: Typed property Tourze\WechatPayProfitShareBundle\Tests\Entity\ProfitShareReturnOrderTest::$profitShareReturnOrder must not be accessed before initialization

/home/admin/work/source/php-monorepo/packages/wechat-pay-profit-share-bundle/tests/Entity/ProfitShareReturnOrderTest.php:228</error>
        </testcase>
        <testcase name="testMetadataGetterSetter with data set #4" file="/home/admin/work/source/php-monorepo/packages/wechat-pay-profit-share-bundle/tests/Entity/ProfitShareReturnOrderTest.php" line="226" class="Tourze\WechatPayProfitShareBundle\Tests\Entity\ProfitShareReturnOrderTest" classname="Tourze.WechatPayProfitShareBundle.Tests.Entity.ProfitShareReturnOrderTest" assertions="0" time="0.000100">
          <error type="Error">Tourze\WechatPayProfitShareBundle\Tests\Entity\ProfitShareReturnOrderTest::testMetadataGetterSetter with data set #4
Error: Typed property Tourze\WechatPayProfitShareBundle\Tests\Entity\ProfitShareReturnOrderTest::$profitShareReturnOrder must not be accessed before initialization

/home/admin/work/source/php-monorepo/packages/wechat-pay-profit-share-bundle/tests/Entity/ProfitShareReturnOrderTest.php:228</error>
        </testcase>
        <testcase name="testMetadataGetterSetter with data set #5" file="/home/admin/work/source/php-monorepo/packages/wechat-pay-profit-share-bundle/tests/Entity/ProfitShareReturnOrderTest.php" line="226" class="Tourze\WechatPayProfitShareBundle\Tests\Entity\ProfitShareReturnOrderTest" classname="Tourze.WechatPayProfitShareBundle.Tests.Entity.ProfitShareReturnOrderTest" assertions="0" time="0.000103">
          <error type="Error">Tourze\WechatPayProfitShareBundle\Tests\Entity\ProfitShareReturnOrderTest::testMetadataGetterSetter with data set #5
Error: Typed property Tourze\WechatPayProfitShareBundle\Tests\Entity\ProfitShareReturnOrderTest::$profitShareReturnOrder must not be accessed before initialization

/home/admin/work/source/php-monorepo/packages/wechat-pay-profit-share-bundle/tests/Entity/ProfitShareReturnOrderTest.php:228</error>
        </testcase>
        <testcase name="testMetadataGetterSetter with data set #6" file="/home/admin/work/source/php-monorepo/packages/wechat-pay-profit-share-bundle/tests/Entity/ProfitShareReturnOrderTest.php" line="226" class="Tourze\WechatPayProfitShareBundle\Tests\Entity\ProfitShareReturnOrderTest" classname="Tourze.WechatPayProfitShareBundle.Tests.Entity.ProfitShareReturnOrderTest" assertions="0" time="0.000101">
          <error type="Error">Tourze\WechatPayProfitShareBundle\Tests\Entity\ProfitShareReturnOrderTest::testMetadataGetterSetter with data set #6
Error: Typed property Tourze\WechatPayProfitShareBundle\Tests\Entity\ProfitShareReturnOrderTest::$profitShareReturnOrder must not be accessed before initialization

/home/admin/work/source/php-monorepo/packages/wechat-pay-profit-share-bundle/tests/Entity/ProfitShareReturnOrderTest.php:228</error>
        </testcase>
      </testsuite>
      <testcase name="testTimestampGetters" file="/home/admin/work/source/php-monorepo/packages/wechat-pay-profit-share-bundle/tests/Entity/ProfitShareReturnOrderTest.php" line="248" class="Tourze\WechatPayProfitShareBundle\Tests\Entity\ProfitShareReturnOrderTest" classname="Tourze.WechatPayProfitShareBundle.Tests.Entity.ProfitShareReturnOrderTest" assertions="0" time="0.000086">
        <error type="Error">Tourze\WechatPayProfitShareBundle\Tests\Entity\ProfitShareReturnOrderTest::testTimestampGetters
Error: Typed property Tourze\WechatPayProfitShareBundle\Tests\Entity\ProfitShareReturnOrderTest::$profitShareReturnOrder must not be accessed before initialization

/home/admin/work/source/php-monorepo/packages/wechat-pay-profit-share-bundle/tests/Entity/ProfitShareReturnOrderTest.php:251</error>
      </testcase>
      <testcase name="testToString" file="/home/admin/work/source/php-monorepo/packages/wechat-pay-profit-share-bundle/tests/Entity/ProfitShareReturnOrderTest.php" line="259" class="Tourze\WechatPayProfitShareBundle\Tests\Entity\ProfitShareReturnOrderTest" classname="Tourze.WechatPayProfitShareBundle.Tests.Entity.ProfitShareReturnOrderTest" assertions="0" time="0.000078">
        <error type="Error">Tourze\WechatPayProfitShareBundle\Tests\Entity\ProfitShareReturnOrderTest::testToString
Error: Typed property Tourze\WechatPayProfitShareBundle\Tests\Entity\ProfitShareReturnOrderTest::$profitShareReturnOrder must not be accessed before initialization

/home/admin/work/source/php-monorepo/packages/wechat-pay-profit-share-bundle/tests/Entity/ProfitShareReturnOrderTest.php:261</error>
      </testcase>
      <testcase name="testStringableImplementation" file="/home/admin/work/source/php-monorepo/packages/wechat-pay-profit-share-bundle/tests/Entity/ProfitShareReturnOrderTest.php" line="267" class="Tourze\WechatPayProfitShareBundle\Tests\Entity\ProfitShareReturnOrderTest" classname="Tourze.WechatPayProfitShareBundle.Tests.Entity.ProfitShareReturnOrderTest" assertions="0" time="0.000086">
        <error type="Error">Tourze\WechatPayProfitShareBundle\Tests\Entity\ProfitShareReturnOrderTest::testStringableImplementation
Error: Typed property Tourze\WechatPayProfitShareBundle\Tests\Entity\ProfitShareReturnOrderTest::$profitShareReturnOrder must not be accessed before initialization

/home/admin/work/source/php-monorepo/packages/wechat-pay-profit-share-bundle/tests/Entity/ProfitShareReturnOrderTest.php:269</error>
      </testcase>
      <testcase name="testSuccessfulReturnOrderWorkflow" file="/home/admin/work/source/php-monorepo/packages/wechat-pay-profit-share-bundle/tests/Entity/ProfitShareReturnOrderTest.php" line="273" class="Tourze\WechatPayProfitShareBundle\Tests\Entity\ProfitShareReturnOrderTest" classname="Tourze.WechatPayProfitShareBundle.Tests.Entity.ProfitShareReturnOrderTest" assertions="0" time="0.000101">
        <error type="Error">Tourze\WechatPayProfitShareBundle\Tests\Entity\ProfitShareReturnOrderTest::testSuccessfulReturnOrderWorkflow
Error: Typed property Tourze\WechatPayProfitShareBundle\Tests\Entity\ProfitShareReturnOrderTest::$profitShareReturnOrder must not be accessed before initialization

/home/admin/work/source/php-monorepo/packages/wechat-pay-profit-share-bundle/tests/Entity/ProfitShareReturnOrderTest.php:278</error>
      </testcase>
      <testcase name="testFailedReturnOrderWorkflow" file="/home/admin/work/source/php-monorepo/packages/wechat-pay-profit-share-bundle/tests/Entity/ProfitShareReturnOrderTest.php" line="334" class="Tourze\WechatPayProfitShareBundle\Tests\Entity\ProfitShareReturnOrderTest" classname="Tourze.WechatPayProfitShareBundle.Tests.Entity.ProfitShareReturnOrderTest" assertions="0" time="0.000095">
        <error type="Error">Tourze\WechatPayProfitShareBundle\Tests\Entity\ProfitShareReturnOrderTest::testFailedReturnOrderWorkflow
Error: Typed property Tourze\WechatPayProfitShareBundle\Tests\Entity\ProfitShareReturnOrderTest::$profitShareReturnOrder must not be accessed before initialization

/home/admin/work/source/php-monorepo/packages/wechat-pay-profit-share-bundle/tests/Entity/ProfitShareReturnOrderTest.php:339</error>
      </testcase>
      <testcase name="testProcessingReturnOrderWorkflow" file="/home/admin/work/source/php-monorepo/packages/wechat-pay-profit-share-bundle/tests/Entity/ProfitShareReturnOrderTest.php" line="377" class="Tourze\WechatPayProfitShareBundle\Tests\Entity\ProfitShareReturnOrderTest" classname="Tourze.WechatPayProfitShareBundle.Tests.Entity.ProfitShareReturnOrderTest" assertions="0" time="0.000096">
        <error type="Error">Tourze\WechatPayProfitShareBundle\Tests\Entity\ProfitShareReturnOrderTest::testProcessingReturnOrderWorkflow
Error: Typed property Tourze\WechatPayProfitShareBundle\Tests\Entity\ProfitShareReturnOrderTest::$profitShareReturnOrder must not be accessed before initialization

/home/admin/work/source/php-monorepo/packages/wechat-pay-profit-share-bundle/tests/Entity/ProfitShareReturnOrderTest.php:382</error>
      </testcase>
      <testcase name="testReturnOrderStateTransitions" file="/home/admin/work/source/php-monorepo/packages/wechat-pay-profit-share-bundle/tests/Entity/ProfitShareReturnOrderTest.php" line="401" class="Tourze\WechatPayProfitShareBundle\Tests\Entity\ProfitShareReturnOrderTest" classname="Tourze.WechatPayProfitShareBundle.Tests.Entity.ProfitShareReturnOrderTest" assertions="0" time="0.000092">
        <error type="Error">Tourze\WechatPayProfitShareBundle\Tests\Entity\ProfitShareReturnOrderTest::testReturnOrderStateTransitions
Error: Typed property Tourze\WechatPayProfitShareBundle\Tests\Entity\ProfitShareReturnOrderTest::$profitShareReturnOrder must not be accessed before initialization

/home/admin/work/source/php-monorepo/packages/wechat-pay-profit-share-bundle/tests/Entity/ProfitShareReturnOrderTest.php:406</error>
      </testcase>
      <testcase name="testAmountValidation" file="/home/admin/work/source/php-monorepo/packages/wechat-pay-profit-share-bundle/tests/Entity/ProfitShareReturnOrderTest.php" line="411" class="Tourze\WechatPayProfitShareBundle\Tests\Entity\ProfitShareReturnOrderTest" classname="Tourze.WechatPayProfitShareBundle.Tests.Entity.ProfitShareReturnOrderTest" assertions="0" time="0.000081">
        <error type="Error">Tourze\WechatPayProfitShareBundle\Tests\Entity\ProfitShareReturnOrderTest::testAmountValidation
Error: Typed property Tourze\WechatPayProfitShareBundle\Tests\Entity\ProfitShareReturnOrderTest::$profitShareReturnOrder must not be accessed before initialization

/home/admin/work/source/php-monorepo/packages/wechat-pay-profit-share-bundle/tests/Entity/ProfitShareReturnOrderTest.php:417</error>
      </testcase>
      <testcase name="testComplexReturnScenario" file="/home/admin/work/source/php-monorepo/packages/wechat-pay-profit-share-bundle/tests/Entity/ProfitShareReturnOrderTest.php" line="422" class="Tourze\WechatPayProfitShareBundle\Tests\Entity\ProfitShareReturnOrderTest" classname="Tourze.WechatPayProfitShareBundle.Tests.Entity.ProfitShareReturnOrderTest" assertions="7" time="0.000099"/>
      <testcase name="testReturnOrderWithNoOriginalOrder" file="/home/admin/work/source/php-monorepo/packages/wechat-pay-profit-share-bundle/tests/Entity/ProfitShareReturnOrderTest.php" line="480" class="Tourze\WechatPayProfitShareBundle\Tests\Entity\ProfitShareReturnOrderTest" classname="Tourze.WechatPayProfitShareBundle.Tests.Entity.ProfitShareReturnOrderTest" assertions="0" time="0.000096">
        <error type="Error">Tourze\WechatPayProfitShareBundle\Tests\Entity\ProfitShareReturnOrderTest::testReturnOrderWithNoOriginalOrder
Error: Typed property Tourze\WechatPayProfitShareBundle\Tests\Entity\ProfitShareReturnOrderTest::$profitShareReturnOrder must not be accessed before initialization

/home/admin/work/source/php-monorepo/packages/wechat-pay-profit-share-bundle/tests/Entity/ProfitShareReturnOrderTest.php:485</error>
      </testcase>
    </testsuite>
    <testsuite name="Tourze\WechatPayProfitShareBundle\Tests\Enum\ProfitShareBillStatusTest" file="/home/admin/work/source/php-monorepo/packages/wechat-pay-profit-share-bundle/tests/Enum/ProfitShareBillStatusTest.php" tests="33" assertions="42" errors="0" failures="0" skipped="0" time="0.002192">
      <testcase name="testShouldNotHaveRunTestsInSeparateProcesses" file="/home/admin/work/source/php-monorepo/packages/phpunit-enum/src/AbstractEnumTestCase.php" line="27" class="Tourze\WechatPayProfitShareBundle\Tests\Enum\ProfitShareBillStatusTest" classname="Tourze.WechatPayProfitShareBundle.Tests.Enum.ProfitShareBillStatusTest" assertions="1" time="0.000086"/>
      <testcase name="testEnumClass" file="/home/admin/work/source/php-monorepo/packages/phpunit-enum/src/AbstractEnumTestCase.php" line="83" class="Tourze\WechatPayProfitShareBundle\Tests\Enum\ProfitShareBillStatusTest" classname="Tourze.WechatPayProfitShareBundle.Tests.Enum.ProfitShareBillStatusTest" assertions="1" time="0.000054"/>
      <testsuite name="Tourze\WechatPayProfitShareBundle\Tests\Enum\ProfitShareBillStatusTest::testValidValue" tests="5" assertions="5" errors="0" failures="0" skipped="0" time="0.000486">
        <testcase name="testValidValue with data set #0" file="/home/admin/work/source/php-monorepo/packages/phpunit-enum/src/AbstractEnumTestCase.php" line="114" class="Tourze\WechatPayProfitShareBundle\Tests\Enum\ProfitShareBillStatusTest" classname="Tourze.WechatPayProfitShareBundle.Tests.Enum.ProfitShareBillStatusTest" assertions="1" time="0.000249"/>
        <testcase name="testValidValue with data set #1" file="/home/admin/work/source/php-monorepo/packages/phpunit-enum/src/AbstractEnumTestCase.php" line="114" class="Tourze\WechatPayProfitShareBundle\Tests\Enum\ProfitShareBillStatusTest" classname="Tourze.WechatPayProfitShareBundle.Tests.Enum.ProfitShareBillStatusTest" assertions="1" time="0.000071"/>
        <testcase name="testValidValue with data set #2" file="/home/admin/work/source/php-monorepo/packages/phpunit-enum/src/AbstractEnumTestCase.php" line="114" class="Tourze\WechatPayProfitShareBundle\Tests\Enum\ProfitShareBillStatusTest" classname="Tourze.WechatPayProfitShareBundle.Tests.Enum.ProfitShareBillStatusTest" assertions="1" time="0.000056"/>
        <testcase name="testValidValue with data set #3" file="/home/admin/work/source/php-monorepo/packages/phpunit-enum/src/AbstractEnumTestCase.php" line="114" class="Tourze\WechatPayProfitShareBundle\Tests\Enum\ProfitShareBillStatusTest" classname="Tourze.WechatPayProfitShareBundle.Tests.Enum.ProfitShareBillStatusTest" assertions="1" time="0.000054"/>
        <testcase name="testValidValue with data set #4" file="/home/admin/work/source/php-monorepo/packages/phpunit-enum/src/AbstractEnumTestCase.php" line="114" class="Tourze\WechatPayProfitShareBundle\Tests\Enum\ProfitShareBillStatusTest" classname="Tourze.WechatPayProfitShareBundle.Tests.Enum.ProfitShareBillStatusTest" assertions="1" time="0.000055"/>
      </testsuite>
      <testsuite name="Tourze\WechatPayProfitShareBundle\Tests\Enum\ProfitShareBillStatusTest::testFromValid" tests="5" assertions="5" errors="0" failures="0" skipped="0" time="0.000276">
        <testcase name="testFromValid with data set #0" file="/home/admin/work/source/php-monorepo/packages/phpunit-enum/src/AbstractEnumTestCase.php" line="121" class="Tourze\WechatPayProfitShareBundle\Tests\Enum\ProfitShareBillStatusTest" classname="Tourze.WechatPayProfitShareBundle.Tests.Enum.ProfitShareBillStatusTest" assertions="1" time="0.000062"/>
        <testcase name="testFromValid with data set #1" file="/home/admin/work/source/php-monorepo/packages/phpunit-enum/src/AbstractEnumTestCase.php" line="121" class="Tourze\WechatPayProfitShareBundle\Tests\Enum\ProfitShareBillStatusTest" classname="Tourze.WechatPayProfitShareBundle.Tests.Enum.ProfitShareBillStatusTest" assertions="1" time="0.000057"/>
        <testcase name="testFromValid with data set #2" file="/home/admin/work/source/php-monorepo/packages/phpunit-enum/src/AbstractEnumTestCase.php" line="121" class="Tourze\WechatPayProfitShareBundle\Tests\Enum\ProfitShareBillStatusTest" classname="Tourze.WechatPayProfitShareBundle.Tests.Enum.ProfitShareBillStatusTest" assertions="1" time="0.000052"/>
        <testcase name="testFromValid with data set #3" file="/home/admin/work/source/php-monorepo/packages/phpunit-enum/src/AbstractEnumTestCase.php" line="121" class="Tourze\WechatPayProfitShareBundle\Tests\Enum\ProfitShareBillStatusTest" classname="Tourze.WechatPayProfitShareBundle.Tests.Enum.ProfitShareBillStatusTest" assertions="1" time="0.000053"/>
        <testcase name="testFromValid with data set #4" file="/home/admin/work/source/php-monorepo/packages/phpunit-enum/src/AbstractEnumTestCase.php" line="121" class="Tourze\WechatPayProfitShareBundle\Tests\Enum\ProfitShareBillStatusTest" classname="Tourze.WechatPayProfitShareBundle.Tests.Enum.ProfitShareBillStatusTest" assertions="1" time="0.000051"/>
      </testsuite>
      <testsuite name="Tourze\WechatPayProfitShareBundle\Tests\Enum\ProfitShareBillStatusTest::testTryFromValid" tests="5" assertions="5" errors="0" failures="0" skipped="0" time="0.000275">
        <testcase name="testTryFromValid with data set #0" file="/home/admin/work/source/php-monorepo/packages/phpunit-enum/src/AbstractEnumTestCase.php" line="129" class="Tourze\WechatPayProfitShareBundle\Tests\Enum\ProfitShareBillStatusTest" classname="Tourze.WechatPayProfitShareBundle.Tests.Enum.ProfitShareBillStatusTest" assertions="1" time="0.000058"/>
        <testcase name="testTryFromValid with data set #1" file="/home/admin/work/source/php-monorepo/packages/phpunit-enum/src/AbstractEnumTestCase.php" line="129" class="Tourze\WechatPayProfitShareBundle\Tests\Enum\ProfitShareBillStatusTest" classname="Tourze.WechatPayProfitShareBundle.Tests.Enum.ProfitShareBillStatusTest" assertions="1" time="0.000054"/>
        <testcase name="testTryFromValid with data set #2" file="/home/admin/work/source/php-monorepo/packages/phpunit-enum/src/AbstractEnumTestCase.php" line="129" class="Tourze\WechatPayProfitShareBundle\Tests\Enum\ProfitShareBillStatusTest" classname="Tourze.WechatPayProfitShareBundle.Tests.Enum.ProfitShareBillStatusTest" assertions="1" time="0.000058"/>
        <testcase name="testTryFromValid with data set #3" file="/home/admin/work/source/php-monorepo/packages/phpunit-enum/src/AbstractEnumTestCase.php" line="129" class="Tourze\WechatPayProfitShareBundle\Tests\Enum\ProfitShareBillStatusTest" classname="Tourze.WechatPayProfitShareBundle.Tests.Enum.ProfitShareBillStatusTest" assertions="1" time="0.000054"/>
        <testcase name="testTryFromValid with data set #4" file="/home/admin/work/source/php-monorepo/packages/phpunit-enum/src/AbstractEnumTestCase.php" line="129" class="Tourze\WechatPayProfitShareBundle\Tests\Enum\ProfitShareBillStatusTest" classname="Tourze.WechatPayProfitShareBundle.Tests.Enum.ProfitShareBillStatusTest" assertions="1" time="0.000051"/>
      </testsuite>
      <testsuite name="Tourze\WechatPayProfitShareBundle\Tests\Enum\ProfitShareBillStatusTest::testValidLabel" tests="5" assertions="5" errors="0" failures="0" skipped="0" time="0.000272">
        <testcase name="testValidLabel with data set #0" file="/home/admin/work/source/php-monorepo/packages/phpunit-enum/src/AbstractEnumTestCase.php" line="149" class="Tourze\WechatPayProfitShareBundle\Tests\Enum\ProfitShareBillStatusTest" classname="Tourze.WechatPayProfitShareBundle.Tests.Enum.ProfitShareBillStatusTest" assertions="1" time="0.000060"/>
        <testcase name="testValidLabel with data set #1" file="/home/admin/work/source/php-monorepo/packages/phpunit-enum/src/AbstractEnumTestCase.php" line="149" class="Tourze\WechatPayProfitShareBundle\Tests\Enum\ProfitShareBillStatusTest" classname="Tourze.WechatPayProfitShareBundle.Tests.Enum.ProfitShareBillStatusTest" assertions="1" time="0.000055"/>
        <testcase name="testValidLabel with data set #2" file="/home/admin/work/source/php-monorepo/packages/phpunit-enum/src/AbstractEnumTestCase.php" line="149" class="Tourze\WechatPayProfitShareBundle\Tests\Enum\ProfitShareBillStatusTest" classname="Tourze.WechatPayProfitShareBundle.Tests.Enum.ProfitShareBillStatusTest" assertions="1" time="0.000054"/>
        <testcase name="testValidLabel with data set #3" file="/home/admin/work/source/php-monorepo/packages/phpunit-enum/src/AbstractEnumTestCase.php" line="149" class="Tourze\WechatPayProfitShareBundle\Tests\Enum\ProfitShareBillStatusTest" classname="Tourze.WechatPayProfitShareBundle.Tests.Enum.ProfitShareBillStatusTest" assertions="1" time="0.000052"/>
        <testcase name="testValidLabel with data set #4" file="/home/admin/work/source/php-monorepo/packages/phpunit-enum/src/AbstractEnumTestCase.php" line="149" class="Tourze\WechatPayProfitShareBundle\Tests\Enum\ProfitShareBillStatusTest" classname="Tourze.WechatPayProfitShareBundle.Tests.Enum.ProfitShareBillStatusTest" assertions="1" time="0.000052"/>
      </testsuite>
      <testsuite name="Tourze\WechatPayProfitShareBundle\Tests\Enum\ProfitShareBillStatusTest::testFromInvalid" tests="5" assertions="5" errors="0" failures="0" skipped="0" time="0.000397">
        <testcase name="testFromInvalid with data set #0" file="/home/admin/work/source/php-monorepo/packages/phpunit-enum/src/AbstractEnumTestCase.php" line="170" class="Tourze\WechatPayProfitShareBundle\Tests\Enum\ProfitShareBillStatusTest" classname="Tourze.WechatPayProfitShareBundle.Tests.Enum.ProfitShareBillStatusTest" assertions="1" time="0.000152"/>
        <testcase name="testFromInvalid with data set #1" file="/home/admin/work/source/php-monorepo/packages/phpunit-enum/src/AbstractEnumTestCase.php" line="170" class="Tourze\WechatPayProfitShareBundle\Tests\Enum\ProfitShareBillStatusTest" classname="Tourze.WechatPayProfitShareBundle.Tests.Enum.ProfitShareBillStatusTest" assertions="1" time="0.000063"/>
        <testcase name="testFromInvalid with data set #2" file="/home/admin/work/source/php-monorepo/packages/phpunit-enum/src/AbstractEnumTestCase.php" line="170" class="Tourze\WechatPayProfitShareBundle\Tests\Enum\ProfitShareBillStatusTest" classname="Tourze.WechatPayProfitShareBundle.Tests.Enum.ProfitShareBillStatusTest" assertions="1" time="0.000059"/>
        <testcase name="testFromInvalid with data set #3" file="/home/admin/work/source/php-monorepo/packages/phpunit-enum/src/AbstractEnumTestCase.php" line="170" class="Tourze\WechatPayProfitShareBundle\Tests\Enum\ProfitShareBillStatusTest" classname="Tourze.WechatPayProfitShareBundle.Tests.Enum.ProfitShareBillStatusTest" assertions="1" time="0.000065"/>
        <testcase name="testFromInvalid with data set #4" file="/home/admin/work/source/php-monorepo/packages/phpunit-enum/src/AbstractEnumTestCase.php" line="170" class="Tourze\WechatPayProfitShareBundle\Tests\Enum\ProfitShareBillStatusTest" classname="Tourze.WechatPayProfitShareBundle.Tests.Enum.ProfitShareBillStatusTest" assertions="1" time="0.000058"/>
      </testsuite>
      <testsuite name="Tourze\WechatPayProfitShareBundle\Tests\Enum\ProfitShareBillStatusTest::testTryFromInvalid" tests="5" assertions="5" errors="0" failures="0" skipped="0" time="0.000279">
        <testcase name="testTryFromInvalid with data set #0" file="/home/admin/work/source/php-monorepo/packages/phpunit-enum/src/AbstractEnumTestCase.php" line="179" class="Tourze\WechatPayProfitShareBundle\Tests\Enum\ProfitShareBillStatusTest" classname="Tourze.WechatPayProfitShareBundle.Tests.Enum.ProfitShareBillStatusTest" assertions="1" time="0.000060"/>
        <testcase name="testTryFromInvalid with data set #1" file="/home/admin/work/source/php-monorepo/packages/phpunit-enum/src/AbstractEnumTestCase.php" line="179" class="Tourze\WechatPayProfitShareBundle\Tests\Enum\ProfitShareBillStatusTest" classname="Tourze.WechatPayProfitShareBundle.Tests.Enum.ProfitShareBillStatusTest" assertions="1" time="0.000057"/>
        <testcase name="testTryFromInvalid with data set #2" file="/home/admin/work/source/php-monorepo/packages/phpunit-enum/src/AbstractEnumTestCase.php" line="179" class="Tourze\WechatPayProfitShareBundle\Tests\Enum\ProfitShareBillStatusTest" classname="Tourze.WechatPayProfitShareBundle.Tests.Enum.ProfitShareBillStatusTest" assertions="1" time="0.000054"/>
        <testcase name="testTryFromInvalid with data set #3" file="/home/admin/work/source/php-monorepo/packages/phpunit-enum/src/AbstractEnumTestCase.php" line="179" class="Tourze\WechatPayProfitShareBundle\Tests\Enum\ProfitShareBillStatusTest" classname="Tourze.WechatPayProfitShareBundle.Tests.Enum.ProfitShareBillStatusTest" assertions="1" time="0.000054"/>
        <testcase name="testTryFromInvalid with data set #4" file="/home/admin/work/source/php-monorepo/packages/phpunit-enum/src/AbstractEnumTestCase.php" line="179" class="Tourze\WechatPayProfitShareBundle\Tests\Enum\ProfitShareBillStatusTest" classname="Tourze.WechatPayProfitShareBundle.Tests.Enum.ProfitShareBillStatusTest" assertions="1" time="0.000055"/>
      </testsuite>
      <testcase name="testToSelectItem" file="/home/admin/work/source/php-monorepo/packages/phpunit-enum/src/AbstractEnumTestCase.php" line="198" class="Tourze\WechatPayProfitShareBundle\Tests\Enum\ProfitShareBillStatusTest" classname="Tourze.WechatPayProfitShareBundle.Tests.Enum.ProfitShareBillStatusTest" assertions="10" time="0.000068"/>
    </testsuite>
    <testsuite name="Tourze\WechatPayProfitShareBundle\Tests\Enum\ProfitShareOperationTypeTest" file="/home/admin/work/source/php-monorepo/packages/wechat-pay-profit-share-bundle/tests/Enum/ProfitShareOperationTypeTest.php" tests="75" assertions="98" errors="0" failures="0" skipped="0" time="0.004420">
      <testcase name="testShouldNotHaveRunTestsInSeparateProcesses" file="/home/admin/work/source/php-monorepo/packages/phpunit-enum/src/AbstractEnumTestCase.php" line="27" class="Tourze\WechatPayProfitShareBundle\Tests\Enum\ProfitShareOperationTypeTest" classname="Tourze.WechatPayProfitShareBundle.Tests.Enum.ProfitShareOperationTypeTest" assertions="1" time="0.000093"/>
      <testcase name="testEnumClass" file="/home/admin/work/source/php-monorepo/packages/phpunit-enum/src/AbstractEnumTestCase.php" line="83" class="Tourze\WechatPayProfitShareBundle\Tests\Enum\ProfitShareOperationTypeTest" classname="Tourze.WechatPayProfitShareBundle.Tests.Enum.ProfitShareOperationTypeTest" assertions="1" time="0.000054"/>
      <testsuite name="Tourze\WechatPayProfitShareBundle\Tests\Enum\ProfitShareOperationTypeTest::testValidValue" tests="12" assertions="12" errors="0" failures="0" skipped="0" time="0.000644">
        <testcase name="testValidValue with data set #0" file="/home/admin/work/source/php-monorepo/packages/phpunit-enum/src/AbstractEnumTestCase.php" line="114" class="Tourze\WechatPayProfitShareBundle\Tests\Enum\ProfitShareOperationTypeTest" classname="Tourze.WechatPayProfitShareBundle.Tests.Enum.ProfitShareOperationTypeTest" assertions="1" time="0.000062"/>
        <testcase name="testValidValue with data set #1" file="/home/admin/work/source/php-monorepo/packages/phpunit-enum/src/AbstractEnumTestCase.php" line="114" class="Tourze\WechatPayProfitShareBundle\Tests\Enum\ProfitShareOperationTypeTest" classname="Tourze.WechatPayProfitShareBundle.Tests.Enum.ProfitShareOperationTypeTest" assertions="1" time="0.000055"/>
        <testcase name="testValidValue with data set #2" file="/home/admin/work/source/php-monorepo/packages/phpunit-enum/src/AbstractEnumTestCase.php" line="114" class="Tourze\WechatPayProfitShareBundle\Tests\Enum\ProfitShareOperationTypeTest" classname="Tourze.WechatPayProfitShareBundle.Tests.Enum.ProfitShareOperationTypeTest" assertions="1" time="0.000055"/>
        <testcase name="testValidValue with data set #3" file="/home/admin/work/source/php-monorepo/packages/phpunit-enum/src/AbstractEnumTestCase.php" line="114" class="Tourze\WechatPayProfitShareBundle\Tests\Enum\ProfitShareOperationTypeTest" classname="Tourze.WechatPayProfitShareBundle.Tests.Enum.ProfitShareOperationTypeTest" assertions="1" time="0.000053"/>
        <testcase name="testValidValue with data set #4" file="/home/admin/work/source/php-monorepo/packages/phpunit-enum/src/AbstractEnumTestCase.php" line="114" class="Tourze\WechatPayProfitShareBundle\Tests\Enum\ProfitShareOperationTypeTest" classname="Tourze.WechatPayProfitShareBundle.Tests.Enum.ProfitShareOperationTypeTest" assertions="1" time="0.000052"/>
        <testcase name="testValidValue with data set #5" file="/home/admin/work/source/php-monorepo/packages/phpunit-enum/src/AbstractEnumTestCase.php" line="114" class="Tourze\WechatPayProfitShareBundle\Tests\Enum\ProfitShareOperationTypeTest" classname="Tourze.WechatPayProfitShareBundle.Tests.Enum.ProfitShareOperationTypeTest" assertions="1" time="0.000053"/>
        <testcase name="testValidValue with data set #6" file="/home/admin/work/source/php-monorepo/packages/phpunit-enum/src/AbstractEnumTestCase.php" line="114" class="Tourze\WechatPayProfitShareBundle\Tests\Enum\ProfitShareOperationTypeTest" classname="Tourze.WechatPayProfitShareBundle.Tests.Enum.ProfitShareOperationTypeTest" assertions="1" time="0.000052"/>
        <testcase name="testValidValue with data set #7" file="/home/admin/work/source/php-monorepo/packages/phpunit-enum/src/AbstractEnumTestCase.php" line="114" class="Tourze\WechatPayProfitShareBundle\Tests\Enum\ProfitShareOperationTypeTest" classname="Tourze.WechatPayProfitShareBundle.Tests.Enum.ProfitShareOperationTypeTest" assertions="1" time="0.000053"/>
        <testcase name="testValidValue with data set #8" file="/home/admin/work/source/php-monorepo/packages/phpunit-enum/src/AbstractEnumTestCase.php" line="114" class="Tourze\WechatPayProfitShareBundle\Tests\Enum\ProfitShareOperationTypeTest" classname="Tourze.WechatPayProfitShareBundle.Tests.Enum.ProfitShareOperationTypeTest" assertions="1" time="0.000053"/>
        <testcase name="testValidValue with data set #9" file="/home/admin/work/source/php-monorepo/packages/phpunit-enum/src/AbstractEnumTestCase.php" line="114" class="Tourze\WechatPayProfitShareBundle\Tests\Enum\ProfitShareOperationTypeTest" classname="Tourze.WechatPayProfitShareBundle.Tests.Enum.ProfitShareOperationTypeTest" assertions="1" time="0.000052"/>
        <testcase name="testValidValue with data set #10" file="/home/admin/work/source/php-monorepo/packages/phpunit-enum/src/AbstractEnumTestCase.php" line="114" class="Tourze\WechatPayProfitShareBundle\Tests\Enum\ProfitShareOperationTypeTest" classname="Tourze.WechatPayProfitShareBundle.Tests.Enum.ProfitShareOperationTypeTest" assertions="1" time="0.000053"/>
        <testcase name="testValidValue with data set #11" file="/home/admin/work/source/php-monorepo/packages/phpunit-enum/src/AbstractEnumTestCase.php" line="114" class="Tourze\WechatPayProfitShareBundle\Tests\Enum\ProfitShareOperationTypeTest" classname="Tourze.WechatPayProfitShareBundle.Tests.Enum.ProfitShareOperationTypeTest" assertions="1" time="0.000052"/>
      </testsuite>
      <testsuite name="Tourze\WechatPayProfitShareBundle\Tests\Enum\ProfitShareOperationTypeTest::testFromValid" tests="12" assertions="12" errors="0" failures="0" skipped="0" time="0.000634">
        <testcase name="testFromValid with data set #0" file="/home/admin/work/source/php-monorepo/packages/phpunit-enum/src/AbstractEnumTestCase.php" line="121" class="Tourze\WechatPayProfitShareBundle\Tests\Enum\ProfitShareOperationTypeTest" classname="Tourze.WechatPayProfitShareBundle.Tests.Enum.ProfitShareOperationTypeTest" assertions="1" time="0.000060"/>
        <testcase name="testFromValid with data set #1" file="/home/admin/work/source/php-monorepo/packages/phpunit-enum/src/AbstractEnumTestCase.php" line="121" class="Tourze\WechatPayProfitShareBundle\Tests\Enum\ProfitShareOperationTypeTest" classname="Tourze.WechatPayProfitShareBundle.Tests.Enum.ProfitShareOperationTypeTest" assertions="1" time="0.000054"/>
        <testcase name="testFromValid with data set #2" file="/home/admin/work/source/php-monorepo/packages/phpunit-enum/src/AbstractEnumTestCase.php" line="121" class="Tourze\WechatPayProfitShareBundle\Tests\Enum\ProfitShareOperationTypeTest" classname="Tourze.WechatPayProfitShareBundle.Tests.Enum.ProfitShareOperationTypeTest" assertions="1" time="0.000053"/>
        <testcase name="testFromValid with data set #3" file="/home/admin/work/source/php-monorepo/packages/phpunit-enum/src/AbstractEnumTestCase.php" line="121" class="Tourze\WechatPayProfitShareBundle\Tests\Enum\ProfitShareOperationTypeTest" classname="Tourze.WechatPayProfitShareBundle.Tests.Enum.ProfitShareOperationTypeTest" assertions="1" time="0.000054"/>
        <testcase name="testFromValid with data set #4" file="/home/admin/work/source/php-monorepo/packages/phpunit-enum/src/AbstractEnumTestCase.php" line="121" class="Tourze\WechatPayProfitShareBundle\Tests\Enum\ProfitShareOperationTypeTest" classname="Tourze.WechatPayProfitShareBundle.Tests.Enum.ProfitShareOperationTypeTest" assertions="1" time="0.000051"/>
        <testcase name="testFromValid with data set #5" file="/home/admin/work/source/php-monorepo/packages/phpunit-enum/src/AbstractEnumTestCase.php" line="121" class="Tourze\WechatPayProfitShareBundle\Tests\Enum\ProfitShareOperationTypeTest" classname="Tourze.WechatPayProfitShareBundle.Tests.Enum.ProfitShareOperationTypeTest" assertions="1" time="0.000052"/>
        <testcase name="testFromValid with data set #6" file="/home/admin/work/source/php-monorepo/packages/phpunit-enum/src/AbstractEnumTestCase.php" line="121" class="Tourze\WechatPayProfitShareBundle\Tests\Enum\ProfitShareOperationTypeTest" classname="Tourze.WechatPayProfitShareBundle.Tests.Enum.ProfitShareOperationTypeTest" assertions="1" time="0.000052"/>
        <testcase name="testFromValid with data set #7" file="/home/admin/work/source/php-monorepo/packages/phpunit-enum/src/AbstractEnumTestCase.php" line="121" class="Tourze\WechatPayProfitShareBundle\Tests\Enum\ProfitShareOperationTypeTest" classname="Tourze.WechatPayProfitShareBundle.Tests.Enum.ProfitShareOperationTypeTest" assertions="1" time="0.000051"/>
        <testcase name="testFromValid with data set #8" file="/home/admin/work/source/php-monorepo/packages/phpunit-enum/src/AbstractEnumTestCase.php" line="121" class="Tourze\WechatPayProfitShareBundle\Tests\Enum\ProfitShareOperationTypeTest" classname="Tourze.WechatPayProfitShareBundle.Tests.Enum.ProfitShareOperationTypeTest" assertions="1" time="0.000052"/>
        <testcase name="testFromValid with data set #9" file="/home/admin/work/source/php-monorepo/packages/phpunit-enum/src/AbstractEnumTestCase.php" line="121" class="Tourze\WechatPayProfitShareBundle\Tests\Enum\ProfitShareOperationTypeTest" classname="Tourze.WechatPayProfitShareBundle.Tests.Enum.ProfitShareOperationTypeTest" assertions="1" time="0.000051"/>
        <testcase name="testFromValid with data set #10" file="/home/admin/work/source/php-monorepo/packages/phpunit-enum/src/AbstractEnumTestCase.php" line="121" class="Tourze\WechatPayProfitShareBundle\Tests\Enum\ProfitShareOperationTypeTest" classname="Tourze.WechatPayProfitShareBundle.Tests.Enum.ProfitShareOperationTypeTest" assertions="1" time="0.000051"/>
        <testcase name="testFromValid with data set #11" file="/home/admin/work/source/php-monorepo/packages/phpunit-enum/src/AbstractEnumTestCase.php" line="121" class="Tourze\WechatPayProfitShareBundle\Tests\Enum\ProfitShareOperationTypeTest" classname="Tourze.WechatPayProfitShareBundle.Tests.Enum.ProfitShareOperationTypeTest" assertions="1" time="0.000053"/>
      </testsuite>
      <testsuite name="Tourze\WechatPayProfitShareBundle\Tests\Enum\ProfitShareOperationTypeTest::testTryFromValid" tests="12" assertions="12" errors="0" failures="0" skipped="0" time="0.000653">
        <testcase name="testTryFromValid with data set #0" file="/home/admin/work/source/php-monorepo/packages/phpunit-enum/src/AbstractEnumTestCase.php" line="129" class="Tourze\WechatPayProfitShareBundle\Tests\Enum\ProfitShareOperationTypeTest" classname="Tourze.WechatPayProfitShareBundle.Tests.Enum.ProfitShareOperationTypeTest" assertions="1" time="0.000060"/>
        <testcase name="testTryFromValid with data set #1" file="/home/admin/work/source/php-monorepo/packages/phpunit-enum/src/AbstractEnumTestCase.php" line="129" class="Tourze\WechatPayProfitShareBundle\Tests\Enum\ProfitShareOperationTypeTest" classname="Tourze.WechatPayProfitShareBundle.Tests.Enum.ProfitShareOperationTypeTest" assertions="1" time="0.000061"/>
        <testcase name="testTryFromValid with data set #2" file="/home/admin/work/source/php-monorepo/packages/phpunit-enum/src/AbstractEnumTestCase.php" line="129" class="Tourze\WechatPayProfitShareBundle\Tests\Enum\ProfitShareOperationTypeTest" classname="Tourze.WechatPayProfitShareBundle.Tests.Enum.ProfitShareOperationTypeTest" assertions="1" time="0.000054"/>
        <testcase name="testTryFromValid with data set #3" file="/home/admin/work/source/php-monorepo/packages/phpunit-enum/src/AbstractEnumTestCase.php" line="129" class="Tourze\WechatPayProfitShareBundle\Tests\Enum\ProfitShareOperationTypeTest" classname="Tourze.WechatPayProfitShareBundle.Tests.Enum.ProfitShareOperationTypeTest" assertions="1" time="0.000054"/>
        <testcase name="testTryFromValid with data set #4" file="/home/admin/work/source/php-monorepo/packages/phpunit-enum/src/AbstractEnumTestCase.php" line="129" class="Tourze\WechatPayProfitShareBundle\Tests\Enum\ProfitShareOperationTypeTest" classname="Tourze.WechatPayProfitShareBundle.Tests.Enum.ProfitShareOperationTypeTest" assertions="1" time="0.000054"/>
        <testcase name="testTryFromValid with data set #5" file="/home/admin/work/source/php-monorepo/packages/phpunit-enum/src/AbstractEnumTestCase.php" line="129" class="Tourze\WechatPayProfitShareBundle\Tests\Enum\ProfitShareOperationTypeTest" classname="Tourze.WechatPayProfitShareBundle.Tests.Enum.ProfitShareOperationTypeTest" assertions="1" time="0.000053"/>
        <testcase name="testTryFromValid with data set #6" file="/home/admin/work/source/php-monorepo/packages/phpunit-enum/src/AbstractEnumTestCase.php" line="129" class="Tourze\WechatPayProfitShareBundle\Tests\Enum\ProfitShareOperationTypeTest" classname="Tourze.WechatPayProfitShareBundle.Tests.Enum.ProfitShareOperationTypeTest" assertions="1" time="0.000053"/>
        <testcase name="testTryFromValid with data set #7" file="/home/admin/work/source/php-monorepo/packages/phpunit-enum/src/AbstractEnumTestCase.php" line="129" class="Tourze\WechatPayProfitShareBundle\Tests\Enum\ProfitShareOperationTypeTest" classname="Tourze.WechatPayProfitShareBundle.Tests.Enum.ProfitShareOperationTypeTest" assertions="1" time="0.000052"/>
        <testcase name="testTryFromValid with data set #8" file="/home/admin/work/source/php-monorepo/packages/phpunit-enum/src/AbstractEnumTestCase.php" line="129" class="Tourze\WechatPayProfitShareBundle\Tests\Enum\ProfitShareOperationTypeTest" classname="Tourze.WechatPayProfitShareBundle.Tests.Enum.ProfitShareOperationTypeTest" assertions="1" time="0.000052"/>
        <testcase name="testTryFromValid with data set #9" file="/home/admin/work/source/php-monorepo/packages/phpunit-enum/src/AbstractEnumTestCase.php" line="129" class="Tourze\WechatPayProfitShareBundle\Tests\Enum\ProfitShareOperationTypeTest" classname="Tourze.WechatPayProfitShareBundle.Tests.Enum.ProfitShareOperationTypeTest" assertions="1" time="0.000054"/>
        <testcase name="testTryFromValid with data set #10" file="/home/admin/work/source/php-monorepo/packages/phpunit-enum/src/AbstractEnumTestCase.php" line="129" class="Tourze\WechatPayProfitShareBundle\Tests\Enum\ProfitShareOperationTypeTest" classname="Tourze.WechatPayProfitShareBundle.Tests.Enum.ProfitShareOperationTypeTest" assertions="1" time="0.000052"/>
        <testcase name="testTryFromValid with data set #11" file="/home/admin/work/source/php-monorepo/packages/phpunit-enum/src/AbstractEnumTestCase.php" line="129" class="Tourze\WechatPayProfitShareBundle\Tests\Enum\ProfitShareOperationTypeTest" classname="Tourze.WechatPayProfitShareBundle.Tests.Enum.ProfitShareOperationTypeTest" assertions="1" time="0.000054"/>
      </testsuite>
      <testsuite name="Tourze\WechatPayProfitShareBundle\Tests\Enum\ProfitShareOperationTypeTest::testValidLabel" tests="12" assertions="12" errors="0" failures="0" skipped="0" time="0.000651">
        <testcase name="testValidLabel with data set #0" file="/home/admin/work/source/php-monorepo/packages/phpunit-enum/src/AbstractEnumTestCase.php" line="149" class="Tourze\WechatPayProfitShareBundle\Tests\Enum\ProfitShareOperationTypeTest" classname="Tourze.WechatPayProfitShareBundle.Tests.Enum.ProfitShareOperationTypeTest" assertions="1" time="0.000057"/>
        <testcase name="testValidLabel with data set #1" file="/home/admin/work/source/php-monorepo/packages/phpunit-enum/src/AbstractEnumTestCase.php" line="149" class="Tourze\WechatPayProfitShareBundle\Tests\Enum\ProfitShareOperationTypeTest" classname="Tourze.WechatPayProfitShareBundle.Tests.Enum.ProfitShareOperationTypeTest" assertions="1" time="0.000055"/>
        <testcase name="testValidLabel with data set #2" file="/home/admin/work/source/php-monorepo/packages/phpunit-enum/src/AbstractEnumTestCase.php" line="149" class="Tourze\WechatPayProfitShareBundle\Tests\Enum\ProfitShareOperationTypeTest" classname="Tourze.WechatPayProfitShareBundle.Tests.Enum.ProfitShareOperationTypeTest" assertions="1" time="0.000059"/>
        <testcase name="testValidLabel with data set #3" file="/home/admin/work/source/php-monorepo/packages/phpunit-enum/src/AbstractEnumTestCase.php" line="149" class="Tourze\WechatPayProfitShareBundle\Tests\Enum\ProfitShareOperationTypeTest" classname="Tourze.WechatPayProfitShareBundle.Tests.Enum.ProfitShareOperationTypeTest" assertions="1" time="0.000053"/>
        <testcase name="testValidLabel with data set #4" file="/home/admin/work/source/php-monorepo/packages/phpunit-enum/src/AbstractEnumTestCase.php" line="149" class="Tourze\WechatPayProfitShareBundle\Tests\Enum\ProfitShareOperationTypeTest" classname="Tourze.WechatPayProfitShareBundle.Tests.Enum.ProfitShareOperationTypeTest" assertions="1" time="0.000054"/>
        <testcase name="testValidLabel with data set #5" file="/home/admin/work/source/php-monorepo/packages/phpunit-enum/src/AbstractEnumTestCase.php" line="149" class="Tourze\WechatPayProfitShareBundle\Tests\Enum\ProfitShareOperationTypeTest" classname="Tourze.WechatPayProfitShareBundle.Tests.Enum.ProfitShareOperationTypeTest" assertions="1" time="0.000052"/>
        <testcase name="testValidLabel with data set #6" file="/home/admin/work/source/php-monorepo/packages/phpunit-enum/src/AbstractEnumTestCase.php" line="149" class="Tourze\WechatPayProfitShareBundle\Tests\Enum\ProfitShareOperationTypeTest" classname="Tourze.WechatPayProfitShareBundle.Tests.Enum.ProfitShareOperationTypeTest" assertions="1" time="0.000052"/>
        <testcase name="testValidLabel with data set #7" file="/home/admin/work/source/php-monorepo/packages/phpunit-enum/src/AbstractEnumTestCase.php" line="149" class="Tourze\WechatPayProfitShareBundle\Tests\Enum\ProfitShareOperationTypeTest" classname="Tourze.WechatPayProfitShareBundle.Tests.Enum.ProfitShareOperationTypeTest" assertions="1" time="0.000054"/>
        <testcase name="testValidLabel with data set #8" file="/home/admin/work/source/php-monorepo/packages/phpunit-enum/src/AbstractEnumTestCase.php" line="149" class="Tourze\WechatPayProfitShareBundle\Tests\Enum\ProfitShareOperationTypeTest" classname="Tourze.WechatPayProfitShareBundle.Tests.Enum.ProfitShareOperationTypeTest" assertions="1" time="0.000053"/>
        <testcase name="testValidLabel with data set #9" file="/home/admin/work/source/php-monorepo/packages/phpunit-enum/src/AbstractEnumTestCase.php" line="149" class="Tourze\WechatPayProfitShareBundle\Tests\Enum\ProfitShareOperationTypeTest" classname="Tourze.WechatPayProfitShareBundle.Tests.Enum.ProfitShareOperationTypeTest" assertions="1" time="0.000055"/>
        <testcase name="testValidLabel with data set #10" file="/home/admin/work/source/php-monorepo/packages/phpunit-enum/src/AbstractEnumTestCase.php" line="149" class="Tourze\WechatPayProfitShareBundle\Tests\Enum\ProfitShareOperationTypeTest" classname="Tourze.WechatPayProfitShareBundle.Tests.Enum.ProfitShareOperationTypeTest" assertions="1" time="0.000055"/>
        <testcase name="testValidLabel with data set #11" file="/home/admin/work/source/php-monorepo/packages/phpunit-enum/src/AbstractEnumTestCase.php" line="149" class="Tourze\WechatPayProfitShareBundle\Tests\Enum\ProfitShareOperationTypeTest" classname="Tourze.WechatPayProfitShareBundle.Tests.Enum.ProfitShareOperationTypeTest" assertions="1" time="0.000051"/>
      </testsuite>
      <testsuite name="Tourze\WechatPayProfitShareBundle\Tests\Enum\ProfitShareOperationTypeTest::testFromInvalid" tests="12" assertions="12" errors="0" failures="0" skipped="0" time="0.000930">
        <testcase name="testFromInvalid with data set #0" file="/home/admin/work/source/php-monorepo/packages/phpunit-enum/src/AbstractEnumTestCase.php" line="170" class="Tourze\WechatPayProfitShareBundle\Tests\Enum\ProfitShareOperationTypeTest" classname="Tourze.WechatPayProfitShareBundle.Tests.Enum.ProfitShareOperationTypeTest" assertions="1" time="0.000064"/>
        <testcase name="testFromInvalid with data set #1" file="/home/admin/work/source/php-monorepo/packages/phpunit-enum/src/AbstractEnumTestCase.php" line="170" class="Tourze\WechatPayProfitShareBundle\Tests\Enum\ProfitShareOperationTypeTest" classname="Tourze.WechatPayProfitShareBundle.Tests.Enum.ProfitShareOperationTypeTest" assertions="1" time="0.000057"/>
        <testcase name="testFromInvalid with data set #2" file="/home/admin/work/source/php-monorepo/packages/phpunit-enum/src/AbstractEnumTestCase.php" line="170" class="Tourze\WechatPayProfitShareBundle\Tests\Enum\ProfitShareOperationTypeTest" classname="Tourze.WechatPayProfitShareBundle.Tests.Enum.ProfitShareOperationTypeTest" assertions="1" time="0.000058"/>
        <testcase name="testFromInvalid with data set #3" file="/home/admin/work/source/php-monorepo/packages/phpunit-enum/src/AbstractEnumTestCase.php" line="170" class="Tourze\WechatPayProfitShareBundle\Tests\Enum\ProfitShareOperationTypeTest" classname="Tourze.WechatPayProfitShareBundle.Tests.Enum.ProfitShareOperationTypeTest" assertions="1" time="0.000090"/>
        <testcase name="testFromInvalid with data set #4" file="/home/admin/work/source/php-monorepo/packages/phpunit-enum/src/AbstractEnumTestCase.php" line="170" class="Tourze\WechatPayProfitShareBundle\Tests\Enum\ProfitShareOperationTypeTest" classname="Tourze.WechatPayProfitShareBundle.Tests.Enum.ProfitShareOperationTypeTest" assertions="1" time="0.000204"/>
        <testcase name="testFromInvalid with data set #5" file="/home/admin/work/source/php-monorepo/packages/phpunit-enum/src/AbstractEnumTestCase.php" line="170" class="Tourze\WechatPayProfitShareBundle\Tests\Enum\ProfitShareOperationTypeTest" classname="Tourze.WechatPayProfitShareBundle.Tests.Enum.ProfitShareOperationTypeTest" assertions="1" time="0.000100"/>
        <testcase name="testFromInvalid with data set #6" file="/home/admin/work/source/php-monorepo/packages/phpunit-enum/src/AbstractEnumTestCase.php" line="170" class="Tourze\WechatPayProfitShareBundle\Tests\Enum\ProfitShareOperationTypeTest" classname="Tourze.WechatPayProfitShareBundle.Tests.Enum.ProfitShareOperationTypeTest" assertions="1" time="0.000067"/>
        <testcase name="testFromInvalid with data set #7" file="/home/admin/work/source/php-monorepo/packages/phpunit-enum/src/AbstractEnumTestCase.php" line="170" class="Tourze\WechatPayProfitShareBundle\Tests\Enum\ProfitShareOperationTypeTest" classname="Tourze.WechatPayProfitShareBundle.Tests.Enum.ProfitShareOperationTypeTest" assertions="1" time="0.000062"/>
        <testcase name="testFromInvalid with data set #8" file="/home/admin/work/source/php-monorepo/packages/phpunit-enum/src/AbstractEnumTestCase.php" line="170" class="Tourze\WechatPayProfitShareBundle\Tests\Enum\ProfitShareOperationTypeTest" classname="Tourze.WechatPayProfitShareBundle.Tests.Enum.ProfitShareOperationTypeTest" assertions="1" time="0.000059"/>
        <testcase name="testFromInvalid with data set #9" file="/home/admin/work/source/php-monorepo/packages/phpunit-enum/src/AbstractEnumTestCase.php" line="170" class="Tourze\WechatPayProfitShareBundle\Tests\Enum\ProfitShareOperationTypeTest" classname="Tourze.WechatPayProfitShareBundle.Tests.Enum.ProfitShareOperationTypeTest" assertions="1" time="0.000056"/>
        <testcase name="testFromInvalid with data set #10" file="/home/admin/work/source/php-monorepo/packages/phpunit-enum/src/AbstractEnumTestCase.php" line="170" class="Tourze\WechatPayProfitShareBundle\Tests\Enum\ProfitShareOperationTypeTest" classname="Tourze.WechatPayProfitShareBundle.Tests.Enum.ProfitShareOperationTypeTest" assertions="1" time="0.000058"/>
        <testcase name="testFromInvalid with data set #11" file="/home/admin/work/source/php-monorepo/packages/phpunit-enum/src/AbstractEnumTestCase.php" line="170" class="Tourze\WechatPayProfitShareBundle\Tests\Enum\ProfitShareOperationTypeTest" classname="Tourze.WechatPayProfitShareBundle.Tests.Enum.ProfitShareOperationTypeTest" assertions="1" time="0.000055"/>
      </testsuite>
      <testsuite name="Tourze\WechatPayProfitShareBundle\Tests\Enum\ProfitShareOperationTypeTest::testTryFromInvalid" tests="12" assertions="12" errors="0" failures="0" skipped="0" time="0.000685">
        <testcase name="testTryFromInvalid with data set #0" file="/home/admin/work/source/php-monorepo/packages/phpunit-enum/src/AbstractEnumTestCase.php" line="179" class="Tourze\WechatPayProfitShareBundle\Tests\Enum\ProfitShareOperationTypeTest" classname="Tourze.WechatPayProfitShareBundle.Tests.Enum.ProfitShareOperationTypeTest" assertions="1" time="0.000078"/>
        <testcase name="testTryFromInvalid with data set #1" file="/home/admin/work/source/php-monorepo/packages/phpunit-enum/src/AbstractEnumTestCase.php" line="179" class="Tourze\WechatPayProfitShareBundle\Tests\Enum\ProfitShareOperationTypeTest" classname="Tourze.WechatPayProfitShareBundle.Tests.Enum.ProfitShareOperationTypeTest" assertions="1" time="0.000059"/>
        <testcase name="testTryFromInvalid with data set #2" file="/home/admin/work/source/php-monorepo/packages/phpunit-enum/src/AbstractEnumTestCase.php" line="179" class="Tourze\WechatPayProfitShareBundle\Tests\Enum\ProfitShareOperationTypeTest" classname="Tourze.WechatPayProfitShareBundle.Tests.Enum.ProfitShareOperationTypeTest" assertions="1" time="0.000061"/>
        <testcase name="testTryFromInvalid with data set #3" file="/home/admin/work/source/php-monorepo/packages/phpunit-enum/src/AbstractEnumTestCase.php" line="179" class="Tourze\WechatPayProfitShareBundle\Tests\Enum\ProfitShareOperationTypeTest" classname="Tourze.WechatPayProfitShareBundle.Tests.Enum.ProfitShareOperationTypeTest" assertions="1" time="0.000055"/>
        <testcase name="testTryFromInvalid with data set #4" file="/home/admin/work/source/php-monorepo/packages/phpunit-enum/src/AbstractEnumTestCase.php" line="179" class="Tourze\WechatPayProfitShareBundle\Tests\Enum\ProfitShareOperationTypeTest" classname="Tourze.WechatPayProfitShareBundle.Tests.Enum.ProfitShareOperationTypeTest" assertions="1" time="0.000053"/>
        <testcase name="testTryFromInvalid with data set #5" file="/home/admin/work/source/php-monorepo/packages/phpunit-enum/src/AbstractEnumTestCase.php" line="179" class="Tourze\WechatPayProfitShareBundle\Tests\Enum\ProfitShareOperationTypeTest" classname="Tourze.WechatPayProfitShareBundle.Tests.Enum.ProfitShareOperationTypeTest" assertions="1" time="0.000056"/>
        <testcase name="testTryFromInvalid with data set #6" file="/home/admin/work/source/php-monorepo/packages/phpunit-enum/src/AbstractEnumTestCase.php" line="179" class="Tourze\WechatPayProfitShareBundle\Tests\Enum\ProfitShareOperationTypeTest" classname="Tourze.WechatPayProfitShareBundle.Tests.Enum.ProfitShareOperationTypeTest" assertions="1" time="0.000055"/>
        <testcase name="testTryFromInvalid with data set #7" file="/home/admin/work/source/php-monorepo/packages/phpunit-enum/src/AbstractEnumTestCase.php" line="179" class="Tourze\WechatPayProfitShareBundle\Tests\Enum\ProfitShareOperationTypeTest" classname="Tourze.WechatPayProfitShareBundle.Tests.Enum.ProfitShareOperationTypeTest" assertions="1" time="0.000054"/>
        <testcase name="testTryFromInvalid with data set #8" file="/home/admin/work/source/php-monorepo/packages/phpunit-enum/src/AbstractEnumTestCase.php" line="179" class="Tourze\WechatPayProfitShareBundle\Tests\Enum\ProfitShareOperationTypeTest" classname="Tourze.WechatPayProfitShareBundle.Tests.Enum.ProfitShareOperationTypeTest" assertions="1" time="0.000053"/>
        <testcase name="testTryFromInvalid with data set #9" file="/home/admin/work/source/php-monorepo/packages/phpunit-enum/src/AbstractEnumTestCase.php" line="179" class="Tourze\WechatPayProfitShareBundle\Tests\Enum\ProfitShareOperationTypeTest" classname="Tourze.WechatPayProfitShareBundle.Tests.Enum.ProfitShareOperationTypeTest" assertions="1" time="0.000053"/>
        <testcase name="testTryFromInvalid with data set #10" file="/home/admin/work/source/php-monorepo/packages/phpunit-enum/src/AbstractEnumTestCase.php" line="179" class="Tourze\WechatPayProfitShareBundle\Tests\Enum\ProfitShareOperationTypeTest" classname="Tourze.WechatPayProfitShareBundle.Tests.Enum.ProfitShareOperationTypeTest" assertions="1" time="0.000054"/>
        <testcase name="testTryFromInvalid with data set #11" file="/home/admin/work/source/php-monorepo/packages/phpunit-enum/src/AbstractEnumTestCase.php" line="179" class="Tourze\WechatPayProfitShareBundle\Tests\Enum\ProfitShareOperationTypeTest" classname="Tourze.WechatPayProfitShareBundle.Tests.Enum.ProfitShareOperationTypeTest" assertions="1" time="0.000054"/>
      </testsuite>
      <testcase name="testToSelectItem" file="/home/admin/work/source/php-monorepo/packages/phpunit-enum/src/AbstractEnumTestCase.php" line="198" class="Tourze\WechatPayProfitShareBundle\Tests\Enum\ProfitShareOperationTypeTest" classname="Tourze.WechatPayProfitShareBundle.Tests.Enum.ProfitShareOperationTypeTest" assertions="24" time="0.000077"/>
    </testsuite>
    <testsuite name="Tourze\WechatPayProfitShareBundle\Tests\Enum\ProfitShareOrderStateTest" file="/home/admin/work/source/php-monorepo/packages/wechat-pay-profit-share-bundle/tests/Enum/ProfitShareOrderStateTest.php" tests="21" assertions="26" errors="0" failures="0" skipped="0" time="0.001349">
      <testcase name="testShouldNotHaveRunTestsInSeparateProcesses" file="/home/admin/work/source/php-monorepo/packages/phpunit-enum/src/AbstractEnumTestCase.php" line="27" class="Tourze\WechatPayProfitShareBundle\Tests\Enum\ProfitShareOrderStateTest" classname="Tourze.WechatPayProfitShareBundle.Tests.Enum.ProfitShareOrderStateTest" assertions="1" time="0.000117"/>
      <testcase name="testEnumClass" file="/home/admin/work/source/php-monorepo/packages/phpunit-enum/src/AbstractEnumTestCase.php" line="83" class="Tourze\WechatPayProfitShareBundle\Tests\Enum\ProfitShareOrderStateTest" classname="Tourze.WechatPayProfitShareBundle.Tests.Enum.ProfitShareOrderStateTest" assertions="1" time="0.000079"/>
      <testsuite name="Tourze\WechatPayProfitShareBundle\Tests\Enum\ProfitShareOrderStateTest::testValidValue" tests="3" assertions="3" errors="0" failures="0" skipped="0" time="0.000203">
        <testcase name="testValidValue with data set #0" file="/home/admin/work/source/php-monorepo/packages/phpunit-enum/src/AbstractEnumTestCase.php" line="114" class="Tourze\WechatPayProfitShareBundle\Tests\Enum\ProfitShareOrderStateTest" classname="Tourze.WechatPayProfitShareBundle.Tests.Enum.ProfitShareOrderStateTest" assertions="1" time="0.000083"/>
        <testcase name="testValidValue with data set #1" file="/home/admin/work/source/php-monorepo/packages/phpunit-enum/src/AbstractEnumTestCase.php" line="114" class="Tourze\WechatPayProfitShareBundle\Tests\Enum\ProfitShareOrderStateTest" classname="Tourze.WechatPayProfitShareBundle.Tests.Enum.ProfitShareOrderStateTest" assertions="1" time="0.000062"/>
        <testcase name="testValidValue with data set #2" file="/home/admin/work/source/php-monorepo/packages/phpunit-enum/src/AbstractEnumTestCase.php" line="114" class="Tourze\WechatPayProfitShareBundle\Tests\Enum\ProfitShareOrderStateTest" classname="Tourze.WechatPayProfitShareBundle.Tests.Enum.ProfitShareOrderStateTest" assertions="1" time="0.000058"/>
      </testsuite>
      <testsuite name="Tourze\WechatPayProfitShareBundle\Tests\Enum\ProfitShareOrderStateTest::testFromValid" tests="3" assertions="3" errors="0" failures="0" skipped="0" time="0.000186">
        <testcase name="testFromValid with data set #0" file="/home/admin/work/source/php-monorepo/packages/phpunit-enum/src/AbstractEnumTestCase.php" line="121" class="Tourze\WechatPayProfitShareBundle\Tests\Enum\ProfitShareOrderStateTest" classname="Tourze.WechatPayProfitShareBundle.Tests.Enum.ProfitShareOrderStateTest" assertions="1" time="0.000064"/>
        <testcase name="testFromValid with data set #1" file="/home/admin/work/source/php-monorepo/packages/phpunit-enum/src/AbstractEnumTestCase.php" line="121" class="Tourze\WechatPayProfitShareBundle\Tests\Enum\ProfitShareOrderStateTest" classname="Tourze.WechatPayProfitShareBundle.Tests.Enum.ProfitShareOrderStateTest" assertions="1" time="0.000068"/>
        <testcase name="testFromValid with data set #2" file="/home/admin/work/source/php-monorepo/packages/phpunit-enum/src/AbstractEnumTestCase.php" line="121" class="Tourze\WechatPayProfitShareBundle\Tests\Enum\ProfitShareOrderStateTest" classname="Tourze.WechatPayProfitShareBundle.Tests.Enum.ProfitShareOrderStateTest" assertions="1" time="0.000054"/>
      </testsuite>
      <testsuite name="Tourze\WechatPayProfitShareBundle\Tests\Enum\ProfitShareOrderStateTest::testTryFromValid" tests="3" assertions="3" errors="0" failures="0" skipped="0" time="0.000169">
        <testcase name="testTryFromValid with data set #0" file="/home/admin/work/source/php-monorepo/packages/phpunit-enum/src/AbstractEnumTestCase.php" line="129" class="Tourze\WechatPayProfitShareBundle\Tests\Enum\ProfitShareOrderStateTest" classname="Tourze.WechatPayProfitShareBundle.Tests.Enum.ProfitShareOrderStateTest" assertions="1" time="0.000061"/>
        <testcase name="testTryFromValid with data set #1" file="/home/admin/work/source/php-monorepo/packages/phpunit-enum/src/AbstractEnumTestCase.php" line="129" class="Tourze\WechatPayProfitShareBundle\Tests\Enum\ProfitShareOrderStateTest" classname="Tourze.WechatPayProfitShareBundle.Tests.Enum.ProfitShareOrderStateTest" assertions="1" time="0.000054"/>
        <testcase name="testTryFromValid with data set #2" file="/home/admin/work/source/php-monorepo/packages/phpunit-enum/src/AbstractEnumTestCase.php" line="129" class="Tourze\WechatPayProfitShareBundle\Tests\Enum\ProfitShareOrderStateTest" classname="Tourze.WechatPayProfitShareBundle.Tests.Enum.ProfitShareOrderStateTest" assertions="1" time="0.000054"/>
      </testsuite>
      <testsuite name="Tourze\WechatPayProfitShareBundle\Tests\Enum\ProfitShareOrderStateTest::testValidLabel" tests="3" assertions="3" errors="0" failures="0" skipped="0" time="0.000170">
        <testcase name="testValidLabel with data set #0" file="/home/admin/work/source/php-monorepo/packages/phpunit-enum/src/AbstractEnumTestCase.php" line="149" class="Tourze\WechatPayProfitShareBundle\Tests\Enum\ProfitShareOrderStateTest" classname="Tourze.WechatPayProfitShareBundle.Tests.Enum.ProfitShareOrderStateTest" assertions="1" time="0.000061"/>
        <testcase name="testValidLabel with data set #1" file="/home/admin/work/source/php-monorepo/packages/phpunit-enum/src/AbstractEnumTestCase.php" line="149" class="Tourze\WechatPayProfitShareBundle\Tests\Enum\ProfitShareOrderStateTest" classname="Tourze.WechatPayProfitShareBundle.Tests.Enum.ProfitShareOrderStateTest" assertions="1" time="0.000056"/>
        <testcase name="testValidLabel with data set #2" file="/home/admin/work/source/php-monorepo/packages/phpunit-enum/src/AbstractEnumTestCase.php" line="149" class="Tourze\WechatPayProfitShareBundle\Tests\Enum\ProfitShareOrderStateTest" classname="Tourze.WechatPayProfitShareBundle.Tests.Enum.ProfitShareOrderStateTest" assertions="1" time="0.000053"/>
      </testsuite>
      <testsuite name="Tourze\WechatPayProfitShareBundle\Tests\Enum\ProfitShareOrderStateTest::testFromInvalid" tests="3" assertions="3" errors="0" failures="0" skipped="0" time="0.000183">
        <testcase name="testFromInvalid with data set #0" file="/home/admin/work/source/php-monorepo/packages/phpunit-enum/src/AbstractEnumTestCase.php" line="170" class="Tourze\WechatPayProfitShareBundle\Tests\Enum\ProfitShareOrderStateTest" classname="Tourze.WechatPayProfitShareBundle.Tests.Enum.ProfitShareOrderStateTest" assertions="1" time="0.000067"/>
        <testcase name="testFromInvalid with data set #1" file="/home/admin/work/source/php-monorepo/packages/phpunit-enum/src/AbstractEnumTestCase.php" line="170" class="Tourze\WechatPayProfitShareBundle\Tests\Enum\ProfitShareOrderStateTest" classname="Tourze.WechatPayProfitShareBundle.Tests.Enum.ProfitShareOrderStateTest" assertions="1" time="0.000059"/>
        <testcase name="testFromInvalid with data set #2" file="/home/admin/work/source/php-monorepo/packages/phpunit-enum/src/AbstractEnumTestCase.php" line="170" class="Tourze\WechatPayProfitShareBundle\Tests\Enum\ProfitShareOrderStateTest" classname="Tourze.WechatPayProfitShareBundle.Tests.Enum.ProfitShareOrderStateTest" assertions="1" time="0.000057"/>
      </testsuite>
      <testsuite name="Tourze\WechatPayProfitShareBundle\Tests\Enum\ProfitShareOrderStateTest::testTryFromInvalid" tests="3" assertions="3" errors="0" failures="0" skipped="0" time="0.000181">
        <testcase name="testTryFromInvalid with data set #0" file="/home/admin/work/source/php-monorepo/packages/phpunit-enum/src/AbstractEnumTestCase.php" line="179" class="Tourze\WechatPayProfitShareBundle\Tests\Enum\ProfitShareOrderStateTest" classname="Tourze.WechatPayProfitShareBundle.Tests.Enum.ProfitShareOrderStateTest" assertions="1" time="0.000071"/>
        <testcase name="testTryFromInvalid with data set #1" file="/home/admin/work/source/php-monorepo/packages/phpunit-enum/src/AbstractEnumTestCase.php" line="179" class="Tourze\WechatPayProfitShareBundle\Tests\Enum\ProfitShareOrderStateTest" classname="Tourze.WechatPayProfitShareBundle.Tests.Enum.ProfitShareOrderStateTest" assertions="1" time="0.000057"/>
        <testcase name="testTryFromInvalid with data set #2" file="/home/admin/work/source/php-monorepo/packages/phpunit-enum/src/AbstractEnumTestCase.php" line="179" class="Tourze\WechatPayProfitShareBundle\Tests\Enum\ProfitShareOrderStateTest" classname="Tourze.WechatPayProfitShareBundle.Tests.Enum.ProfitShareOrderStateTest" assertions="1" time="0.000054"/>
      </testsuite>
      <testcase name="testToSelectItem" file="/home/admin/work/source/php-monorepo/packages/phpunit-enum/src/AbstractEnumTestCase.php" line="198" class="Tourze\WechatPayProfitShareBundle\Tests\Enum\ProfitShareOrderStateTest" classname="Tourze.WechatPayProfitShareBundle.Tests.Enum.ProfitShareOrderStateTest" assertions="6" time="0.000060"/>
    </testsuite>
    <testsuite name="Tourze\WechatPayProfitShareBundle\Tests\Enum\ProfitShareReceiverResultTest" file="/home/admin/work/source/php-monorepo/packages/wechat-pay-profit-share-bundle/tests/Enum/ProfitShareReceiverResultTest.php" tests="27" assertions="34" errors="0" failures="0" skipped="0" time="0.001559">
      <testcase name="testShouldNotHaveRunTestsInSeparateProcesses" file="/home/admin/work/source/php-monorepo/packages/phpunit-enum/src/AbstractEnumTestCase.php" line="27" class="Tourze\WechatPayProfitShareBundle\Tests\Enum\ProfitShareReceiverResultTest" classname="Tourze.WechatPayProfitShareBundle.Tests.Enum.ProfitShareReceiverResultTest" assertions="1" time="0.000080"/>
      <testcase name="testEnumClass" file="/home/admin/work/source/php-monorepo/packages/phpunit-enum/src/AbstractEnumTestCase.php" line="83" class="Tourze\WechatPayProfitShareBundle\Tests\Enum\ProfitShareReceiverResultTest" classname="Tourze.WechatPayProfitShareBundle.Tests.Enum.ProfitShareReceiverResultTest" assertions="1" time="0.000051"/>
      <testsuite name="Tourze\WechatPayProfitShareBundle\Tests\Enum\ProfitShareReceiverResultTest::testValidValue" tests="4" assertions="4" errors="0" failures="0" skipped="0" time="0.000225">
        <testcase name="testValidValue with data set #0" file="/home/admin/work/source/php-monorepo/packages/phpunit-enum/src/AbstractEnumTestCase.php" line="114" class="Tourze\WechatPayProfitShareBundle\Tests\Enum\ProfitShareReceiverResultTest" classname="Tourze.WechatPayProfitShareBundle.Tests.Enum.ProfitShareReceiverResultTest" assertions="1" time="0.000062"/>
        <testcase name="testValidValue with data set #1" file="/home/admin/work/source/php-monorepo/packages/phpunit-enum/src/AbstractEnumTestCase.php" line="114" class="Tourze\WechatPayProfitShareBundle\Tests\Enum\ProfitShareReceiverResultTest" classname="Tourze.WechatPayProfitShareBundle.Tests.Enum.ProfitShareReceiverResultTest" assertions="1" time="0.000056"/>
        <testcase name="testValidValue with data set #2" file="/home/admin/work/source/php-monorepo/packages/phpunit-enum/src/AbstractEnumTestCase.php" line="114" class="Tourze\WechatPayProfitShareBundle\Tests\Enum\ProfitShareReceiverResultTest" classname="Tourze.WechatPayProfitShareBundle.Tests.Enum.ProfitShareReceiverResultTest" assertions="1" time="0.000053"/>
        <testcase name="testValidValue with data set #3" file="/home/admin/work/source/php-monorepo/packages/phpunit-enum/src/AbstractEnumTestCase.php" line="114" class="Tourze\WechatPayProfitShareBundle\Tests\Enum\ProfitShareReceiverResultTest" classname="Tourze.WechatPayProfitShareBundle.Tests.Enum.ProfitShareReceiverResultTest" assertions="1" time="0.000053"/>
      </testsuite>
      <testsuite name="Tourze\WechatPayProfitShareBundle\Tests\Enum\ProfitShareReceiverResultTest::testFromValid" tests="4" assertions="4" errors="0" failures="0" skipped="0" time="0.000250">
        <testcase name="testFromValid with data set #0" file="/home/admin/work/source/php-monorepo/packages/phpunit-enum/src/AbstractEnumTestCase.php" line="121" class="Tourze\WechatPayProfitShareBundle\Tests\Enum\ProfitShareReceiverResultTest" classname="Tourze.WechatPayProfitShareBundle.Tests.Enum.ProfitShareReceiverResultTest" assertions="1" time="0.000072"/>
        <testcase name="testFromValid with data set #1" file="/home/admin/work/source/php-monorepo/packages/phpunit-enum/src/AbstractEnumTestCase.php" line="121" class="Tourze\WechatPayProfitShareBundle\Tests\Enum\ProfitShareReceiverResultTest" classname="Tourze.WechatPayProfitShareBundle.Tests.Enum.ProfitShareReceiverResultTest" assertions="1" time="0.000059"/>
        <testcase name="testFromValid with data set #2" file="/home/admin/work/source/php-monorepo/packages/phpunit-enum/src/AbstractEnumTestCase.php" line="121" class="Tourze\WechatPayProfitShareBundle\Tests\Enum\ProfitShareReceiverResultTest" classname="Tourze.WechatPayProfitShareBundle.Tests.Enum.ProfitShareReceiverResultTest" assertions="1" time="0.000066"/>
        <testcase name="testFromValid with data set #3" file="/home/admin/work/source/php-monorepo/packages/phpunit-enum/src/AbstractEnumTestCase.php" line="121" class="Tourze\WechatPayProfitShareBundle\Tests\Enum\ProfitShareReceiverResultTest" classname="Tourze.WechatPayProfitShareBundle.Tests.Enum.ProfitShareReceiverResultTest" assertions="1" time="0.000053"/>
      </testsuite>
      <testsuite name="Tourze\WechatPayProfitShareBundle\Tests\Enum\ProfitShareReceiverResultTest::testTryFromValid" tests="4" assertions="4" errors="0" failures="0" skipped="0" time="0.000215">
        <testcase name="testTryFromValid with data set #0" file="/home/admin/work/source/php-monorepo/packages/phpunit-enum/src/AbstractEnumTestCase.php" line="129" class="Tourze\WechatPayProfitShareBundle\Tests\Enum\ProfitShareReceiverResultTest" classname="Tourze.WechatPayProfitShareBundle.Tests.Enum.ProfitShareReceiverResultTest" assertions="1" time="0.000056"/>
        <testcase name="testTryFromValid with data set #1" file="/home/admin/work/source/php-monorepo/packages/phpunit-enum/src/AbstractEnumTestCase.php" line="129" class="Tourze\WechatPayProfitShareBundle\Tests\Enum\ProfitShareReceiverResultTest" classname="Tourze.WechatPayProfitShareBundle.Tests.Enum.ProfitShareReceiverResultTest" assertions="1" time="0.000054"/>
        <testcase name="testTryFromValid with data set #2" file="/home/admin/work/source/php-monorepo/packages/phpunit-enum/src/AbstractEnumTestCase.php" line="129" class="Tourze\WechatPayProfitShareBundle\Tests\Enum\ProfitShareReceiverResultTest" classname="Tourze.WechatPayProfitShareBundle.Tests.Enum.ProfitShareReceiverResultTest" assertions="1" time="0.000054"/>
        <testcase name="testTryFromValid with data set #3" file="/home/admin/work/source/php-monorepo/packages/phpunit-enum/src/AbstractEnumTestCase.php" line="129" class="Tourze\WechatPayProfitShareBundle\Tests\Enum\ProfitShareReceiverResultTest" classname="Tourze.WechatPayProfitShareBundle.Tests.Enum.ProfitShareReceiverResultTest" assertions="1" time="0.000052"/>
      </testsuite>
      <testsuite name="Tourze\WechatPayProfitShareBundle\Tests\Enum\ProfitShareReceiverResultTest::testValidLabel" tests="4" assertions="4" errors="0" failures="0" skipped="0" time="0.000219">
        <testcase name="testValidLabel with data set #0" file="/home/admin/work/source/php-monorepo/packages/phpunit-enum/src/AbstractEnumTestCase.php" line="149" class="Tourze\WechatPayProfitShareBundle\Tests\Enum\ProfitShareReceiverResultTest" classname="Tourze.WechatPayProfitShareBundle.Tests.Enum.ProfitShareReceiverResultTest" assertions="1" time="0.000060"/>
        <testcase name="testValidLabel with data set #1" file="/home/admin/work/source/php-monorepo/packages/phpunit-enum/src/AbstractEnumTestCase.php" line="149" class="Tourze\WechatPayProfitShareBundle\Tests\Enum\ProfitShareReceiverResultTest" classname="Tourze.WechatPayProfitShareBundle.Tests.Enum.ProfitShareReceiverResultTest" assertions="1" time="0.000054"/>
        <testcase name="testValidLabel with data set #2" file="/home/admin/work/source/php-monorepo/packages/phpunit-enum/src/AbstractEnumTestCase.php" line="149" class="Tourze\WechatPayProfitShareBundle\Tests\Enum\ProfitShareReceiverResultTest" classname="Tourze.WechatPayProfitShareBundle.Tests.Enum.ProfitShareReceiverResultTest" assertions="1" time="0.000054"/>
        <testcase name="testValidLabel with data set #3" file="/home/admin/work/source/php-monorepo/packages/phpunit-enum/src/AbstractEnumTestCase.php" line="149" class="Tourze\WechatPayProfitShareBundle\Tests\Enum\ProfitShareReceiverResultTest" classname="Tourze.WechatPayProfitShareBundle.Tests.Enum.ProfitShareReceiverResultTest" assertions="1" time="0.000052"/>
      </testsuite>
      <testsuite name="Tourze\WechatPayProfitShareBundle\Tests\Enum\ProfitShareReceiverResultTest::testFromInvalid" tests="4" assertions="4" errors="0" failures="0" skipped="0" time="0.000238">
        <testcase name="testFromInvalid with data set #0" file="/home/admin/work/source/php-monorepo/packages/phpunit-enum/src/AbstractEnumTestCase.php" line="170" class="Tourze\WechatPayProfitShareBundle\Tests\Enum\ProfitShareReceiverResultTest" classname="Tourze.WechatPayProfitShareBundle.Tests.Enum.ProfitShareReceiverResultTest" assertions="1" time="0.000068"/>
        <testcase name="testFromInvalid with data set #1" file="/home/admin/work/source/php-monorepo/packages/phpunit-enum/src/AbstractEnumTestCase.php" line="170" class="Tourze\WechatPayProfitShareBundle\Tests\Enum\ProfitShareReceiverResultTest" classname="Tourze.WechatPayProfitShareBundle.Tests.Enum.ProfitShareReceiverResultTest" assertions="1" time="0.000058"/>
        <testcase name="testFromInvalid with data set #2" file="/home/admin/work/source/php-monorepo/packages/phpunit-enum/src/AbstractEnumTestCase.php" line="170" class="Tourze\WechatPayProfitShareBundle\Tests\Enum\ProfitShareReceiverResultTest" classname="Tourze.WechatPayProfitShareBundle.Tests.Enum.ProfitShareReceiverResultTest" assertions="1" time="0.000056"/>
        <testcase name="testFromInvalid with data set #3" file="/home/admin/work/source/php-monorepo/packages/phpunit-enum/src/AbstractEnumTestCase.php" line="170" class="Tourze\WechatPayProfitShareBundle\Tests\Enum\ProfitShareReceiverResultTest" classname="Tourze.WechatPayProfitShareBundle.Tests.Enum.ProfitShareReceiverResultTest" assertions="1" time="0.000055"/>
      </testsuite>
      <testsuite name="Tourze\WechatPayProfitShareBundle\Tests\Enum\ProfitShareReceiverResultTest::testTryFromInvalid" tests="4" assertions="4" errors="0" failures="0" skipped="0" time="0.000223">
        <testcase name="testTryFromInvalid with data set #0" file="/home/admin/work/source/php-monorepo/packages/phpunit-enum/src/AbstractEnumTestCase.php" line="179" class="Tourze\WechatPayProfitShareBundle\Tests\Enum\ProfitShareReceiverResultTest" classname="Tourze.WechatPayProfitShareBundle.Tests.Enum.ProfitShareReceiverResultTest" assertions="1" time="0.000059"/>
        <testcase name="testTryFromInvalid with data set #1" file="/home/admin/work/source/php-monorepo/packages/phpunit-enum/src/AbstractEnumTestCase.php" line="179" class="Tourze\WechatPayProfitShareBundle\Tests\Enum\ProfitShareReceiverResultTest" classname="Tourze.WechatPayProfitShareBundle.Tests.Enum.ProfitShareReceiverResultTest" assertions="1" time="0.000054"/>
        <testcase name="testTryFromInvalid with data set #2" file="/home/admin/work/source/php-monorepo/packages/phpunit-enum/src/AbstractEnumTestCase.php" line="179" class="Tourze\WechatPayProfitShareBundle\Tests\Enum\ProfitShareReceiverResultTest" classname="Tourze.WechatPayProfitShareBundle.Tests.Enum.ProfitShareReceiverResultTest" assertions="1" time="0.000054"/>
        <testcase name="testTryFromInvalid with data set #3" file="/home/admin/work/source/php-monorepo/packages/phpunit-enum/src/AbstractEnumTestCase.php" line="179" class="Tourze\WechatPayProfitShareBundle\Tests\Enum\ProfitShareReceiverResultTest" classname="Tourze.WechatPayProfitShareBundle.Tests.Enum.ProfitShareReceiverResultTest" assertions="1" time="0.000055"/>
      </testsuite>
      <testcase name="testToSelectItem" file="/home/admin/work/source/php-monorepo/packages/phpunit-enum/src/AbstractEnumTestCase.php" line="198" class="Tourze\WechatPayProfitShareBundle\Tests\Enum\ProfitShareReceiverResultTest" classname="Tourze.WechatPayProfitShareBundle.Tests.Enum.ProfitShareReceiverResultTest" assertions="8" time="0.000058"/>
    </testsuite>
    <testsuite name="Tourze\WechatPayProfitShareBundle\Tests\Repository\ProfitShareBillTaskRepositoryTest" file="/home/admin/work/source/php-monorepo/packages/wechat-pay-profit-share-bundle/tests/Repository/ProfitShareBillTaskRepositoryTest.php" tests="54" assertions="16" errors="41" failures="11" skipped="0" time="0.570289">
      <testcase name="testShouldHaveRunTestsInSeparateProcesses" file="/home/admin/work/source/php-monorepo/packages/phpunit-symfony-kernel-test/src/AbstractIntegrationTestCase.php" line="726" class="Tourze\WechatPayProfitShareBundle\Tests\Repository\ProfitShareBillTaskRepositoryTest" classname="Tourze.WechatPayProfitShareBundle.Tests.Repository.ProfitShareBillTaskRepositoryTest" assertions="1" time="0.446602">
        <failure type="PHPUnit\Framework\ExpectationFailedException">Tourze\WechatPayProfitShareBundle\Tests\Repository\ProfitShareBillTaskRepositoryTest::testShouldHaveRunTestsInSeparateProcesses
Tourze\WechatPayProfitShareBundle\Tests\Repository\ProfitShareBillTaskRepositoryTest 这个测试用例，应使用 RunTestsInSeparateProcesses 注解
Failed asserting that an array is not empty.

/home/admin/work/source/php-monorepo/packages/phpunit-symfony-kernel-test/src/AbstractIntegrationTestCase.php:730</failure>
      </testcase>
      <testcase name="testRepositoryClassShouldHaveAsRepositoryAttribute" file="/home/admin/work/source/php-monorepo/packages/phpunit-symfony-kernel-test/src/AbstractRepositoryTestCase.php" line="32" class="Tourze\WechatPayProfitShareBundle\Tests\Repository\ProfitShareBillTaskRepositoryTest" classname="Tourze.WechatPayProfitShareBundle.Tests.Repository.ProfitShareBillTaskRepositoryTest" assertions="0" time="0.002408">
        <error type="LogicException">Tourze\WechatPayProfitShareBundle\Tests\Repository\ProfitShareBillTaskRepositoryTest::testRepositoryClassShouldHaveAsRepositoryAttribute
LogicException: Cannot retrieve the container from a non-booted kernel.

/home/admin/work/source/php-monorepo/vendor/symfony/http-kernel/Kernel.php:272
/home/admin/work/source/php-monorepo/vendor/symfony/framework-bundle/Test/TestContainer.php:119
/home/admin/work/source/php-monorepo/vendor/symfony/framework-bundle/Test/TestContainer.php:89
/home/admin/work/source/php-monorepo/packages/phpunit-symfony-kernel-test/src/ServiceLocator.php:68
/home/admin/work/source/php-monorepo/packages/phpunit-symfony-kernel-test/src/ServiceLocatorTrait.php:25
/home/admin/work/source/php-monorepo/packages/wechat-pay-profit-share-bundle/tests/Repository/ProfitShareBillTaskRepositoryTest.php:21
/home/admin/work/source/php-monorepo/packages/phpunit-symfony-kernel-test/src/AbstractRepositoryTestCase.php:34</error>
      </testcase>
      <testcase name="testCreateNewEntityShouldNotBePersisted" file="/home/admin/work/source/php-monorepo/packages/phpunit-symfony-kernel-test/src/AbstractRepositoryTestCase.php" line="48" class="Tourze\WechatPayProfitShareBundle\Tests\Repository\ProfitShareBillTaskRepositoryTest" classname="Tourze.WechatPayProfitShareBundle.Tests.Repository.ProfitShareBillTaskRepositoryTest" assertions="0" time="0.001780">
        <error type="LogicException">Tourze\WechatPayProfitShareBundle\Tests\Repository\ProfitShareBillTaskRepositoryTest::testCreateNewEntityShouldNotBePersisted
LogicException: Cannot retrieve the container from a non-booted kernel.

/home/admin/work/source/php-monorepo/vendor/symfony/http-kernel/Kernel.php:272
/home/admin/work/source/php-monorepo/vendor/symfony/framework-bundle/Test/TestContainer.php:119
/home/admin/work/source/php-monorepo/vendor/symfony/framework-bundle/Test/TestContainer.php:89
/home/admin/work/source/php-monorepo/packages/phpunit-symfony-kernel-test/src/ServiceLocator.php:68
/home/admin/work/source/php-monorepo/packages/phpunit-symfony-kernel-test/src/ServiceLocatorTrait.php:25
/home/admin/work/source/php-monorepo/packages/wechat-pay-profit-share-bundle/tests/Repository/ProfitShareBillTaskRepositoryTest.php:21
/home/admin/work/source/php-monorepo/packages/phpunit-symfony-kernel-test/src/AbstractRepositoryTestCase.php:51</error>
      </testcase>
      <testcase name="testCreateNewEntityShouldPersistedSuccess" file="/home/admin/work/source/php-monorepo/packages/phpunit-symfony-kernel-test/src/AbstractRepositoryTestCase.php" line="64" class="Tourze\WechatPayProfitShareBundle\Tests\Repository\ProfitShareBillTaskRepositoryTest" classname="Tourze.WechatPayProfitShareBundle.Tests.Repository.ProfitShareBillTaskRepositoryTest" assertions="0" time="0.001660">
        <error type="LogicException">Tourze\WechatPayProfitShareBundle\Tests\Repository\ProfitShareBillTaskRepositoryTest::testCreateNewEntityShouldPersistedSuccess
LogicException: Cannot retrieve the container from a non-booted kernel.

/home/admin/work/source/php-monorepo/vendor/symfony/http-kernel/Kernel.php:272
/home/admin/work/source/php-monorepo/vendor/symfony/framework-bundle/Test/TestContainer.php:119
/home/admin/work/source/php-monorepo/vendor/symfony/framework-bundle/Test/TestContainer.php:89
/home/admin/work/source/php-monorepo/packages/phpunit-symfony-kernel-test/src/ServiceLocator.php:68
/home/admin/work/source/php-monorepo/packages/phpunit-symfony-kernel-test/src/ServiceLocatorTrait.php:25
/home/admin/work/source/php-monorepo/packages/wechat-pay-profit-share-bundle/tests/Repository/ProfitShareBillTaskRepositoryTest.php:21
/home/admin/work/source/php-monorepo/packages/phpunit-symfony-kernel-test/src/AbstractRepositoryTestCase.php:67</error>
      </testcase>
      <testcase name="testCreateNewEntityAndDetachShouldNotInIdentityMap" file="/home/admin/work/source/php-monorepo/packages/phpunit-symfony-kernel-test/src/AbstractRepositoryTestCase.php" line="85" class="Tourze\WechatPayProfitShareBundle\Tests\Repository\ProfitShareBillTaskRepositoryTest" classname="Tourze.WechatPayProfitShareBundle.Tests.Repository.ProfitShareBillTaskRepositoryTest" assertions="0" time="0.001651">
        <error type="LogicException">Tourze\WechatPayProfitShareBundle\Tests\Repository\ProfitShareBillTaskRepositoryTest::testCreateNewEntityAndDetachShouldNotInIdentityMap
LogicException: Cannot retrieve the container from a non-booted kernel.

/home/admin/work/source/php-monorepo/vendor/symfony/http-kernel/Kernel.php:272
/home/admin/work/source/php-monorepo/vendor/symfony/framework-bundle/Test/TestContainer.php:119
/home/admin/work/source/php-monorepo/vendor/symfony/framework-bundle/Test/TestContainer.php:89
/home/admin/work/source/php-monorepo/packages/phpunit-symfony-kernel-test/src/ServiceLocator.php:68
/home/admin/work/source/php-monorepo/packages/phpunit-symfony-kernel-test/src/ServiceLocatorTrait.php:25
/home/admin/work/source/php-monorepo/packages/wechat-pay-profit-share-bundle/tests/Repository/ProfitShareBillTaskRepositoryTest.php:21
/home/admin/work/source/php-monorepo/packages/phpunit-symfony-kernel-test/src/AbstractRepositoryTestCase.php:88</error>
      </testcase>
      <testsuite name="Tourze\WechatPayProfitShareBundle\Tests\Repository\ProfitShareBillTaskRepositoryTest::testFindByWithNonExistentFieldShouldThrowException" tests="4" assertions="4" errors="0" failures="4" skipped="0" time="0.006881">
        <testcase name="testFindByWithNonExistentFieldShouldThrowException with data set #0" file="/home/admin/work/source/php-monorepo/packages/phpunit-symfony-kernel-test/src/AbstractRepositoryTestCase.php" line="106" class="Tourze\WechatPayProfitShareBundle\Tests\Repository\ProfitShareBillTaskRepositoryTest" classname="Tourze.WechatPayProfitShareBundle.Tests.Repository.ProfitShareBillTaskRepositoryTest" assertions="1" time="0.001884">
          <failure type="PHPUnit\Framework\ExpectationFailedException">Tourze\WechatPayProfitShareBundle\Tests\Repository\ProfitShareBillTaskRepositoryTest::testFindByWithNonExistentFieldShouldThrowException with data set #0
Failed asserting that exception of type "LogicException" matches expected exception "Doctrine\ORM\Persisters\Exception\UnrecognizedField". Message was: "Cannot retrieve the container from a non-booted kernel." at
/home/admin/work/source/php-monorepo/vendor/symfony/http-kernel/Kernel.php:272
/home/admin/work/source/php-monorepo/vendor/symfony/framework-bundle/Test/TestContainer.php:119
/home/admin/work/source/php-monorepo/vendor/symfony/framework-bundle/Test/TestContainer.php:89
/home/admin/work/source/php-monorepo/packages/phpunit-symfony-kernel-test/src/ServiceLocator.php:68
/home/admin/work/source/php-monorepo/packages/phpunit-symfony-kernel-test/src/ServiceLocatorTrait.php:25
/home/admin/work/source/php-monorepo/packages/wechat-pay-profit-share-bundle/tests/Repository/ProfitShareBillTaskRepositoryTest.php:21
/home/admin/work/source/php-monorepo/packages/phpunit-symfony-kernel-test/src/AbstractRepositoryTestCase.php:109
.</failure>
        </testcase>
        <testcase name="testFindByWithNonExistentFieldShouldThrowException with data set #1" file="/home/admin/work/source/php-monorepo/packages/phpunit-symfony-kernel-test/src/AbstractRepositoryTestCase.php" line="106" class="Tourze\WechatPayProfitShareBundle\Tests\Repository\ProfitShareBillTaskRepositoryTest" classname="Tourze.WechatPayProfitShareBundle.Tests.Repository.ProfitShareBillTaskRepositoryTest" assertions="1" time="0.001719">
          <failure type="PHPUnit\Framework\ExpectationFailedException">Tourze\WechatPayProfitShareBundle\Tests\Repository\ProfitShareBillTaskRepositoryTest::testFindByWithNonExistentFieldShouldThrowException with data set #1
Failed asserting that exception of type "LogicException" matches expected exception "Doctrine\ORM\Persisters\Exception\UnrecognizedField". Message was: "Cannot retrieve the container from a non-booted kernel." at
/home/admin/work/source/php-monorepo/vendor/symfony/http-kernel/Kernel.php:272
/home/admin/work/source/php-monorepo/vendor/symfony/framework-bundle/Test/TestContainer.php:119
/home/admin/work/source/php-monorepo/vendor/symfony/framework-bundle/Test/TestContainer.php:89
/home/admin/work/source/php-monorepo/packages/phpunit-symfony-kernel-test/src/ServiceLocator.php:68
/home/admin/work/source/php-monorepo/packages/phpunit-symfony-kernel-test/src/ServiceLocatorTrait.php:25
/home/admin/work/source/php-monorepo/packages/wechat-pay-profit-share-bundle/tests/Repository/ProfitShareBillTaskRepositoryTest.php:21
/home/admin/work/source/php-monorepo/packages/phpunit-symfony-kernel-test/src/AbstractRepositoryTestCase.php:109
.</failure>
        </testcase>
        <testcase name="testFindByWithNonExistentFieldShouldThrowException with data set #2" file="/home/admin/work/source/php-monorepo/packages/phpunit-symfony-kernel-test/src/AbstractRepositoryTestCase.php" line="106" class="Tourze\WechatPayProfitShareBundle\Tests\Repository\ProfitShareBillTaskRepositoryTest" classname="Tourze.WechatPayProfitShareBundle.Tests.Repository.ProfitShareBillTaskRepositoryTest" assertions="1" time="0.001643">
          <failure type="PHPUnit\Framework\ExpectationFailedException">Tourze\WechatPayProfitShareBundle\Tests\Repository\ProfitShareBillTaskRepositoryTest::testFindByWithNonExistentFieldShouldThrowException with data set #2
Failed asserting that exception of type "LogicException" matches expected exception "Doctrine\ORM\Persisters\Exception\UnrecognizedField". Message was: "Cannot retrieve the container from a non-booted kernel." at
/home/admin/work/source/php-monorepo/vendor/symfony/http-kernel/Kernel.php:272
/home/admin/work/source/php-monorepo/vendor/symfony/framework-bundle/Test/TestContainer.php:119
/home/admin/work/source/php-monorepo/vendor/symfony/framework-bundle/Test/TestContainer.php:89
/home/admin/work/source/php-monorepo/packages/phpunit-symfony-kernel-test/src/ServiceLocator.php:68
/home/admin/work/source/php-monorepo/packages/phpunit-symfony-kernel-test/src/ServiceLocatorTrait.php:25
/home/admin/work/source/php-monorepo/packages/wechat-pay-profit-share-bundle/tests/Repository/ProfitShareBillTaskRepositoryTest.php:21
/home/admin/work/source/php-monorepo/packages/phpunit-symfony-kernel-test/src/AbstractRepositoryTestCase.php:109
.</failure>
        </testcase>
        <testcase name="testFindByWithNonExistentFieldShouldThrowException with data set #3" file="/home/admin/work/source/php-monorepo/packages/phpunit-symfony-kernel-test/src/AbstractRepositoryTestCase.php" line="106" class="Tourze\WechatPayProfitShareBundle\Tests\Repository\ProfitShareBillTaskRepositoryTest" classname="Tourze.WechatPayProfitShareBundle.Tests.Repository.ProfitShareBillTaskRepositoryTest" assertions="1" time="0.001635">
          <failure type="PHPUnit\Framework\ExpectationFailedException">Tourze\WechatPayProfitShareBundle\Tests\Repository\ProfitShareBillTaskRepositoryTest::testFindByWithNonExistentFieldShouldThrowException with data set #3
Failed asserting that exception of type "LogicException" matches expected exception "Doctrine\ORM\Persisters\Exception\UnrecognizedField". Message was: "Cannot retrieve the container from a non-booted kernel." at
/home/admin/work/source/php-monorepo/vendor/symfony/http-kernel/Kernel.php:272
/home/admin/work/source/php-monorepo/vendor/symfony/framework-bundle/Test/TestContainer.php:119
/home/admin/work/source/php-monorepo/vendor/symfony/framework-bundle/Test/TestContainer.php:89
/home/admin/work/source/php-monorepo/packages/phpunit-symfony-kernel-test/src/ServiceLocator.php:68
/home/admin/work/source/php-monorepo/packages/phpunit-symfony-kernel-test/src/ServiceLocatorTrait.php:25
/home/admin/work/source/php-monorepo/packages/wechat-pay-profit-share-bundle/tests/Repository/ProfitShareBillTaskRepositoryTest.php:21
/home/admin/work/source/php-monorepo/packages/phpunit-symfony-kernel-test/src/AbstractRepositoryTestCase.php:109
.</failure>
        </testcase>
      </testsuite>
      <testcase name="testFindByWithNonMatchingCriteriaShouldReturnEmptyArray" file="/home/admin/work/source/php-monorepo/packages/phpunit-symfony-kernel-test/src/AbstractRepositoryTestCase.php" line="116" class="Tourze\WechatPayProfitShareBundle\Tests\Repository\ProfitShareBillTaskRepositoryTest" classname="Tourze.WechatPayProfitShareBundle.Tests.Repository.ProfitShareBillTaskRepositoryTest" assertions="0" time="0.001573">
        <error type="LogicException">Tourze\WechatPayProfitShareBundle\Tests\Repository\ProfitShareBillTaskRepositoryTest::testFindByWithNonMatchingCriteriaShouldReturnEmptyArray
LogicException: Cannot retrieve the container from a non-booted kernel.

/home/admin/work/source/php-monorepo/vendor/symfony/http-kernel/Kernel.php:272
/home/admin/work/source/php-monorepo/vendor/symfony/framework-bundle/Test/TestContainer.php:119
/home/admin/work/source/php-monorepo/vendor/symfony/framework-bundle/Test/TestContainer.php:89
/home/admin/work/source/php-monorepo/packages/phpunit-symfony-kernel-test/src/ServiceLocator.php:68
/home/admin/work/source/php-monorepo/packages/phpunit-symfony-kernel-test/src/ServiceLocatorTrait.php:25
/home/admin/work/source/php-monorepo/packages/wechat-pay-profit-share-bundle/tests/Repository/ProfitShareBillTaskRepositoryTest.php:21
/home/admin/work/source/php-monorepo/packages/phpunit-symfony-kernel-test/src/AbstractRepositoryTestCase.php:118</error>
      </testcase>
      <testcase name="testFindByWithMatchingCriteriaShouldReturnArrayOfEntities" file="/home/admin/work/source/php-monorepo/packages/phpunit-symfony-kernel-test/src/AbstractRepositoryTestCase.php" line="124" class="Tourze\WechatPayProfitShareBundle\Tests\Repository\ProfitShareBillTaskRepositoryTest" classname="Tourze.WechatPayProfitShareBundle.Tests.Repository.ProfitShareBillTaskRepositoryTest" assertions="0" time="0.006286">
        <error type="LogicException">Tourze\WechatPayProfitShareBundle\Tests\Repository\ProfitShareBillTaskRepositoryTest::testFindByWithMatchingCriteriaShouldReturnArrayOfEntities
LogicException: Cannot retrieve the container from a non-booted kernel.

/home/admin/work/source/php-monorepo/vendor/symfony/http-kernel/Kernel.php:272
/home/admin/work/source/php-monorepo/vendor/symfony/framework-bundle/Test/TestContainer.php:119
/home/admin/work/source/php-monorepo/vendor/symfony/framework-bundle/Test/TestContainer.php:89
/home/admin/work/source/php-monorepo/packages/phpunit-symfony-kernel-test/src/ServiceLocator.php:68
/home/admin/work/source/php-monorepo/packages/phpunit-symfony-kernel-test/src/ServiceLocatorTrait.php:25
/home/admin/work/source/php-monorepo/packages/wechat-pay-profit-share-bundle/tests/Repository/ProfitShareBillTaskRepositoryTest.php:21
/home/admin/work/source/php-monorepo/packages/phpunit-symfony-kernel-test/src/AbstractRepositoryTestCase.php:134</error>
      </testcase>
      <testcase name="testFindByShouldRespectOrderByClause" file="/home/admin/work/source/php-monorepo/packages/phpunit-symfony-kernel-test/src/AbstractRepositoryTestCase.php" line="152" class="Tourze\WechatPayProfitShareBundle\Tests\Repository\ProfitShareBillTaskRepositoryTest" classname="Tourze.WechatPayProfitShareBundle.Tests.Repository.ProfitShareBillTaskRepositoryTest" assertions="1" time="0.005818">
        <error type="LogicException">Tourze\WechatPayProfitShareBundle\Tests\Repository\ProfitShareBillTaskRepositoryTest::testFindByShouldRespectOrderByClause
LogicException: Cannot retrieve the container from a non-booted kernel.

/home/admin/work/source/php-monorepo/vendor/symfony/http-kernel/Kernel.php:272
/home/admin/work/source/php-monorepo/vendor/symfony/framework-bundle/Test/TestContainer.php:119
/home/admin/work/source/php-monorepo/vendor/symfony/framework-bundle/Test/TestContainer.php:89
/home/admin/work/source/php-monorepo/packages/phpunit-symfony-kernel-test/src/ServiceLocator.php:68
/home/admin/work/source/php-monorepo/packages/phpunit-symfony-kernel-test/src/ServiceLocatorTrait.php:25
/home/admin/work/source/php-monorepo/packages/wechat-pay-profit-share-bundle/tests/Repository/ProfitShareBillTaskRepositoryTest.php:21
/home/admin/work/source/php-monorepo/packages/phpunit-symfony-kernel-test/src/AbstractRepositoryTestCase.php:169</error>
      </testcase>
      <testcase name="testFindOneByWithNonMatchingCriteriaShouldReturnNull" file="/home/admin/work/source/php-monorepo/packages/phpunit-symfony-kernel-test/src/AbstractRepositoryTestCase.php" line="182" class="Tourze\WechatPayProfitShareBundle\Tests\Repository\ProfitShareBillTaskRepositoryTest" classname="Tourze.WechatPayProfitShareBundle.Tests.Repository.ProfitShareBillTaskRepositoryTest" assertions="0" time="0.001861">
        <error type="LogicException">Tourze\WechatPayProfitShareBundle\Tests\Repository\ProfitShareBillTaskRepositoryTest::testFindOneByWithNonMatchingCriteriaShouldReturnNull
LogicException: Cannot retrieve the container from a non-booted kernel.

/home/admin/work/source/php-monorepo/vendor/symfony/http-kernel/Kernel.php:272
/home/admin/work/source/php-monorepo/vendor/symfony/framework-bundle/Test/TestContainer.php:119
/home/admin/work/source/php-monorepo/vendor/symfony/framework-bundle/Test/TestContainer.php:89
/home/admin/work/source/php-monorepo/packages/phpunit-symfony-kernel-test/src/ServiceLocator.php:68
/home/admin/work/source/php-monorepo/packages/phpunit-symfony-kernel-test/src/ServiceLocatorTrait.php:25
/home/admin/work/source/php-monorepo/packages/wechat-pay-profit-share-bundle/tests/Repository/ProfitShareBillTaskRepositoryTest.php:21
/home/admin/work/source/php-monorepo/packages/phpunit-symfony-kernel-test/src/AbstractRepositoryTestCase.php:184</error>
      </testcase>
      <testcase name="testFindOneByWithNonExistentFieldShouldThrowException" file="/home/admin/work/source/php-monorepo/packages/phpunit-symfony-kernel-test/src/AbstractRepositoryTestCase.php" line="193" class="Tourze\WechatPayProfitShareBundle\Tests\Repository\ProfitShareBillTaskRepositoryTest" classname="Tourze.WechatPayProfitShareBundle.Tests.Repository.ProfitShareBillTaskRepositoryTest" assertions="1" time="0.001763">
        <failure type="PHPUnit\Framework\ExpectationFailedException">Tourze\WechatPayProfitShareBundle\Tests\Repository\ProfitShareBillTaskRepositoryTest::testFindOneByWithNonExistentFieldShouldThrowException
Failed asserting that exception of type "LogicException" matches expected exception "Doctrine\ORM\Persisters\Exception\UnrecognizedField". Message was: "Cannot retrieve the container from a non-booted kernel." at
/home/admin/work/source/php-monorepo/vendor/symfony/http-kernel/Kernel.php:272
/home/admin/work/source/php-monorepo/vendor/symfony/framework-bundle/Test/TestContainer.php:119
/home/admin/work/source/php-monorepo/vendor/symfony/framework-bundle/Test/TestContainer.php:89
/home/admin/work/source/php-monorepo/packages/phpunit-symfony-kernel-test/src/ServiceLocator.php:68
/home/admin/work/source/php-monorepo/packages/phpunit-symfony-kernel-test/src/ServiceLocatorTrait.php:25
/home/admin/work/source/php-monorepo/packages/wechat-pay-profit-share-bundle/tests/Repository/ProfitShareBillTaskRepositoryTest.php:21
/home/admin/work/source/php-monorepo/packages/phpunit-symfony-kernel-test/src/AbstractRepositoryTestCase.php:196
.</failure>
      </testcase>
      <testcase name="testFindOneByWithMatchingCriteriaShouldReturnEntity" file="/home/admin/work/source/php-monorepo/packages/phpunit-symfony-kernel-test/src/AbstractRepositoryTestCase.php" line="199" class="Tourze\WechatPayProfitShareBundle\Tests\Repository\ProfitShareBillTaskRepositoryTest" classname="Tourze.WechatPayProfitShareBundle.Tests.Repository.ProfitShareBillTaskRepositoryTest" assertions="0" time="0.005154">
        <error type="LogicException">Tourze\WechatPayProfitShareBundle\Tests\Repository\ProfitShareBillTaskRepositoryTest::testFindOneByWithMatchingCriteriaShouldReturnEntity
LogicException: Cannot retrieve the container from a non-booted kernel.

/home/admin/work/source/php-monorepo/vendor/symfony/http-kernel/Kernel.php:272
/home/admin/work/source/php-monorepo/vendor/symfony/framework-bundle/Test/TestContainer.php:119
/home/admin/work/source/php-monorepo/vendor/symfony/framework-bundle/Test/TestContainer.php:89
/home/admin/work/source/php-monorepo/packages/phpunit-symfony-kernel-test/src/ServiceLocator.php:68
/home/admin/work/source/php-monorepo/packages/phpunit-symfony-kernel-test/src/ServiceLocatorTrait.php:25
/home/admin/work/source/php-monorepo/packages/wechat-pay-profit-share-bundle/tests/Repository/ProfitShareBillTaskRepositoryTest.php:21
/home/admin/work/source/php-monorepo/packages/phpunit-symfony-kernel-test/src/AbstractRepositoryTestCase.php:205</error>
      </testcase>
      <testsuite name="Tourze\WechatPayProfitShareBundle\Tests\Repository\ProfitShareBillTaskRepositoryTest::testFindOneByShouldSortOrder" tests="20" assertions="0" errors="20" failures="0" skipped="0" time="0.033451">
        <testcase name="testFindOneByShouldSortOrder with data set &quot;single relation merchant&quot;" file="/home/admin/work/source/php-monorepo/packages/phpunit-symfony-kernel-test/src/AbstractRepositoryTestCase.php" line="222" class="Tourze\WechatPayProfitShareBundle\Tests\Repository\ProfitShareBillTaskRepositoryTest" classname="Tourze.WechatPayProfitShareBundle.Tests.Repository.ProfitShareBillTaskRepositoryTest" assertions="0" time="0.001760">
          <error type="LogicException">Tourze\WechatPayProfitShareBundle\Tests\Repository\ProfitShareBillTaskRepositoryTest::testFindOneByShouldSortOrder with data set "single relation merchant"
LogicException: Cannot retrieve the container from a non-booted kernel.

/home/admin/work/source/php-monorepo/vendor/symfony/http-kernel/Kernel.php:272
/home/admin/work/source/php-monorepo/vendor/symfony/framework-bundle/Test/TestContainer.php:119
/home/admin/work/source/php-monorepo/vendor/symfony/framework-bundle/Test/TestContainer.php:89
/home/admin/work/source/php-monorepo/packages/phpunit-symfony-kernel-test/src/ServiceLocator.php:68
/home/admin/work/source/php-monorepo/packages/phpunit-symfony-kernel-test/src/ServiceLocatorTrait.php:25
/home/admin/work/source/php-monorepo/packages/wechat-pay-profit-share-bundle/tests/Repository/ProfitShareBillTaskRepositoryTest.php:21
/home/admin/work/source/php-monorepo/packages/phpunit-symfony-kernel-test/src/AbstractRepositoryTestCase.php:224</error>
        </testcase>
        <testcase name="testFindOneByShouldSortOrder with data set &quot;single field subMchId&quot;" file="/home/admin/work/source/php-monorepo/packages/phpunit-symfony-kernel-test/src/AbstractRepositoryTestCase.php" line="222" class="Tourze\WechatPayProfitShareBundle\Tests\Repository\ProfitShareBillTaskRepositoryTest" classname="Tourze.WechatPayProfitShareBundle.Tests.Repository.ProfitShareBillTaskRepositoryTest" assertions="0" time="0.001778">
          <error type="LogicException">Tourze\WechatPayProfitShareBundle\Tests\Repository\ProfitShareBillTaskRepositoryTest::testFindOneByShouldSortOrder with data set "single field subMchId"
LogicException: Cannot retrieve the container from a non-booted kernel.

/home/admin/work/source/php-monorepo/vendor/symfony/http-kernel/Kernel.php:272
/home/admin/work/source/php-monorepo/vendor/symfony/framework-bundle/Test/TestContainer.php:119
/home/admin/work/source/php-monorepo/vendor/symfony/framework-bundle/Test/TestContainer.php:89
/home/admin/work/source/php-monorepo/packages/phpunit-symfony-kernel-test/src/ServiceLocator.php:68
/home/admin/work/source/php-monorepo/packages/phpunit-symfony-kernel-test/src/ServiceLocatorTrait.php:25
/home/admin/work/source/php-monorepo/packages/wechat-pay-profit-share-bundle/tests/Repository/ProfitShareBillTaskRepositoryTest.php:21
/home/admin/work/source/php-monorepo/packages/phpunit-symfony-kernel-test/src/AbstractRepositoryTestCase.php:224</error>
        </testcase>
        <testcase name="testFindOneByShouldSortOrder with data set &quot;single field billDate&quot;" file="/home/admin/work/source/php-monorepo/packages/phpunit-symfony-kernel-test/src/AbstractRepositoryTestCase.php" line="222" class="Tourze\WechatPayProfitShareBundle\Tests\Repository\ProfitShareBillTaskRepositoryTest" classname="Tourze.WechatPayProfitShareBundle.Tests.Repository.ProfitShareBillTaskRepositoryTest" assertions="0" time="0.001672">
          <error type="LogicException">Tourze\WechatPayProfitShareBundle\Tests\Repository\ProfitShareBillTaskRepositoryTest::testFindOneByShouldSortOrder with data set "single field billDate"
LogicException: Cannot retrieve the container from a non-booted kernel.

/home/admin/work/source/php-monorepo/vendor/symfony/http-kernel/Kernel.php:272
/home/admin/work/source/php-monorepo/vendor/symfony/framework-bundle/Test/TestContainer.php:119
/home/admin/work/source/php-monorepo/vendor/symfony/framework-bundle/Test/TestContainer.php:89
/home/admin/work/source/php-monorepo/packages/phpunit-symfony-kernel-test/src/ServiceLocator.php:68
/home/admin/work/source/php-monorepo/packages/phpunit-symfony-kernel-test/src/ServiceLocatorTrait.php:25
/home/admin/work/source/php-monorepo/packages/wechat-pay-profit-share-bundle/tests/Repository/ProfitShareBillTaskRepositoryTest.php:21
/home/admin/work/source/php-monorepo/packages/phpunit-symfony-kernel-test/src/AbstractRepositoryTestCase.php:224</error>
        </testcase>
        <testcase name="testFindOneByShouldSortOrder with data set &quot;single field tarType&quot;" file="/home/admin/work/source/php-monorepo/packages/phpunit-symfony-kernel-test/src/AbstractRepositoryTestCase.php" line="222" class="Tourze\WechatPayProfitShareBundle\Tests\Repository\ProfitShareBillTaskRepositoryTest" classname="Tourze.WechatPayProfitShareBundle.Tests.Repository.ProfitShareBillTaskRepositoryTest" assertions="0" time="0.001642">
          <error type="LogicException">Tourze\WechatPayProfitShareBundle\Tests\Repository\ProfitShareBillTaskRepositoryTest::testFindOneByShouldSortOrder with data set "single field tarType"
LogicException: Cannot retrieve the container from a non-booted kernel.

/home/admin/work/source/php-monorepo/vendor/symfony/http-kernel/Kernel.php:272
/home/admin/work/source/php-monorepo/vendor/symfony/framework-bundle/Test/TestContainer.php:119
/home/admin/work/source/php-monorepo/vendor/symfony/framework-bundle/Test/TestContainer.php:89
/home/admin/work/source/php-monorepo/packages/phpunit-symfony-kernel-test/src/ServiceLocator.php:68
/home/admin/work/source/php-monorepo/packages/phpunit-symfony-kernel-test/src/ServiceLocatorTrait.php:25
/home/admin/work/source/php-monorepo/packages/wechat-pay-profit-share-bundle/tests/Repository/ProfitShareBillTaskRepositoryTest.php:21
/home/admin/work/source/php-monorepo/packages/phpunit-symfony-kernel-test/src/AbstractRepositoryTestCase.php:224</error>
        </testcase>
        <testcase name="testFindOneByShouldSortOrder with data set &quot;single field hashType&quot;" file="/home/admin/work/source/php-monorepo/packages/phpunit-symfony-kernel-test/src/AbstractRepositoryTestCase.php" line="222" class="Tourze\WechatPayProfitShareBundle\Tests\Repository\ProfitShareBillTaskRepositoryTest" classname="Tourze.WechatPayProfitShareBundle.Tests.Repository.ProfitShareBillTaskRepositoryTest" assertions="0" time="0.001634">
          <error type="LogicException">Tourze\WechatPayProfitShareBundle\Tests\Repository\ProfitShareBillTaskRepositoryTest::testFindOneByShouldSortOrder with data set "single field hashType"
LogicException: Cannot retrieve the container from a non-booted kernel.

/home/admin/work/source/php-monorepo/vendor/symfony/http-kernel/Kernel.php:272
/home/admin/work/source/php-monorepo/vendor/symfony/framework-bundle/Test/TestContainer.php:119
/home/admin/work/source/php-monorepo/vendor/symfony/framework-bundle/Test/TestContainer.php:89
/home/admin/work/source/php-monorepo/packages/phpunit-symfony-kernel-test/src/ServiceLocator.php:68
/home/admin/work/source/php-monorepo/packages/phpunit-symfony-kernel-test/src/ServiceLocatorTrait.php:25
/home/admin/work/source/php-monorepo/packages/wechat-pay-profit-share-bundle/tests/Repository/ProfitShareBillTaskRepositoryTest.php:21
/home/admin/work/source/php-monorepo/packages/phpunit-symfony-kernel-test/src/AbstractRepositoryTestCase.php:224</error>
        </testcase>
        <testcase name="testFindOneByShouldSortOrder with data set &quot;single field hashValue&quot;" file="/home/admin/work/source/php-monorepo/packages/phpunit-symfony-kernel-test/src/AbstractRepositoryTestCase.php" line="222" class="Tourze\WechatPayProfitShareBundle\Tests\Repository\ProfitShareBillTaskRepositoryTest" classname="Tourze.WechatPayProfitShareBundle.Tests.Repository.ProfitShareBillTaskRepositoryTest" assertions="0" time="0.001668">
          <error type="LogicException">Tourze\WechatPayProfitShareBundle\Tests\Repository\ProfitShareBillTaskRepositoryTest::testFindOneByShouldSortOrder with data set "single field hashValue"
LogicException: Cannot retrieve the container from a non-booted kernel.

/home/admin/work/source/php-monorepo/vendor/symfony/http-kernel/Kernel.php:272
/home/admin/work/source/php-monorepo/vendor/symfony/framework-bundle/Test/TestContainer.php:119
/home/admin/work/source/php-monorepo/vendor/symfony/framework-bundle/Test/TestContainer.php:89
/home/admin/work/source/php-monorepo/packages/phpunit-symfony-kernel-test/src/ServiceLocator.php:68
/home/admin/work/source/php-monorepo/packages/phpunit-symfony-kernel-test/src/ServiceLocatorTrait.php:25
/home/admin/work/source/php-monorepo/packages/wechat-pay-profit-share-bundle/tests/Repository/ProfitShareBillTaskRepositoryTest.php:21
/home/admin/work/source/php-monorepo/packages/phpunit-symfony-kernel-test/src/AbstractRepositoryTestCase.php:224</error>
        </testcase>
        <testcase name="testFindOneByShouldSortOrder with data set &quot;single field downloadUrl&quot;" file="/home/admin/work/source/php-monorepo/packages/phpunit-symfony-kernel-test/src/AbstractRepositoryTestCase.php" line="222" class="Tourze\WechatPayProfitShareBundle\Tests\Repository\ProfitShareBillTaskRepositoryTest" classname="Tourze.WechatPayProfitShareBundle.Tests.Repository.ProfitShareBillTaskRepositoryTest" assertions="0" time="0.001615">
          <error type="LogicException">Tourze\WechatPayProfitShareBundle\Tests\Repository\ProfitShareBillTaskRepositoryTest::testFindOneByShouldSortOrder with data set "single field downloadUrl"
LogicException: Cannot retrieve the container from a non-booted kernel.

/home/admin/work/source/php-monorepo/vendor/symfony/http-kernel/Kernel.php:272
/home/admin/work/source/php-monorepo/vendor/symfony/framework-bundle/Test/TestContainer.php:119
/home/admin/work/source/php-monorepo/vendor/symfony/framework-bundle/Test/TestContainer.php:89
/home/admin/work/source/php-monorepo/packages/phpunit-symfony-kernel-test/src/ServiceLocator.php:68
/home/admin/work/source/php-monorepo/packages/phpunit-symfony-kernel-test/src/ServiceLocatorTrait.php:25
/home/admin/work/source/php-monorepo/packages/wechat-pay-profit-share-bundle/tests/Repository/ProfitShareBillTaskRepositoryTest.php:21
/home/admin/work/source/php-monorepo/packages/phpunit-symfony-kernel-test/src/AbstractRepositoryTestCase.php:224</error>
        </testcase>
        <testcase name="testFindOneByShouldSortOrder with data set &quot;single field status&quot;" file="/home/admin/work/source/php-monorepo/packages/phpunit-symfony-kernel-test/src/AbstractRepositoryTestCase.php" line="222" class="Tourze\WechatPayProfitShareBundle\Tests\Repository\ProfitShareBillTaskRepositoryTest" classname="Tourze.WechatPayProfitShareBundle.Tests.Repository.ProfitShareBillTaskRepositoryTest" assertions="0" time="0.001663">
          <error type="LogicException">Tourze\WechatPayProfitShareBundle\Tests\Repository\ProfitShareBillTaskRepositoryTest::testFindOneByShouldSortOrder with data set "single field status"
LogicException: Cannot retrieve the container from a non-booted kernel.

/home/admin/work/source/php-monorepo/vendor/symfony/http-kernel/Kernel.php:272
/home/admin/work/source/php-monorepo/vendor/symfony/framework-bundle/Test/TestContainer.php:119
/home/admin/work/source/php-monorepo/vendor/symfony/framework-bundle/Test/TestContainer.php:89
/home/admin/work/source/php-monorepo/packages/phpunit-symfony-kernel-test/src/ServiceLocator.php:68
/home/admin/work/source/php-monorepo/packages/phpunit-symfony-kernel-test/src/ServiceLocatorTrait.php:25
/home/admin/work/source/php-monorepo/packages/wechat-pay-profit-share-bundle/tests/Repository/ProfitShareBillTaskRepositoryTest.php:21
/home/admin/work/source/php-monorepo/packages/phpunit-symfony-kernel-test/src/AbstractRepositoryTestCase.php:224</error>
        </testcase>
        <testcase name="testFindOneByShouldSortOrder with data set &quot;single field downloadedAt&quot;" file="/home/admin/work/source/php-monorepo/packages/phpunit-symfony-kernel-test/src/AbstractRepositoryTestCase.php" line="222" class="Tourze\WechatPayProfitShareBundle\Tests\Repository\ProfitShareBillTaskRepositoryTest" classname="Tourze.WechatPayProfitShareBundle.Tests.Repository.ProfitShareBillTaskRepositoryTest" assertions="0" time="0.001651">
          <error type="LogicException">Tourze\WechatPayProfitShareBundle\Tests\Repository\ProfitShareBillTaskRepositoryTest::testFindOneByShouldSortOrder with data set "single field downloadedAt"
LogicException: Cannot retrieve the container from a non-booted kernel.

/home/admin/work/source/php-monorepo/vendor/symfony/http-kernel/Kernel.php:272
/home/admin/work/source/php-monorepo/vendor/symfony/framework-bundle/Test/TestContainer.php:119
/home/admin/work/source/php-monorepo/vendor/symfony/framework-bundle/Test/TestContainer.php:89
/home/admin/work/source/php-monorepo/packages/phpunit-symfony-kernel-test/src/ServiceLocator.php:68
/home/admin/work/source/php-monorepo/packages/phpunit-symfony-kernel-test/src/ServiceLocatorTrait.php:25
/home/admin/work/source/php-monorepo/packages/wechat-pay-profit-share-bundle/tests/Repository/ProfitShareBillTaskRepositoryTest.php:21
/home/admin/work/source/php-monorepo/packages/phpunit-symfony-kernel-test/src/AbstractRepositoryTestCase.php:224</error>
        </testcase>
        <testcase name="testFindOneByShouldSortOrder with data set &quot;single field localPath&quot;" file="/home/admin/work/source/php-monorepo/packages/phpunit-symfony-kernel-test/src/AbstractRepositoryTestCase.php" line="222" class="Tourze\WechatPayProfitShareBundle\Tests\Repository\ProfitShareBillTaskRepositoryTest" classname="Tourze.WechatPayProfitShareBundle.Tests.Repository.ProfitShareBillTaskRepositoryTest" assertions="0" time="0.001634">
          <error type="LogicException">Tourze\WechatPayProfitShareBundle\Tests\Repository\ProfitShareBillTaskRepositoryTest::testFindOneByShouldSortOrder with data set "single field localPath"
LogicException: Cannot retrieve the container from a non-booted kernel.

/home/admin/work/source/php-monorepo/vendor/symfony/http-kernel/Kernel.php:272
/home/admin/work/source/php-monorepo/vendor/symfony/framework-bundle/Test/TestContainer.php:119
/home/admin/work/source/php-monorepo/vendor/symfony/framework-bundle/Test/TestContainer.php:89
/home/admin/work/source/php-monorepo/packages/phpunit-symfony-kernel-test/src/ServiceLocator.php:68
/home/admin/work/source/php-monorepo/packages/phpunit-symfony-kernel-test/src/ServiceLocatorTrait.php:25
/home/admin/work/source/php-monorepo/packages/wechat-pay-profit-share-bundle/tests/Repository/ProfitShareBillTaskRepositoryTest.php:21
/home/admin/work/source/php-monorepo/packages/phpunit-symfony-kernel-test/src/AbstractRepositoryTestCase.php:224</error>
        </testcase>
        <testcase name="testFindOneByShouldSortOrder with data set &quot;single field id&quot;" file="/home/admin/work/source/php-monorepo/packages/phpunit-symfony-kernel-test/src/AbstractRepositoryTestCase.php" line="222" class="Tourze\WechatPayProfitShareBundle\Tests\Repository\ProfitShareBillTaskRepositoryTest" classname="Tourze.WechatPayProfitShareBundle.Tests.Repository.ProfitShareBillTaskRepositoryTest" assertions="0" time="0.001625">
          <error type="LogicException">Tourze\WechatPayProfitShareBundle\Tests\Repository\ProfitShareBillTaskRepositoryTest::testFindOneByShouldSortOrder with data set "single field id"
LogicException: Cannot retrieve the container from a non-booted kernel.

/home/admin/work/source/php-monorepo/vendor/symfony/http-kernel/Kernel.php:272
/home/admin/work/source/php-monorepo/vendor/symfony/framework-bundle/Test/TestContainer.php:119
/home/admin/work/source/php-monorepo/vendor/symfony/framework-bundle/Test/TestContainer.php:89
/home/admin/work/source/php-monorepo/packages/phpunit-symfony-kernel-test/src/ServiceLocator.php:68
/home/admin/work/source/php-monorepo/packages/phpunit-symfony-kernel-test/src/ServiceLocatorTrait.php:25
/home/admin/work/source/php-monorepo/packages/wechat-pay-profit-share-bundle/tests/Repository/ProfitShareBillTaskRepositoryTest.php:21
/home/admin/work/source/php-monorepo/packages/phpunit-symfony-kernel-test/src/AbstractRepositoryTestCase.php:224</error>
        </testcase>
        <testcase name="testFindOneByShouldSortOrder with data set &quot;single field createTime&quot;" file="/home/admin/work/source/php-monorepo/packages/phpunit-symfony-kernel-test/src/AbstractRepositoryTestCase.php" line="222" class="Tourze\WechatPayProfitShareBundle\Tests\Repository\ProfitShareBillTaskRepositoryTest" classname="Tourze.WechatPayProfitShareBundle.Tests.Repository.ProfitShareBillTaskRepositoryTest" assertions="0" time="0.001720">
          <error type="LogicException">Tourze\WechatPayProfitShareBundle\Tests\Repository\ProfitShareBillTaskRepositoryTest::testFindOneByShouldSortOrder with data set "single field createTime"
LogicException: Cannot retrieve the container from a non-booted kernel.

/home/admin/work/source/php-monorepo/vendor/symfony/http-kernel/Kernel.php:272
/home/admin/work/source/php-monorepo/vendor/symfony/framework-bundle/Test/TestContainer.php:119
/home/admin/work/source/php-monorepo/vendor/symfony/framework-bundle/Test/TestContainer.php:89
/home/admin/work/source/php-monorepo/packages/phpunit-symfony-kernel-test/src/ServiceLocator.php:68
/home/admin/work/source/php-monorepo/packages/phpunit-symfony-kernel-test/src/ServiceLocatorTrait.php:25
/home/admin/work/source/php-monorepo/packages/wechat-pay-profit-share-bundle/tests/Repository/ProfitShareBillTaskRepositoryTest.php:21
/home/admin/work/source/php-monorepo/packages/phpunit-symfony-kernel-test/src/AbstractRepositoryTestCase.php:224</error>
        </testcase>
        <testcase name="testFindOneByShouldSortOrder with data set &quot;single field updateTime&quot;" file="/home/admin/work/source/php-monorepo/packages/phpunit-symfony-kernel-test/src/AbstractRepositoryTestCase.php" line="222" class="Tourze\WechatPayProfitShareBundle\Tests\Repository\ProfitShareBillTaskRepositoryTest" classname="Tourze.WechatPayProfitShareBundle.Tests.Repository.ProfitShareBillTaskRepositoryTest" assertions="0" time="0.001725">
          <error type="LogicException">Tourze\WechatPayProfitShareBundle\Tests\Repository\ProfitShareBillTaskRepositoryTest::testFindOneByShouldSortOrder with data set "single field updateTime"
LogicException: Cannot retrieve the container from a non-booted kernel.

/home/admin/work/source/php-monorepo/vendor/symfony/http-kernel/Kernel.php:272
/home/admin/work/source/php-monorepo/vendor/symfony/framework-bundle/Test/TestContainer.php:119
/home/admin/work/source/php-monorepo/vendor/symfony/framework-bundle/Test/TestContainer.php:89
/home/admin/work/source/php-monorepo/packages/phpunit-symfony-kernel-test/src/ServiceLocator.php:68
/home/admin/work/source/php-monorepo/packages/phpunit-symfony-kernel-test/src/ServiceLocatorTrait.php:25
/home/admin/work/source/php-monorepo/packages/wechat-pay-profit-share-bundle/tests/Repository/ProfitShareBillTaskRepositoryTest.php:21
/home/admin/work/source/php-monorepo/packages/phpunit-symfony-kernel-test/src/AbstractRepositoryTestCase.php:224</error>
        </testcase>
        <testcase name="testFindOneByShouldSortOrder with data set &quot;single field createdBy&quot;" file="/home/admin/work/source/php-monorepo/packages/phpunit-symfony-kernel-test/src/AbstractRepositoryTestCase.php" line="222" class="Tourze\WechatPayProfitShareBundle\Tests\Repository\ProfitShareBillTaskRepositoryTest" classname="Tourze.WechatPayProfitShareBundle.Tests.Repository.ProfitShareBillTaskRepositoryTest" assertions="0" time="0.001653">
          <error type="LogicException">Tourze\WechatPayProfitShareBundle\Tests\Repository\ProfitShareBillTaskRepositoryTest::testFindOneByShouldSortOrder with data set "single field createdBy"
LogicException: Cannot retrieve the container from a non-booted kernel.

/home/admin/work/source/php-monorepo/vendor/symfony/http-kernel/Kernel.php:272
/home/admin/work/source/php-monorepo/vendor/symfony/framework-bundle/Test/TestContainer.php:119
/home/admin/work/source/php-monorepo/vendor/symfony/framework-bundle/Test/TestContainer.php:89
/home/admin/work/source/php-monorepo/packages/phpunit-symfony-kernel-test/src/ServiceLocator.php:68
/home/admin/work/source/php-monorepo/packages/phpunit-symfony-kernel-test/src/ServiceLocatorTrait.php:25
/home/admin/work/source/php-monorepo/packages/wechat-pay-profit-share-bundle/tests/Repository/ProfitShareBillTaskRepositoryTest.php:21
/home/admin/work/source/php-monorepo/packages/phpunit-symfony-kernel-test/src/AbstractRepositoryTestCase.php:224</error>
        </testcase>
        <testcase name="testFindOneByShouldSortOrder with data set &quot;single field updatedBy&quot;" file="/home/admin/work/source/php-monorepo/packages/phpunit-symfony-kernel-test/src/AbstractRepositoryTestCase.php" line="222" class="Tourze\WechatPayProfitShareBundle\Tests\Repository\ProfitShareBillTaskRepositoryTest" classname="Tourze.WechatPayProfitShareBundle.Tests.Repository.ProfitShareBillTaskRepositoryTest" assertions="0" time="0.001613">
          <error type="LogicException">Tourze\WechatPayProfitShareBundle\Tests\Repository\ProfitShareBillTaskRepositoryTest::testFindOneByShouldSortOrder with data set "single field updatedBy"
LogicException: Cannot retrieve the container from a non-booted kernel.

/home/admin/work/source/php-monorepo/vendor/symfony/http-kernel/Kernel.php:272
/home/admin/work/source/php-monorepo/vendor/symfony/framework-bundle/Test/TestContainer.php:119
/home/admin/work/source/php-monorepo/vendor/symfony/framework-bundle/Test/TestContainer.php:89
/home/admin/work/source/php-monorepo/packages/phpunit-symfony-kernel-test/src/ServiceLocator.php:68
/home/admin/work/source/php-monorepo/packages/phpunit-symfony-kernel-test/src/ServiceLocatorTrait.php:25
/home/admin/work/source/php-monorepo/packages/wechat-pay-profit-share-bundle/tests/Repository/ProfitShareBillTaskRepositoryTest.php:21
/home/admin/work/source/php-monorepo/packages/phpunit-symfony-kernel-test/src/AbstractRepositoryTestCase.php:224</error>
        </testcase>
        <testcase name="testFindOneByShouldSortOrder with data set &quot;2 fields merchant, subMchId&quot;" file="/home/admin/work/source/php-monorepo/packages/phpunit-symfony-kernel-test/src/AbstractRepositoryTestCase.php" line="222" class="Tourze\WechatPayProfitShareBundle\Tests\Repository\ProfitShareBillTaskRepositoryTest" classname="Tourze.WechatPayProfitShareBundle.Tests.Repository.ProfitShareBillTaskRepositoryTest" assertions="0" time="0.001779">
          <error type="LogicException">Tourze\WechatPayProfitShareBundle\Tests\Repository\ProfitShareBillTaskRepositoryTest::testFindOneByShouldSortOrder with data set "2 fields merchant, subMchId"
LogicException: Cannot retrieve the container from a non-booted kernel.

/home/admin/work/source/php-monorepo/vendor/symfony/http-kernel/Kernel.php:272
/home/admin/work/source/php-monorepo/vendor/symfony/framework-bundle/Test/TestContainer.php:119
/home/admin/work/source/php-monorepo/vendor/symfony/framework-bundle/Test/TestContainer.php:89
/home/admin/work/source/php-monorepo/packages/phpunit-symfony-kernel-test/src/ServiceLocator.php:68
/home/admin/work/source/php-monorepo/packages/phpunit-symfony-kernel-test/src/ServiceLocatorTrait.php:25
/home/admin/work/source/php-monorepo/packages/wechat-pay-profit-share-bundle/tests/Repository/ProfitShareBillTaskRepositoryTest.php:21
/home/admin/work/source/php-monorepo/packages/phpunit-symfony-kernel-test/src/AbstractRepositoryTestCase.php:224</error>
        </testcase>
        <testcase name="testFindOneByShouldSortOrder with data set &quot;2 fields merchant, updatedBy&quot;" file="/home/admin/work/source/php-monorepo/packages/phpunit-symfony-kernel-test/src/AbstractRepositoryTestCase.php" line="222" class="Tourze\WechatPayProfitShareBundle\Tests\Repository\ProfitShareBillTaskRepositoryTest" classname="Tourze.WechatPayProfitShareBundle.Tests.Repository.ProfitShareBillTaskRepositoryTest" assertions="0" time="0.001661">
          <error type="LogicException">Tourze\WechatPayProfitShareBundle\Tests\Repository\ProfitShareBillTaskRepositoryTest::testFindOneByShouldSortOrder with data set "2 fields merchant, updatedBy"
LogicException: Cannot retrieve the container from a non-booted kernel.

/home/admin/work/source/php-monorepo/vendor/symfony/http-kernel/Kernel.php:272
/home/admin/work/source/php-monorepo/vendor/symfony/framework-bundle/Test/TestContainer.php:119
/home/admin/work/source/php-monorepo/vendor/symfony/framework-bundle/Test/TestContainer.php:89
/home/admin/work/source/php-monorepo/packages/phpunit-symfony-kernel-test/src/ServiceLocator.php:68
/home/admin/work/source/php-monorepo/packages/phpunit-symfony-kernel-test/src/ServiceLocatorTrait.php:25
/home/admin/work/source/php-monorepo/packages/wechat-pay-profit-share-bundle/tests/Repository/ProfitShareBillTaskRepositoryTest.php:21
/home/admin/work/source/php-monorepo/packages/phpunit-symfony-kernel-test/src/AbstractRepositoryTestCase.php:224</error>
        </testcase>
        <testcase name="testFindOneByShouldSortOrder with data set &quot;2 fields downloadUrl, status&quot;" file="/home/admin/work/source/php-monorepo/packages/phpunit-symfony-kernel-test/src/AbstractRepositoryTestCase.php" line="222" class="Tourze\WechatPayProfitShareBundle\Tests\Repository\ProfitShareBillTaskRepositoryTest" classname="Tourze.WechatPayProfitShareBundle.Tests.Repository.ProfitShareBillTaskRepositoryTest" assertions="0" time="0.001667">
          <error type="LogicException">Tourze\WechatPayProfitShareBundle\Tests\Repository\ProfitShareBillTaskRepositoryTest::testFindOneByShouldSortOrder with data set "2 fields downloadUrl, status"
LogicException: Cannot retrieve the container from a non-booted kernel.

/home/admin/work/source/php-monorepo/vendor/symfony/http-kernel/Kernel.php:272
/home/admin/work/source/php-monorepo/vendor/symfony/framework-bundle/Test/TestContainer.php:119
/home/admin/work/source/php-monorepo/vendor/symfony/framework-bundle/Test/TestContainer.php:89
/home/admin/work/source/php-monorepo/packages/phpunit-symfony-kernel-test/src/ServiceLocator.php:68
/home/admin/work/source/php-monorepo/packages/phpunit-symfony-kernel-test/src/ServiceLocatorTrait.php:25
/home/admin/work/source/php-monorepo/packages/wechat-pay-profit-share-bundle/tests/Repository/ProfitShareBillTaskRepositoryTest.php:21
/home/admin/work/source/php-monorepo/packages/phpunit-symfony-kernel-test/src/AbstractRepositoryTestCase.php:224</error>
        </testcase>
        <testcase name="testFindOneByShouldSortOrder with data set &quot;3 fields merchant, subMchId, billDate&quot;" file="/home/admin/work/source/php-monorepo/packages/phpunit-symfony-kernel-test/src/AbstractRepositoryTestCase.php" line="222" class="Tourze\WechatPayProfitShareBundle\Tests\Repository\ProfitShareBillTaskRepositoryTest" classname="Tourze.WechatPayProfitShareBundle.Tests.Repository.ProfitShareBillTaskRepositoryTest" assertions="0" time="0.001647">
          <error type="LogicException">Tourze\WechatPayProfitShareBundle\Tests\Repository\ProfitShareBillTaskRepositoryTest::testFindOneByShouldSortOrder with data set "3 fields merchant, subMchId, billDate"
LogicException: Cannot retrieve the container from a non-booted kernel.

/home/admin/work/source/php-monorepo/vendor/symfony/http-kernel/Kernel.php:272
/home/admin/work/source/php-monorepo/vendor/symfony/framework-bundle/Test/TestContainer.php:119
/home/admin/work/source/php-monorepo/vendor/symfony/framework-bundle/Test/TestContainer.php:89
/home/admin/work/source/php-monorepo/packages/phpunit-symfony-kernel-test/src/ServiceLocator.php:68
/home/admin/work/source/php-monorepo/packages/phpunit-symfony-kernel-test/src/ServiceLocatorTrait.php:25
/home/admin/work/source/php-monorepo/packages/wechat-pay-profit-share-bundle/tests/Repository/ProfitShareBillTaskRepositoryTest.php:21
/home/admin/work/source/php-monorepo/packages/phpunit-symfony-kernel-test/src/AbstractRepositoryTestCase.php:224</error>
        </testcase>
        <testcase name="testFindOneByShouldSortOrder with data set &quot;all 15 fields&quot;" file="/home/admin/work/source/php-monorepo/packages/phpunit-symfony-kernel-test/src/AbstractRepositoryTestCase.php" line="222" class="Tourze\WechatPayProfitShareBundle\Tests\Repository\ProfitShareBillTaskRepositoryTest" classname="Tourze.WechatPayProfitShareBundle.Tests.Repository.ProfitShareBillTaskRepositoryTest" assertions="0" time="0.001644">
          <error type="LogicException">Tourze\WechatPayProfitShareBundle\Tests\Repository\ProfitShareBillTaskRepositoryTest::testFindOneByShouldSortOrder with data set "all 15 fields"
LogicException: Cannot retrieve the container from a non-booted kernel.

/home/admin/work/source/php-monorepo/vendor/symfony/http-kernel/Kernel.php:272
/home/admin/work/source/php-monorepo/vendor/symfony/framework-bundle/Test/TestContainer.php:119
/home/admin/work/source/php-monorepo/vendor/symfony/framework-bundle/Test/TestContainer.php:89
/home/admin/work/source/php-monorepo/packages/phpunit-symfony-kernel-test/src/ServiceLocator.php:68
/home/admin/work/source/php-monorepo/packages/phpunit-symfony-kernel-test/src/ServiceLocatorTrait.php:25
/home/admin/work/source/php-monorepo/packages/wechat-pay-profit-share-bundle/tests/Repository/ProfitShareBillTaskRepositoryTest.php:21
/home/admin/work/source/php-monorepo/packages/phpunit-symfony-kernel-test/src/AbstractRepositoryTestCase.php:224</error>
        </testcase>
      </testsuite>
      <testcase name="testFindAllWhenNoRecordsExistShouldReturnEmptyArray" file="/home/admin/work/source/php-monorepo/packages/phpunit-symfony-kernel-test/src/AbstractRepositoryTestCase.php" line="361" class="Tourze\WechatPayProfitShareBundle\Tests\Repository\ProfitShareBillTaskRepositoryTest" classname="Tourze.WechatPayProfitShareBundle.Tests.Repository.ProfitShareBillTaskRepositoryTest" assertions="0" time="0.001606">
        <error type="LogicException">Tourze\WechatPayProfitShareBundle\Tests\Repository\ProfitShareBillTaskRepositoryTest::testFindAllWhenNoRecordsExistShouldReturnEmptyArray
LogicException: Cannot retrieve the container from a non-booted kernel.

/home/admin/work/source/php-monorepo/vendor/symfony/http-kernel/Kernel.php:272
/home/admin/work/source/php-monorepo/vendor/symfony/framework-bundle/Test/TestContainer.php:119
/home/admin/work/source/php-monorepo/vendor/symfony/framework-bundle/Test/TestContainer.php:89
/home/admin/work/source/php-monorepo/packages/phpunit-symfony-kernel-test/src/ServiceLocator.php:68
/home/admin/work/source/php-monorepo/packages/phpunit-symfony-kernel-test/src/ServiceLocatorTrait.php:25
/home/admin/work/source/php-monorepo/packages/wechat-pay-profit-share-bundle/tests/Repository/ProfitShareBillTaskRepositoryTest.php:21
/home/admin/work/source/php-monorepo/packages/phpunit-symfony-kernel-test/src/AbstractRepositoryTestCase.php:363</error>
      </testcase>
      <testcase name="testFindAllWhenRecordsExistShouldReturnArrayOfEntities" file="/home/admin/work/source/php-monorepo/packages/phpunit-symfony-kernel-test/src/AbstractRepositoryTestCase.php" line="376" class="Tourze\WechatPayProfitShareBundle\Tests\Repository\ProfitShareBillTaskRepositoryTest" classname="Tourze.WechatPayProfitShareBundle.Tests.Repository.ProfitShareBillTaskRepositoryTest" assertions="0" time="0.001632">
        <error type="LogicException">Tourze\WechatPayProfitShareBundle\Tests\Repository\ProfitShareBillTaskRepositoryTest::testFindAllWhenRecordsExistShouldReturnArrayOfEntities
LogicException: Cannot retrieve the container from a non-booted kernel.

/home/admin/work/source/php-monorepo/vendor/symfony/http-kernel/Kernel.php:272
/home/admin/work/source/php-monorepo/vendor/symfony/framework-bundle/Test/TestContainer.php:119
/home/admin/work/source/php-monorepo/vendor/symfony/framework-bundle/Test/TestContainer.php:89
/home/admin/work/source/php-monorepo/packages/phpunit-symfony-kernel-test/src/ServiceLocator.php:68
/home/admin/work/source/php-monorepo/packages/phpunit-symfony-kernel-test/src/ServiceLocatorTrait.php:25
/home/admin/work/source/php-monorepo/packages/wechat-pay-profit-share-bundle/tests/Repository/ProfitShareBillTaskRepositoryTest.php:21
/home/admin/work/source/php-monorepo/packages/phpunit-symfony-kernel-test/src/AbstractRepositoryTestCase.php:379</error>
      </testcase>
      <testcase name="testFindWithNonExistentIdShouldReturnNull" file="/home/admin/work/source/php-monorepo/packages/phpunit-symfony-kernel-test/src/AbstractRepositoryTestCase.php" line="396" class="Tourze\WechatPayProfitShareBundle\Tests\Repository\ProfitShareBillTaskRepositoryTest" classname="Tourze.WechatPayProfitShareBundle.Tests.Repository.ProfitShareBillTaskRepositoryTest" assertions="0" time="0.001581">
        <error type="LogicException">Tourze\WechatPayProfitShareBundle\Tests\Repository\ProfitShareBillTaskRepositoryTest::testFindWithNonExistentIdShouldReturnNull
LogicException: Cannot retrieve the container from a non-booted kernel.

/home/admin/work/source/php-monorepo/vendor/symfony/http-kernel/Kernel.php:272
/home/admin/work/source/php-monorepo/vendor/symfony/framework-bundle/Test/TestContainer.php:119
/home/admin/work/source/php-monorepo/vendor/symfony/framework-bundle/Test/TestContainer.php:89
/home/admin/work/source/php-monorepo/packages/phpunit-symfony-kernel-test/src/ServiceLocator.php:68
/home/admin/work/source/php-monorepo/packages/phpunit-symfony-kernel-test/src/ServiceLocatorTrait.php:25
/home/admin/work/source/php-monorepo/packages/wechat-pay-profit-share-bundle/tests/Repository/ProfitShareBillTaskRepositoryTest.php:21
/home/admin/work/source/php-monorepo/packages/phpunit-symfony-kernel-test/src/AbstractRepositoryTestCase.php:398</error>
      </testcase>
      <testcase name="testFindWithZeroIdShouldReturnNull" file="/home/admin/work/source/php-monorepo/packages/phpunit-symfony-kernel-test/src/AbstractRepositoryTestCase.php" line="403" class="Tourze\WechatPayProfitShareBundle\Tests\Repository\ProfitShareBillTaskRepositoryTest" classname="Tourze.WechatPayProfitShareBundle.Tests.Repository.ProfitShareBillTaskRepositoryTest" assertions="0" time="0.001572">
        <error type="LogicException">Tourze\WechatPayProfitShareBundle\Tests\Repository\ProfitShareBillTaskRepositoryTest::testFindWithZeroIdShouldReturnNull
LogicException: Cannot retrieve the container from a non-booted kernel.

/home/admin/work/source/php-monorepo/vendor/symfony/http-kernel/Kernel.php:272
/home/admin/work/source/php-monorepo/vendor/symfony/framework-bundle/Test/TestContainer.php:119
/home/admin/work/source/php-monorepo/vendor/symfony/framework-bundle/Test/TestContainer.php:89
/home/admin/work/source/php-monorepo/packages/phpunit-symfony-kernel-test/src/ServiceLocator.php:68
/home/admin/work/source/php-monorepo/packages/phpunit-symfony-kernel-test/src/ServiceLocatorTrait.php:25
/home/admin/work/source/php-monorepo/packages/wechat-pay-profit-share-bundle/tests/Repository/ProfitShareBillTaskRepositoryTest.php:21
/home/admin/work/source/php-monorepo/packages/phpunit-symfony-kernel-test/src/AbstractRepositoryTestCase.php:405</error>
      </testcase>
      <testcase name="testFindWithNegativeIdShouldReturnNull" file="/home/admin/work/source/php-monorepo/packages/phpunit-symfony-kernel-test/src/AbstractRepositoryTestCase.php" line="410" class="Tourze\WechatPayProfitShareBundle\Tests\Repository\ProfitShareBillTaskRepositoryTest" classname="Tourze.WechatPayProfitShareBundle.Tests.Repository.ProfitShareBillTaskRepositoryTest" assertions="0" time="0.001545">
        <error type="LogicException">Tourze\WechatPayProfitShareBundle\Tests\Repository\ProfitShareBillTaskRepositoryTest::testFindWithNegativeIdShouldReturnNull
LogicException: Cannot retrieve the container from a non-booted kernel.

/home/admin/work/source/php-monorepo/vendor/symfony/http-kernel/Kernel.php:272
/home/admin/work/source/php-monorepo/vendor/symfony/framework-bundle/Test/TestContainer.php:119
/home/admin/work/source/php-monorepo/vendor/symfony/framework-bundle/Test/TestContainer.php:89
/home/admin/work/source/php-monorepo/packages/phpunit-symfony-kernel-test/src/ServiceLocator.php:68
/home/admin/work/source/php-monorepo/packages/phpunit-symfony-kernel-test/src/ServiceLocatorTrait.php:25
/home/admin/work/source/php-monorepo/packages/wechat-pay-profit-share-bundle/tests/Repository/ProfitShareBillTaskRepositoryTest.php:21
/home/admin/work/source/php-monorepo/packages/phpunit-symfony-kernel-test/src/AbstractRepositoryTestCase.php:412</error>
      </testcase>
      <testcase name="testFindWithNullIdShouldThrowException" file="/home/admin/work/source/php-monorepo/packages/phpunit-symfony-kernel-test/src/AbstractRepositoryTestCase.php" line="417" class="Tourze\WechatPayProfitShareBundle\Tests\Repository\ProfitShareBillTaskRepositoryTest" classname="Tourze.WechatPayProfitShareBundle.Tests.Repository.ProfitShareBillTaskRepositoryTest" assertions="1" time="0.001696">
        <failure type="PHPUnit\Framework\ExpectationFailedException">Tourze\WechatPayProfitShareBundle\Tests\Repository\ProfitShareBillTaskRepositoryTest::testFindWithNullIdShouldThrowException
Failed asserting that exception of type "LogicException" matches expected exception "Doctrine\ORM\Exception\MissingIdentifierField". Message was: "Cannot retrieve the container from a non-booted kernel." at
/home/admin/work/source/php-monorepo/vendor/symfony/http-kernel/Kernel.php:272
/home/admin/work/source/php-monorepo/vendor/symfony/framework-bundle/Test/TestContainer.php:119
/home/admin/work/source/php-monorepo/vendor/symfony/framework-bundle/Test/TestContainer.php:89
/home/admin/work/source/php-monorepo/packages/phpunit-symfony-kernel-test/src/ServiceLocator.php:68
/home/admin/work/source/php-monorepo/packages/phpunit-symfony-kernel-test/src/ServiceLocatorTrait.php:25
/home/admin/work/source/php-monorepo/packages/wechat-pay-profit-share-bundle/tests/Repository/ProfitShareBillTaskRepositoryTest.php:21
/home/admin/work/source/php-monorepo/packages/phpunit-symfony-kernel-test/src/AbstractRepositoryTestCase.php:420
.</failure>
      </testcase>
      <testcase name="testFindWithExistingIdShouldReturnEntity" file="/home/admin/work/source/php-monorepo/packages/phpunit-symfony-kernel-test/src/AbstractRepositoryTestCase.php" line="424" class="Tourze\WechatPayProfitShareBundle\Tests\Repository\ProfitShareBillTaskRepositoryTest" classname="Tourze.WechatPayProfitShareBundle.Tests.Repository.ProfitShareBillTaskRepositoryTest" assertions="1" time="0.005437">
        <error type="LogicException">Tourze\WechatPayProfitShareBundle\Tests\Repository\ProfitShareBillTaskRepositoryTest::testFindWithExistingIdShouldReturnEntity
LogicException: Cannot retrieve the container from a non-booted kernel.

/home/admin/work/source/php-monorepo/vendor/symfony/http-kernel/Kernel.php:272
/home/admin/work/source/php-monorepo/vendor/symfony/framework-bundle/Test/TestContainer.php:119
/home/admin/work/source/php-monorepo/vendor/symfony/framework-bundle/Test/TestContainer.php:89
/home/admin/work/source/php-monorepo/packages/phpunit-symfony-kernel-test/src/ServiceLocator.php:68
/home/admin/work/source/php-monorepo/packages/phpunit-symfony-kernel-test/src/ServiceLocatorTrait.php:25
/home/admin/work/source/php-monorepo/packages/wechat-pay-profit-share-bundle/tests/Repository/ProfitShareBillTaskRepositoryTest.php:21
/home/admin/work/source/php-monorepo/packages/phpunit-symfony-kernel-test/src/AbstractRepositoryTestCase.php:433</error>
      </testcase>
      <testcase name="testCountWithDataFixtureShouldReturnGreaterThanZero" file="/home/admin/work/source/php-monorepo/packages/phpunit-symfony-kernel-test/src/AbstractRepositoryTestCase.php" line="442" class="Tourze\WechatPayProfitShareBundle\Tests\Repository\ProfitShareBillTaskRepositoryTest" classname="Tourze.WechatPayProfitShareBundle.Tests.Repository.ProfitShareBillTaskRepositoryTest" assertions="0" time="0.001698">
        <error type="LogicException">Tourze\WechatPayProfitShareBundle\Tests\Repository\ProfitShareBillTaskRepositoryTest::testCountWithDataFixtureShouldReturnGreaterThanZero
LogicException: Cannot retrieve the container from a non-booted kernel.

/home/admin/work/source/php-monorepo/vendor/symfony/http-kernel/Kernel.php:272
/home/admin/work/source/php-monorepo/vendor/symfony/framework-bundle/Test/TestContainer.php:119
/home/admin/work/source/php-monorepo/vendor/symfony/framework-bundle/Test/TestContainer.php:89
/home/admin/work/source/php-monorepo/packages/phpunit-symfony-kernel-test/src/ServiceLocator.php:68
/home/admin/work/source/php-monorepo/packages/phpunit-symfony-kernel-test/src/ServiceLocatorTrait.php:25
/home/admin/work/source/php-monorepo/packages/wechat-pay-profit-share-bundle/tests/Repository/ProfitShareBillTaskRepositoryTest.php:21
/home/admin/work/source/php-monorepo/packages/phpunit-symfony-kernel-test/src/AbstractRepositoryTestCase.php:444</error>
      </testcase>
      <testcase name="testCountWithNotFoundShouldReturnZero" file="/home/admin/work/source/php-monorepo/packages/phpunit-symfony-kernel-test/src/AbstractRepositoryTestCase.php" line="451" class="Tourze\WechatPayProfitShareBundle\Tests\Repository\ProfitShareBillTaskRepositoryTest" classname="Tourze.WechatPayProfitShareBundle.Tests.Repository.ProfitShareBillTaskRepositoryTest" assertions="0" time="0.001599">
        <error type="LogicException">Tourze\WechatPayProfitShareBundle\Tests\Repository\ProfitShareBillTaskRepositoryTest::testCountWithNotFoundShouldReturnZero
LogicException: Cannot retrieve the container from a non-booted kernel.

/home/admin/work/source/php-monorepo/vendor/symfony/http-kernel/Kernel.php:272
/home/admin/work/source/php-monorepo/vendor/symfony/framework-bundle/Test/TestContainer.php:119
/home/admin/work/source/php-monorepo/vendor/symfony/framework-bundle/Test/TestContainer.php:89
/home/admin/work/source/php-monorepo/packages/phpunit-symfony-kernel-test/src/ServiceLocator.php:68
/home/admin/work/source/php-monorepo/packages/phpunit-symfony-kernel-test/src/ServiceLocatorTrait.php:25
/home/admin/work/source/php-monorepo/packages/wechat-pay-profit-share-bundle/tests/Repository/ProfitShareBillTaskRepositoryTest.php:21
/home/admin/work/source/php-monorepo/packages/phpunit-symfony-kernel-test/src/AbstractRepositoryTestCase.php:453</error>
      </testcase>
      <testsuite name="Tourze\WechatPayProfitShareBundle\Tests\Repository\ProfitShareBillTaskRepositoryTest::testCountWithNonExistentFieldShouldThrowException" tests="4" assertions="4" errors="0" failures="4" skipped="0" time="0.006612">
        <testcase name="testCountWithNonExistentFieldShouldThrowException with data set #0" file="/home/admin/work/source/php-monorepo/packages/phpunit-symfony-kernel-test/src/AbstractRepositoryTestCase.php" line="465" class="Tourze\WechatPayProfitShareBundle\Tests\Repository\ProfitShareBillTaskRepositoryTest" classname="Tourze.WechatPayProfitShareBundle.Tests.Repository.ProfitShareBillTaskRepositoryTest" assertions="1" time="0.001684">
          <failure type="PHPUnit\Framework\ExpectationFailedException">Tourze\WechatPayProfitShareBundle\Tests\Repository\ProfitShareBillTaskRepositoryTest::testCountWithNonExistentFieldShouldThrowException with data set #0
Failed asserting that exception of type "LogicException" matches expected exception "Doctrine\ORM\Persisters\Exception\UnrecognizedField". Message was: "Cannot retrieve the container from a non-booted kernel." at
/home/admin/work/source/php-monorepo/vendor/symfony/http-kernel/Kernel.php:272
/home/admin/work/source/php-monorepo/vendor/symfony/framework-bundle/Test/TestContainer.php:119
/home/admin/work/source/php-monorepo/vendor/symfony/framework-bundle/Test/TestContainer.php:89
/home/admin/work/source/php-monorepo/packages/phpunit-symfony-kernel-test/src/ServiceLocator.php:68
/home/admin/work/source/php-monorepo/packages/phpunit-symfony-kernel-test/src/ServiceLocatorTrait.php:25
/home/admin/work/source/php-monorepo/packages/wechat-pay-profit-share-bundle/tests/Repository/ProfitShareBillTaskRepositoryTest.php:21
/home/admin/work/source/php-monorepo/packages/phpunit-symfony-kernel-test/src/AbstractRepositoryTestCase.php:468
.</failure>
        </testcase>
        <testcase name="testCountWithNonExistentFieldShouldThrowException with data set #1" file="/home/admin/work/source/php-monorepo/packages/phpunit-symfony-kernel-test/src/AbstractRepositoryTestCase.php" line="465" class="Tourze\WechatPayProfitShareBundle\Tests\Repository\ProfitShareBillTaskRepositoryTest" classname="Tourze.WechatPayProfitShareBundle.Tests.Repository.ProfitShareBillTaskRepositoryTest" assertions="1" time="0.001660">
          <failure type="PHPUnit\Framework\ExpectationFailedException">Tourze\WechatPayProfitShareBundle\Tests\Repository\ProfitShareBillTaskRepositoryTest::testCountWithNonExistentFieldShouldThrowException with data set #1
Failed asserting that exception of type "LogicException" matches expected exception "Doctrine\ORM\Persisters\Exception\UnrecognizedField". Message was: "Cannot retrieve the container from a non-booted kernel." at
/home/admin/work/source/php-monorepo/vendor/symfony/http-kernel/Kernel.php:272
/home/admin/work/source/php-monorepo/vendor/symfony/framework-bundle/Test/TestContainer.php:119
/home/admin/work/source/php-monorepo/vendor/symfony/framework-bundle/Test/TestContainer.php:89
/home/admin/work/source/php-monorepo/packages/phpunit-symfony-kernel-test/src/ServiceLocator.php:68
/home/admin/work/source/php-monorepo/packages/phpunit-symfony-kernel-test/src/ServiceLocatorTrait.php:25
/home/admin/work/source/php-monorepo/packages/wechat-pay-profit-share-bundle/tests/Repository/ProfitShareBillTaskRepositoryTest.php:21
/home/admin/work/source/php-monorepo/packages/phpunit-symfony-kernel-test/src/AbstractRepositoryTestCase.php:468
.</failure>
        </testcase>
        <testcase name="testCountWithNonExistentFieldShouldThrowException with data set #2" file="/home/admin/work/source/php-monorepo/packages/phpunit-symfony-kernel-test/src/AbstractRepositoryTestCase.php" line="465" class="Tourze\WechatPayProfitShareBundle\Tests\Repository\ProfitShareBillTaskRepositoryTest" classname="Tourze.WechatPayProfitShareBundle.Tests.Repository.ProfitShareBillTaskRepositoryTest" assertions="1" time="0.001624">
          <failure type="PHPUnit\Framework\ExpectationFailedException">Tourze\WechatPayProfitShareBundle\Tests\Repository\ProfitShareBillTaskRepositoryTest::testCountWithNonExistentFieldShouldThrowException with data set #2
Failed asserting that exception of type "LogicException" matches expected exception "Doctrine\ORM\Persisters\Exception\UnrecognizedField". Message was: "Cannot retrieve the container from a non-booted kernel." at
/home/admin/work/source/php-monorepo/vendor/symfony/http-kernel/Kernel.php:272
/home/admin/work/source/php-monorepo/vendor/symfony/framework-bundle/Test/TestContainer.php:119
/home/admin/work/source/php-monorepo/vendor/symfony/framework-bundle/Test/TestContainer.php:89
/home/admin/work/source/php-monorepo/packages/phpunit-symfony-kernel-test/src/ServiceLocator.php:68
/home/admin/work/source/php-monorepo/packages/phpunit-symfony-kernel-test/src/ServiceLocatorTrait.php:25
/home/admin/work/source/php-monorepo/packages/wechat-pay-profit-share-bundle/tests/Repository/ProfitShareBillTaskRepositoryTest.php:21
/home/admin/work/source/php-monorepo/packages/phpunit-symfony-kernel-test/src/AbstractRepositoryTestCase.php:468
.</failure>
        </testcase>
        <testcase name="testCountWithNonExistentFieldShouldThrowException with data set #3" file="/home/admin/work/source/php-monorepo/packages/phpunit-symfony-kernel-test/src/AbstractRepositoryTestCase.php" line="465" class="Tourze\WechatPayProfitShareBundle\Tests\Repository\ProfitShareBillTaskRepositoryTest" classname="Tourze.WechatPayProfitShareBundle.Tests.Repository.ProfitShareBillTaskRepositoryTest" assertions="1" time="0.001645">
          <failure type="PHPUnit\Framework\ExpectationFailedException">Tourze\WechatPayProfitShareBundle\Tests\Repository\ProfitShareBillTaskRepositoryTest::testCountWithNonExistentFieldShouldThrowException with data set #3
Failed asserting that exception of type "LogicException" matches expected exception "Doctrine\ORM\Persisters\Exception\UnrecognizedField". Message was: "Cannot retrieve the container from a non-booted kernel." at
/home/admin/work/source/php-monorepo/vendor/symfony/http-kernel/Kernel.php:272
/home/admin/work/source/php-monorepo/vendor/symfony/framework-bundle/Test/TestContainer.php:119
/home/admin/work/source/php-monorepo/vendor/symfony/framework-bundle/Test/TestContainer.php:89
/home/admin/work/source/php-monorepo/packages/phpunit-symfony-kernel-test/src/ServiceLocator.php:68
/home/admin/work/source/php-monorepo/packages/phpunit-symfony-kernel-test/src/ServiceLocatorTrait.php:25
/home/admin/work/source/php-monorepo/packages/wechat-pay-profit-share-bundle/tests/Repository/ProfitShareBillTaskRepositoryTest.php:21
/home/admin/work/source/php-monorepo/packages/phpunit-symfony-kernel-test/src/AbstractRepositoryTestCase.php:468
.</failure>
        </testcase>
      </testsuite>
      <testcase name="testSaveMethodShouldExists" file="/home/admin/work/source/php-monorepo/packages/phpunit-symfony-kernel-test/src/AbstractRepositoryTestCase.php" line="472" class="Tourze\WechatPayProfitShareBundle\Tests\Repository\ProfitShareBillTaskRepositoryTest" classname="Tourze.WechatPayProfitShareBundle.Tests.Repository.ProfitShareBillTaskRepositoryTest" assertions="0" time="0.001549">
        <error type="LogicException">Tourze\WechatPayProfitShareBundle\Tests\Repository\ProfitShareBillTaskRepositoryTest::testSaveMethodShouldExists
LogicException: Cannot retrieve the container from a non-booted kernel.

/home/admin/work/source/php-monorepo/vendor/symfony/http-kernel/Kernel.php:272
/home/admin/work/source/php-monorepo/vendor/symfony/framework-bundle/Test/TestContainer.php:119
/home/admin/work/source/php-monorepo/vendor/symfony/framework-bundle/Test/TestContainer.php:89
/home/admin/work/source/php-monorepo/packages/phpunit-symfony-kernel-test/src/ServiceLocator.php:68
/home/admin/work/source/php-monorepo/packages/phpunit-symfony-kernel-test/src/ServiceLocatorTrait.php:25
/home/admin/work/source/php-monorepo/packages/wechat-pay-profit-share-bundle/tests/Repository/ProfitShareBillTaskRepositoryTest.php:21
/home/admin/work/source/php-monorepo/packages/phpunit-symfony-kernel-test/src/AbstractRepositoryTestCase.php:474</error>
      </testcase>
      <testcase name="testSaveWithFlushTrueShouldPersistAndFlush" file="/home/admin/work/source/php-monorepo/packages/phpunit-symfony-kernel-test/src/AbstractRepositoryTestCase.php" line="554" class="Tourze\WechatPayProfitShareBundle\Tests\Repository\ProfitShareBillTaskRepositoryTest" classname="Tourze.WechatPayProfitShareBundle.Tests.Repository.ProfitShareBillTaskRepositoryTest" assertions="2" time="0.005035"/>
      <testcase name="testSaveWithFlushFalseShouldNotImmediatelyPersist" file="/home/admin/work/source/php-monorepo/packages/phpunit-symfony-kernel-test/src/AbstractRepositoryTestCase.php" line="567" class="Tourze\WechatPayProfitShareBundle\Tests\Repository\ProfitShareBillTaskRepositoryTest" classname="Tourze.WechatPayProfitShareBundle.Tests.Repository.ProfitShareBillTaskRepositoryTest" assertions="1" time="0.004990"/>
      <testcase name="testRemoveMethodShouldExists" file="/home/admin/work/source/php-monorepo/packages/phpunit-symfony-kernel-test/src/AbstractRepositoryTestCase.php" line="586" class="Tourze\WechatPayProfitShareBundle\Tests\Repository\ProfitShareBillTaskRepositoryTest" classname="Tourze.WechatPayProfitShareBundle.Tests.Repository.ProfitShareBillTaskRepositoryTest" assertions="0" time="0.001648">
        <error type="LogicException">Tourze\WechatPayProfitShareBundle\Tests\Repository\ProfitShareBillTaskRepositoryTest::testRemoveMethodShouldExists
LogicException: Cannot retrieve the container from a non-booted kernel.

/home/admin/work/source/php-monorepo/vendor/symfony/http-kernel/Kernel.php:272
/home/admin/work/source/php-monorepo/vendor/symfony/framework-bundle/Test/TestContainer.php:119
/home/admin/work/source/php-monorepo/vendor/symfony/framework-bundle/Test/TestContainer.php:89
/home/admin/work/source/php-monorepo/packages/phpunit-symfony-kernel-test/src/ServiceLocator.php:68
/home/admin/work/source/php-monorepo/packages/phpunit-symfony-kernel-test/src/ServiceLocatorTrait.php:25
/home/admin/work/source/php-monorepo/packages/wechat-pay-profit-share-bundle/tests/Repository/ProfitShareBillTaskRepositoryTest.php:21
/home/admin/work/source/php-monorepo/packages/phpunit-symfony-kernel-test/src/AbstractRepositoryTestCase.php:588</error>
      </testcase>
      <testcase name="testRemoveWithFlush" file="/home/admin/work/source/php-monorepo/packages/phpunit-symfony-kernel-test/src/AbstractRepositoryTestCase.php" line="668" class="Tourze\WechatPayProfitShareBundle\Tests\Repository\ProfitShareBillTaskRepositoryTest" classname="Tourze.WechatPayProfitShareBundle.Tests.Repository.ProfitShareBillTaskRepositoryTest" assertions="0" time="0.010040">
        <error type="LogicException">Tourze\WechatPayProfitShareBundle\Tests\Repository\ProfitShareBillTaskRepositoryTest::testRemoveWithFlush
LogicException: Cannot retrieve the container from a non-booted kernel.

/home/admin/work/source/php-monorepo/vendor/symfony/http-kernel/Kernel.php:272
/home/admin/work/source/php-monorepo/vendor/symfony/framework-bundle/Test/TestContainer.php:119
/home/admin/work/source/php-monorepo/vendor/symfony/framework-bundle/Test/TestContainer.php:89
/home/admin/work/source/php-monorepo/packages/phpunit-symfony-kernel-test/src/ServiceLocator.php:68
/home/admin/work/source/php-monorepo/packages/phpunit-symfony-kernel-test/src/ServiceLocatorTrait.php:25
/home/admin/work/source/php-monorepo/packages/wechat-pay-profit-share-bundle/tests/Repository/ProfitShareBillTaskRepositoryTest.php:21
/home/admin/work/source/php-monorepo/packages/phpunit-symfony-kernel-test/src/AbstractRepositoryTestCase.php:678</error>
      </testcase>
      <testcase name="testRemoveWithoutFlush" file="/home/admin/work/source/php-monorepo/packages/phpunit-symfony-kernel-test/src/AbstractRepositoryTestCase.php" line="682" class="Tourze\WechatPayProfitShareBundle\Tests\Repository\ProfitShareBillTaskRepositoryTest" classname="Tourze.WechatPayProfitShareBundle.Tests.Repository.ProfitShareBillTaskRepositoryTest" assertions="0" time="0.005160">
        <error type="LogicException">Tourze\WechatPayProfitShareBundle\Tests\Repository\ProfitShareBillTaskRepositoryTest::testRemoveWithoutFlush
LogicException: Cannot retrieve the container from a non-booted kernel.

/home/admin/work/source/php-monorepo/vendor/symfony/http-kernel/Kernel.php:272
/home/admin/work/source/php-monorepo/vendor/symfony/framework-bundle/Test/TestContainer.php:119
/home/admin/work/source/php-monorepo/vendor/symfony/framework-bundle/Test/TestContainer.php:89
/home/admin/work/source/php-monorepo/packages/phpunit-symfony-kernel-test/src/ServiceLocator.php:68
/home/admin/work/source/php-monorepo/packages/phpunit-symfony-kernel-test/src/ServiceLocatorTrait.php:25
/home/admin/work/source/php-monorepo/packages/wechat-pay-profit-share-bundle/tests/Repository/ProfitShareBillTaskRepositoryTest.php:21
/home/admin/work/source/php-monorepo/packages/phpunit-symfony-kernel-test/src/AbstractRepositoryTestCase.php:691</error>
      </testcase>
    </testsuite>
    <testsuite name="Tourze\WechatPayProfitShareBundle\Tests\Repository\ProfitShareOperationLogRepositoryTest" file="/home/admin/work/source/php-monorepo/packages/wechat-pay-profit-share-bundle/tests/Repository/ProfitShareOperationLogRepositoryTest.php" tests="4" assertions="12" errors="0" failures="0" skipped="0" time="0.648260">
      <testcase name="testShouldHaveRunTestsInSeparateProcesses" file="/home/admin/work/source/php-monorepo/packages/phpunit-symfony-kernel-test/src/AbstractIntegrationTestCase.php" line="726" class="Tourze\WechatPayProfitShareBundle\Tests\Repository\ProfitShareOperationLogRepositoryTest" classname="Tourze.WechatPayProfitShareBundle.Tests.Repository.ProfitShareOperationLogRepositoryTest" assertions="1" time="0.391425"/>
      <testcase name="testRepositoryInheritance" file="/home/admin/work/source/php-monorepo/packages/wechat-pay-profit-share-bundle/tests/Repository/ProfitShareOperationLogRepositoryTest.php" line="25" class="Tourze\WechatPayProfitShareBundle\Tests\Repository\ProfitShareOperationLogRepositoryTest" classname="Tourze.WechatPayProfitShareBundle.Tests.Repository.ProfitShareOperationLogRepositoryTest" assertions="1" time="0.093339"/>
      <testcase name="testSaveMethodExists" file="/home/admin/work/source/php-monorepo/packages/wechat-pay-profit-share-bundle/tests/Repository/ProfitShareOperationLogRepositoryTest.php" line="30" class="Tourze\WechatPayProfitShareBundle\Tests\Repository\ProfitShareOperationLogRepositoryTest" classname="Tourze.WechatPayProfitShareBundle.Tests.Repository.ProfitShareOperationLogRepositoryTest" assertions="6" time="0.081675"/>
      <testcase name="testRepositoryHasExpectedMethods" file="/home/admin/work/source/php-monorepo/packages/wechat-pay-profit-share-bundle/tests/Repository/ProfitShareOperationLogRepositoryTest.php" line="48" class="Tourze\WechatPayProfitShareBundle\Tests\Repository\ProfitShareOperationLogRepositoryTest" classname="Tourze.WechatPayProfitShareBundle.Tests.Repository.ProfitShareOperationLogRepositoryTest" assertions="4" time="0.081822"/>
    </testsuite>
    <testsuite name="Tourze\WechatPayProfitShareBundle\Tests\Repository\ProfitShareOrderRepositoryTest" file="/home/admin/work/source/php-monorepo/packages/wechat-pay-profit-share-bundle/tests/Repository/ProfitShareOrderRepositoryTest.php" tests="5" assertions="18" errors="0" failures="0" skipped="0" time="0.413403">
      <testcase name="testShouldHaveRunTestsInSeparateProcesses" file="/home/admin/work/source/php-monorepo/packages/phpunit-symfony-kernel-test/src/AbstractIntegrationTestCase.php" line="726" class="Tourze\WechatPayProfitShareBundle\Tests\Repository\ProfitShareOrderRepositoryTest" classname="Tourze.WechatPayProfitShareBundle.Tests.Repository.ProfitShareOrderRepositoryTest" assertions="1" time="0.080456"/>
      <testcase name="testRepositoryInheritance" file="/home/admin/work/source/php-monorepo/packages/wechat-pay-profit-share-bundle/tests/Repository/ProfitShareOrderRepositoryTest.php" line="25" class="Tourze\WechatPayProfitShareBundle\Tests\Repository\ProfitShareOrderRepositoryTest" classname="Tourze.WechatPayProfitShareBundle.Tests.Repository.ProfitShareOrderRepositoryTest" assertions="1" time="0.081813"/>
      <testcase name="testSaveMethodExists" file="/home/admin/work/source/php-monorepo/packages/wechat-pay-profit-share-bundle/tests/Repository/ProfitShareOrderRepositoryTest.php" line="30" class="Tourze\WechatPayProfitShareBundle\Tests\Repository\ProfitShareOrderRepositoryTest" classname="Tourze.WechatPayProfitShareBundle.Tests.Repository.ProfitShareOrderRepositoryTest" assertions="6" time="0.079982"/>
      <testcase name="testRemoveMethodExists" file="/home/admin/work/source/php-monorepo/packages/wechat-pay-profit-share-bundle/tests/Repository/ProfitShareOrderRepositoryTest.php" line="48" class="Tourze\WechatPayProfitShareBundle\Tests\Repository\ProfitShareOrderRepositoryTest" classname="Tourze.WechatPayProfitShareBundle.Tests.Repository.ProfitShareOrderRepositoryTest" assertions="6" time="0.085686"/>
      <testcase name="testRepositoryHasExpectedMethods" file="/home/admin/work/source/php-monorepo/packages/wechat-pay-profit-share-bundle/tests/Repository/ProfitShareOrderRepositoryTest.php" line="66" class="Tourze\WechatPayProfitShareBundle\Tests\Repository\ProfitShareOrderRepositoryTest" classname="Tourze.WechatPayProfitShareBundle.Tests.Repository.ProfitShareOrderRepositoryTest" assertions="4" time="0.085465"/>
    </testsuite>
    <testsuite name="Tourze\WechatPayProfitShareBundle\Tests\Repository\ProfitShareReceiverRepositoryTest" file="/home/admin/work/source/php-monorepo/packages/wechat-pay-profit-share-bundle/tests/Repository/ProfitShareReceiverRepositoryTest.php" tests="4" assertions="12" errors="0" failures="0" skipped="0" time="0.349208">
      <testcase name="testShouldHaveRunTestsInSeparateProcesses" file="/home/admin/work/source/php-monorepo/packages/phpunit-symfony-kernel-test/src/AbstractIntegrationTestCase.php" line="726" class="Tourze\WechatPayProfitShareBundle\Tests\Repository\ProfitShareReceiverRepositoryTest" classname="Tourze.WechatPayProfitShareBundle.Tests.Repository.ProfitShareReceiverRepositoryTest" assertions="1" time="0.088013"/>
      <testcase name="testRepositoryInheritance" file="/home/admin/work/source/php-monorepo/packages/wechat-pay-profit-share-bundle/tests/Repository/ProfitShareReceiverRepositoryTest.php" line="27" class="Tourze\WechatPayProfitShareBundle\Tests\Repository\ProfitShareReceiverRepositoryTest" classname="Tourze.WechatPayProfitShareBundle.Tests.Repository.ProfitShareReceiverRepositoryTest" assertions="1" time="0.085642"/>
      <testcase name="testSaveMethodExists" file="/home/admin/work/source/php-monorepo/packages/wechat-pay-profit-share-bundle/tests/Repository/ProfitShareReceiverRepositoryTest.php" line="32" class="Tourze\WechatPayProfitShareBundle\Tests\Repository\ProfitShareReceiverRepositoryTest" classname="Tourze.WechatPayProfitShareBundle.Tests.Repository.ProfitShareReceiverRepositoryTest" assertions="6" time="0.084407"/>
      <testcase name="testRepositoryHasExpectedMethods" file="/home/admin/work/source/php-monorepo/packages/wechat-pay-profit-share-bundle/tests/Repository/ProfitShareReceiverRepositoryTest.php" line="50" class="Tourze\WechatPayProfitShareBundle\Tests\Repository\ProfitShareReceiverRepositoryTest" classname="Tourze.WechatPayProfitShareBundle.Tests.Repository.ProfitShareReceiverRepositoryTest" assertions="4" time="0.091145"/>
    </testsuite>
    <testsuite name="Tourze\WechatPayProfitShareBundle\Tests\Repository\ProfitShareReturnOrderRepositoryTest" file="/home/admin/work/source/php-monorepo/packages/wechat-pay-profit-share-bundle/tests/Repository/ProfitShareReturnOrderRepositoryTest.php" tests="5" assertions="16" errors="0" failures="0" skipped="0" time="0.430997">
      <testcase name="testShouldHaveRunTestsInSeparateProcesses" file="/home/admin/work/source/php-monorepo/packages/phpunit-symfony-kernel-test/src/AbstractIntegrationTestCase.php" line="726" class="Tourze\WechatPayProfitShareBundle\Tests\Repository\ProfitShareReturnOrderRepositoryTest" classname="Tourze.WechatPayProfitShareBundle.Tests.Repository.ProfitShareReturnOrderRepositoryTest" assertions="1" time="0.085197"/>
      <testcase name="testRepositoryInheritance" file="/home/admin/work/source/php-monorepo/packages/wechat-pay-profit-share-bundle/tests/Repository/ProfitShareReturnOrderRepositoryTest.php" line="27" class="Tourze\WechatPayProfitShareBundle\Tests\Repository\ProfitShareReturnOrderRepositoryTest" classname="Tourze.WechatPayProfitShareBundle.Tests.Repository.ProfitShareReturnOrderRepositoryTest" assertions="1" time="0.091749"/>
      <testcase name="testSaveMethodExists" file="/home/admin/work/source/php-monorepo/packages/wechat-pay-profit-share-bundle/tests/Repository/ProfitShareReturnOrderRepositoryTest.php" line="32" class="Tourze\WechatPayProfitShareBundle\Tests\Repository\ProfitShareReturnOrderRepositoryTest" classname="Tourze.WechatPayProfitShareBundle.Tests.Repository.ProfitShareReturnOrderRepositoryTest" assertions="6" time="0.085134"/>
      <testcase name="testRepositoryHasExpectedMethods" file="/home/admin/work/source/php-monorepo/packages/wechat-pay-profit-share-bundle/tests/Repository/ProfitShareReturnOrderRepositoryTest.php" line="50" class="Tourze\WechatPayProfitShareBundle\Tests\Repository\ProfitShareReturnOrderRepositoryTest" classname="Tourze.WechatPayProfitShareBundle.Tests.Repository.ProfitShareReturnOrderRepositoryTest" assertions="4" time="0.085973"/>
      <testcase name="testCommonRepositoryMethods" file="/home/admin/work/source/php-monorepo/packages/wechat-pay-profit-share-bundle/tests/Repository/ProfitShareReturnOrderRepositoryTest.php" line="86" class="Tourze\WechatPayProfitShareBundle\Tests\Repository\ProfitShareReturnOrderRepositoryTest" classname="Tourze.WechatPayProfitShareBundle.Tests.Repository.ProfitShareReturnOrderRepositoryTest" assertions="4" time="0.082945"/>
    </testsuite>
    <testsuite name="Tourze\WechatPayProfitShareBundle\Tests\Request\ProfitShareBillDownloadRequestTest" file="/home/admin/work/source/php-monorepo/packages/wechat-pay-profit-share-bundle/tests/Request/ProfitShareBillDownloadRequestTest.php" tests="8" assertions="20" errors="0" failures="0" skipped="0" time="0.000696">
      <testcase name="testCreateRequestWithDefaultValues" file="/home/admin/work/source/php-monorepo/packages/wechat-pay-profit-share-bundle/tests/Request/ProfitShareBillDownloadRequestTest.php" line="14" class="Tourze\WechatPayProfitShareBundle\Tests\Request\ProfitShareBillDownloadRequestTest" classname="Tourze.WechatPayProfitShareBundle.Tests.Request.ProfitShareBillDownloadRequestTest" assertions="5" time="0.000312"/>
      <testcase name="testCreateRequestWithValues" file="/home/admin/work/source/php-monorepo/packages/wechat-pay-profit-share-bundle/tests/Request/ProfitShareBillDownloadRequestTest.php" line="25" class="Tourze\WechatPayProfitShareBundle\Tests\Request\ProfitShareBillDownloadRequestTest" classname="Tourze.WechatPayProfitShareBundle.Tests.Request.ProfitShareBillDownloadRequestTest" assertions="5" time="0.000073"/>
      <testcase name="testSetDownloadUrl" file="/home/admin/work/source/php-monorepo/packages/wechat-pay-profit-share-bundle/tests/Request/ProfitShareBillDownloadRequestTest.php" line="42" class="Tourze\WechatPayProfitShareBundle\Tests\Request\ProfitShareBillDownloadRequestTest" classname="Tourze.WechatPayProfitShareBundle.Tests.Request.ProfitShareBillDownloadRequestTest" assertions="1" time="0.000051"/>
      <testcase name="testSetLocalPath" file="/home/admin/work/source/php-monorepo/packages/wechat-pay-profit-share-bundle/tests/Request/ProfitShareBillDownloadRequestTest.php" line="50" class="Tourze\WechatPayProfitShareBundle\Tests\Request\ProfitShareBillDownloadRequestTest" classname="Tourze.WechatPayProfitShareBundle.Tests.Request.ProfitShareBillDownloadRequestTest" assertions="1" time="0.000048"/>
      <testcase name="testSetExpectedHashType" file="/home/admin/work/source/php-monorepo/packages/wechat-pay-profit-share-bundle/tests/Request/ProfitShareBillDownloadRequestTest.php" line="58" class="Tourze\WechatPayProfitShareBundle\Tests\Request\ProfitShareBillDownloadRequestTest" classname="Tourze.WechatPayProfitShareBundle.Tests.Request.ProfitShareBillDownloadRequestTest" assertions="1" time="0.000048"/>
      <testcase name="testSetExpectedHashValue" file="/home/admin/work/source/php-monorepo/packages/wechat-pay-profit-share-bundle/tests/Request/ProfitShareBillDownloadRequestTest.php" line="66" class="Tourze\WechatPayProfitShareBundle\Tests\Request\ProfitShareBillDownloadRequestTest" classname="Tourze.WechatPayProfitShareBundle.Tests.Request.ProfitShareBillDownloadRequestTest" assertions="1" time="0.000048"/>
      <testcase name="testSetTarType" file="/home/admin/work/source/php-monorepo/packages/wechat-pay-profit-share-bundle/tests/Request/ProfitShareBillDownloadRequestTest.php" line="74" class="Tourze\WechatPayProfitShareBundle\Tests\Request\ProfitShareBillDownloadRequestTest" classname="Tourze.WechatPayProfitShareBundle.Tests.Request.ProfitShareBillDownloadRequestTest" assertions="1" time="0.000066"/>
      <testcase name="testSetNullValues" file="/home/admin/work/source/php-monorepo/packages/wechat-pay-profit-share-bundle/tests/Request/ProfitShareBillDownloadRequestTest.php" line="82" class="Tourze\WechatPayProfitShareBundle\Tests\Request\ProfitShareBillDownloadRequestTest" classname="Tourze.WechatPayProfitShareBundle.Tests.Request.ProfitShareBillDownloadRequestTest" assertions="5" time="0.000050"/>
    </testsuite>
    <testsuite name="Tourze\WechatPayProfitShareBundle\Tests\Request\ProfitShareBillRequestTest" file="/home/admin/work/source/php-monorepo/packages/wechat-pay-profit-share-bundle/tests/Request/ProfitShareBillRequestTest.php" tests="8" assertions="27" errors="0" failures="0" skipped="0" time="0.000759">
      <testcase name="testCreateRequestWithBillDateOnly" file="/home/admin/work/source/php-monorepo/packages/wechat-pay-profit-share-bundle/tests/Request/ProfitShareBillRequestTest.php" line="15" class="Tourze\WechatPayProfitShareBundle\Tests\Request\ProfitShareBillRequestTest" classname="Tourze.WechatPayProfitShareBundle.Tests.Request.ProfitShareBillRequestTest" assertions="4" time="0.000169"/>
      <testcase name="testCreateRequestWithSubMchId" file="/home/admin/work/source/php-monorepo/packages/wechat-pay-profit-share-bundle/tests/Request/ProfitShareBillRequestTest.php" line="31" class="Tourze\WechatPayProfitShareBundle\Tests\Request\ProfitShareBillRequestTest" classname="Tourze.WechatPayProfitShareBundle.Tests.Request.ProfitShareBillRequestTest" assertions="4" time="0.000062"/>
      <testcase name="testCreateRequestWithTarType" file="/home/admin/work/source/php-monorepo/packages/wechat-pay-profit-share-bundle/tests/Request/ProfitShareBillRequestTest.php" line="51" class="Tourze\WechatPayProfitShareBundle\Tests\Request\ProfitShareBillRequestTest" classname="Tourze.WechatPayProfitShareBundle.Tests.Request.ProfitShareBillRequestTest" assertions="4" time="0.000055"/>
      <testcase name="testCreateRequestWithAllFields" file="/home/admin/work/source/php-monorepo/packages/wechat-pay-profit-share-bundle/tests/Request/ProfitShareBillRequestTest.php" line="71" class="Tourze\WechatPayProfitShareBundle\Tests\Request\ProfitShareBillRequestTest" classname="Tourze.WechatPayProfitShareBundle.Tests.Request.ProfitShareBillRequestTest" assertions="4" time="0.000055"/>
      <testcase name="testToQueryExcludesEmptyOptionalFields" file="/home/admin/work/source/php-monorepo/packages/wechat-pay-profit-share-bundle/tests/Request/ProfitShareBillRequestTest.php" line="93" class="Tourze\WechatPayProfitShareBundle\Tests\Request\ProfitShareBillRequestTest" classname="Tourze.WechatPayProfitShareBundle.Tests.Request.ProfitShareBillRequestTest" assertions="4" time="0.000157"/>
      <testcase name="testToQueryWithDifferentDateFormats" file="/home/admin/work/source/php-monorepo/packages/wechat-pay-profit-share-bundle/tests/Request/ProfitShareBillRequestTest.php" line="113" class="Tourze\WechatPayProfitShareBundle\Tests\Request\ProfitShareBillRequestTest" classname="Tourze.WechatPayProfitShareBundle.Tests.Request.ProfitShareBillRequestTest" assertions="3" time="0.000066"/>
      <testcase name="testToQueryWithDateTimeInterface" file="/home/admin/work/source/php-monorepo/packages/wechat-pay-profit-share-bundle/tests/Request/ProfitShareBillRequestTest.php" line="130" class="Tourze\WechatPayProfitShareBundle\Tests\Request\ProfitShareBillRequestTest" classname="Tourze.WechatPayProfitShareBundle.Tests.Request.ProfitShareBillRequestTest" assertions="1" time="0.000063"/>
      <testcase name="testDifferentTarTypes" file="/home/admin/work/source/php-monorepo/packages/wechat-pay-profit-share-bundle/tests/Request/ProfitShareBillRequestTest.php" line="139" class="Tourze\WechatPayProfitShareBundle\Tests\Request\ProfitShareBillRequestTest" classname="Tourze.WechatPayProfitShareBundle.Tests.Request.ProfitShareBillRequestTest" assertions="3" time="0.000133"/>
    </testsuite>
    <testsuite name="Tourze\WechatPayProfitShareBundle\Tests\Request\ProfitShareOrderRequestTest" file="/home/admin/work/source/php-monorepo/packages/wechat-pay-profit-share-bundle/tests/Request/ProfitShareOrderRequestTest.php" tests="9" assertions="25" errors="3" failures="0" skipped="0" time="0.000920">
      <testcase name="testCreateRequestWithRequiredFields" file="/home/admin/work/source/php-monorepo/packages/wechat-pay-profit-share-bundle/tests/Request/ProfitShareOrderRequestTest.php" line="14" class="Tourze\WechatPayProfitShareBundle\Tests\Request\ProfitShareOrderRequestTest" classname="Tourze.WechatPayProfitShareBundle.Tests.Request.ProfitShareOrderRequestTest" assertions="8" time="0.000243"/>
      <testcase name="testSetAndGetAppId" file="/home/admin/work/source/php-monorepo/packages/wechat-pay-profit-share-bundle/tests/Request/ProfitShareOrderRequestTest.php" line="41" class="Tourze\WechatPayProfitShareBundle\Tests\Request\ProfitShareOrderRequestTest" classname="Tourze.WechatPayProfitShareBundle.Tests.Request.ProfitShareOrderRequestTest" assertions="3" time="0.000064"/>
      <testcase name="testSetAndGetSubAppId" file="/home/admin/work/source/php-monorepo/packages/wechat-pay-profit-share-bundle/tests/Request/ProfitShareOrderRequestTest.php" line="57" class="Tourze\WechatPayProfitShareBundle\Tests\Request\ProfitShareOrderRequestTest" classname="Tourze.WechatPayProfitShareBundle.Tests.Request.ProfitShareOrderRequestTest" assertions="3" time="0.000056"/>
      <testcase name="testSetAndGetUnfreezeUnsplit" file="/home/admin/work/source/php-monorepo/packages/wechat-pay-profit-share-bundle/tests/Request/ProfitShareOrderRequestTest.php" line="73" class="Tourze\WechatPayProfitShareBundle\Tests\Request\ProfitShareOrderRequestTest" classname="Tourze.WechatPayProfitShareBundle.Tests.Request.ProfitShareOrderRequestTest" assertions="3" time="0.000056"/>
      <testcase name="testAddAndGetReceivers" file="/home/admin/work/source/php-monorepo/packages/wechat-pay-profit-share-bundle/tests/Request/ProfitShareOrderRequestTest.php" line="90" class="Tourze\WechatPayProfitShareBundle\Tests\Request\ProfitShareOrderRequestTest" classname="Tourze.WechatPayProfitShareBundle.Tests.Request.ProfitShareOrderRequestTest" assertions="0" time="0.000205">
        <error type="Error">Tourze\WechatPayProfitShareBundle\Tests\Request\ProfitShareOrderRequestTest::testAddAndGetReceivers
Error: Class "Tourze\WechatPayProfitShareBundle\Tests\Request\ProfitShareReceiverRequest" not found

/home/admin/work/source/php-monorepo/packages/wechat-pay-profit-share-bundle/tests/Request/ProfitShareOrderRequestTest.php:98</error>
      </testcase>
      <testcase name="testSetReceivers" file="/home/admin/work/source/php-monorepo/packages/wechat-pay-profit-share-bundle/tests/Request/ProfitShareOrderRequestTest.php" line="138" class="Tourze\WechatPayProfitShareBundle\Tests\Request\ProfitShareOrderRequestTest" classname="Tourze.WechatPayProfitShareBundle.Tests.Request.ProfitShareOrderRequestTest" assertions="0" time="0.000095">
        <error type="Error">Tourze\WechatPayProfitShareBundle\Tests\Request\ProfitShareOrderRequestTest::testSetReceivers
Error: Class "Tourze\WechatPayProfitShareBundle\Tests\Request\ProfitShareReceiverRequest" not found

/home/admin/work/source/php-monorepo/packages/wechat-pay-profit-share-bundle/tests/Request/ProfitShareOrderRequestTest.php:146</error>
      </testcase>
      <testcase name="testToPayloadWithAllFields" file="/home/admin/work/source/php-monorepo/packages/wechat-pay-profit-share-bundle/tests/Request/ProfitShareOrderRequestTest.php" line="160" class="Tourze\WechatPayProfitShareBundle\Tests\Request\ProfitShareOrderRequestTest" classname="Tourze.WechatPayProfitShareBundle.Tests.Request.ProfitShareOrderRequestTest" assertions="0" time="0.000086">
        <error type="Error">Tourze\WechatPayProfitShareBundle\Tests\Request\ProfitShareOrderRequestTest::testToPayloadWithAllFields
Error: Class "Tourze\WechatPayProfitShareBundle\Tests\Request\ProfitShareReceiverRequest" not found

/home/admin/work/source/php-monorepo/packages/wechat-pay-profit-share-bundle/tests/Request/ProfitShareOrderRequestTest.php:172</error>
      </testcase>
      <testcase name="testToPayloadExcludesEmptyOptionalFields" file="/home/admin/work/source/php-monorepo/packages/wechat-pay-profit-share-bundle/tests/Request/ProfitShareOrderRequestTest.php" line="198" class="Tourze\WechatPayProfitShareBundle\Tests\Request\ProfitShareOrderRequestTest" classname="Tourze.WechatPayProfitShareBundle.Tests.Request.ProfitShareOrderRequestTest" assertions="7" time="0.000064"/>
      <testcase name="testEmptyReceiversArray" file="/home/admin/work/source/php-monorepo/packages/wechat-pay-profit-share-bundle/tests/Request/ProfitShareOrderRequestTest.php" line="223" class="Tourze\WechatPayProfitShareBundle\Tests\Request\ProfitShareOrderRequestTest" classname="Tourze.WechatPayProfitShareBundle.Tests.Request.ProfitShareOrderRequestTest" assertions="1" time="0.000049"/>
    </testsuite>
    <testsuite name="Tourze\WechatPayProfitShareBundle\Tests\Request\ProfitShareReceiverAddRequestTest" file="/home/admin/work/source/php-monorepo/packages/wechat-pay-profit-share-bundle/tests/Request/ProfitShareReceiverAddRequestTest.php" tests="5" assertions="44" errors="0" failures="0" skipped="0" time="0.000431">
      <testcase name="testCreateRequestWithRequiredFields" file="/home/admin/work/source/php-monorepo/packages/wechat-pay-profit-share-bundle/tests/Request/ProfitShareReceiverAddRequestTest.php" line="14" class="Tourze\WechatPayProfitShareBundle\Tests\Request\ProfitShareReceiverAddRequestTest" classname="Tourze.WechatPayProfitShareBundle.Tests.Request.ProfitShareReceiverAddRequestTest" assertions="9" time="0.000152"/>
      <testcase name="testCreateRequestWithAllFields" file="/home/admin/work/source/php-monorepo/packages/wechat-pay-profit-share-bundle/tests/Request/ProfitShareReceiverAddRequestTest.php" line="44" class="Tourze\WechatPayProfitShareBundle\Tests\Request\ProfitShareReceiverAddRequestTest" classname="Tourze.WechatPayProfitShareBundle.Tests.Request.ProfitShareReceiverAddRequestTest" assertions="9" time="0.000061"/>
      <testcase name="testToPayloadExcludesEmptyOptionalFields" file="/home/admin/work/source/php-monorepo/packages/wechat-pay-profit-share-bundle/tests/Request/ProfitShareReceiverAddRequestTest.php" line="80" class="Tourze\WechatPayProfitShareBundle\Tests\Request\ProfitShareReceiverAddRequestTest" classname="Tourze.WechatPayProfitShareBundle.Tests.Request.ProfitShareReceiverAddRequestTest" assertions="8" time="0.000060"/>
      <testcase name="testToPayloadIncludesNonEmptyOptionalFields" file="/home/admin/work/source/php-monorepo/packages/wechat-pay-profit-share-bundle/tests/Request/ProfitShareReceiverAddRequestTest.php" line="108" class="Tourze\WechatPayProfitShareBundle\Tests\Request\ProfitShareReceiverAddRequestTest" classname="Tourze.WechatPayProfitShareBundle.Tests.Request.ProfitShareReceiverAddRequestTest" assertions="11" time="0.000060"/>
      <testcase name="testPersonalWechatReceiver" file="/home/admin/work/source/php-monorepo/packages/wechat-pay-profit-share-bundle/tests/Request/ProfitShareReceiverAddRequestTest.php" line="138" class="Tourze\WechatPayProfitShareBundle\Tests\Request\ProfitShareReceiverAddRequestTest" classname="Tourze.WechatPayProfitShareBundle.Tests.Request.ProfitShareReceiverAddRequestTest" assertions="7" time="0.000098"/>
    </testsuite>
    <testsuite name="Tourze\WechatPayProfitShareBundle\Tests\Request\ProfitShareReceiverDeleteRequestTest" file="/home/admin/work/source/php-monorepo/packages/wechat-pay-profit-share-bundle/tests/Request/ProfitShareReceiverDeleteRequestTest.php" tests="5" assertions="22" errors="0" failures="0" skipped="0" time="0.000444">
      <testcase name="testCreateRequestWithRequiredFields" file="/home/admin/work/source/php-monorepo/packages/wechat-pay-profit-share-bundle/tests/Request/ProfitShareReceiverDeleteRequestTest.php" line="14" class="Tourze\WechatPayProfitShareBundle\Tests\Request\ProfitShareReceiverDeleteRequestTest" classname="Tourze.WechatPayProfitShareBundle.Tests.Request.ProfitShareReceiverDeleteRequestTest" assertions="6" time="0.000210"/>
      <testcase name="testCreateRequestWithSubAppid" file="/home/admin/work/source/php-monorepo/packages/wechat-pay-profit-share-bundle/tests/Request/ProfitShareReceiverDeleteRequestTest.php" line="39" class="Tourze\WechatPayProfitShareBundle\Tests\Request\ProfitShareReceiverDeleteRequestTest" classname="Tourze.WechatPayProfitShareBundle.Tests.Request.ProfitShareReceiverDeleteRequestTest" assertions="6" time="0.000071"/>
      <testcase name="testToPayloadExcludesEmptySubAppid" file="/home/admin/work/source/php-monorepo/packages/wechat-pay-profit-share-bundle/tests/Request/ProfitShareReceiverDeleteRequestTest.php" line="66" class="Tourze\WechatPayProfitShareBundle\Tests\Request\ProfitShareReceiverDeleteRequestTest" classname="Tourze.WechatPayProfitShareBundle.Tests.Request.ProfitShareReceiverDeleteRequestTest" assertions="5" time="0.000061"/>
      <testcase name="testDeleteMerchantReceiver" file="/home/admin/work/source/php-monorepo/packages/wechat-pay-profit-share-bundle/tests/Request/ProfitShareReceiverDeleteRequestTest.php" line="88" class="Tourze\WechatPayProfitShareBundle\Tests\Request\ProfitShareReceiverDeleteRequestTest" classname="Tourze.WechatPayProfitShareBundle.Tests.Request.ProfitShareReceiverDeleteRequestTest" assertions="2" time="0.000051"/>
      <testcase name="testDeletePersonalWechatReceiver" file="/home/admin/work/source/php-monorepo/packages/wechat-pay-profit-share-bundle/tests/Request/ProfitShareReceiverDeleteRequestTest.php" line="102" class="Tourze\WechatPayProfitShareBundle\Tests\Request\ProfitShareReceiverDeleteRequestTest" classname="Tourze.WechatPayProfitShareBundle.Tests.Request.ProfitShareReceiverDeleteRequestTest" assertions="3" time="0.000053"/>
    </testsuite>
    <testsuite name="Tourze\WechatPayProfitShareBundle\Tests\Request\ProfitShareReceiverRequestTest" file="/home/admin/work/source/php-monorepo/packages/wechat-pay-profit-share-bundle/tests/Request/ProfitShareReceiverRequestTest.php" tests="8" assertions="32" errors="0" failures="0" skipped="0" time="0.000612">
      <testcase name="testCreateRequestWithRequiredFields" file="/home/admin/work/source/php-monorepo/packages/wechat-pay-profit-share-bundle/tests/Request/ProfitShareReceiverRequestTest.php" line="14" class="Tourze\WechatPayProfitShareBundle\Tests\Request\ProfitShareReceiverRequestTest" classname="Tourze.WechatPayProfitShareBundle.Tests.Request.ProfitShareReceiverRequestTest" assertions="6" time="0.000152"/>
      <testcase name="testCreateRequestWithName" file="/home/admin/work/source/php-monorepo/packages/wechat-pay-profit-share-bundle/tests/Request/ProfitShareReceiverRequestTest.php" line="39" class="Tourze\WechatPayProfitShareBundle\Tests\Request\ProfitShareReceiverRequestTest" classname="Tourze.WechatPayProfitShareBundle.Tests.Request.ProfitShareReceiverRequestTest" assertions="6" time="0.000146"/>
      <testcase name="testToPayloadExcludesEmptyName" file="/home/admin/work/source/php-monorepo/packages/wechat-pay-profit-share-bundle/tests/Request/ProfitShareReceiverRequestTest.php" line="66" class="Tourze\WechatPayProfitShareBundle\Tests\Request\ProfitShareReceiverRequestTest" classname="Tourze.WechatPayProfitShareBundle.Tests.Request.ProfitShareReceiverRequestTest" assertions="5" time="0.000070"/>
      <testcase name="testMerchantReceiver" file="/home/admin/work/source/php-monorepo/packages/wechat-pay-profit-share-bundle/tests/Request/ProfitShareReceiverRequestTest.php" line="88" class="Tourze\WechatPayProfitShareBundle\Tests\Request\ProfitShareReceiverRequestTest" classname="Tourze.WechatPayProfitShareBundle.Tests.Request.ProfitShareReceiverRequestTest" assertions="4" time="0.000052"/>
      <testcase name="testPersonalWechatReceiver" file="/home/admin/work/source/php-monorepo/packages/wechat-pay-profit-share-bundle/tests/Request/ProfitShareReceiverRequestTest.php" line="104" class="Tourze\WechatPayProfitShareBundle\Tests\Request\ProfitShareReceiverRequestTest" classname="Tourze.WechatPayProfitShareBundle.Tests.Request.ProfitShareReceiverRequestTest" assertions="5" time="0.000051"/>
      <testcase name="testZeroAmount" file="/home/admin/work/source/php-monorepo/packages/wechat-pay-profit-share-bundle/tests/Request/ProfitShareReceiverRequestTest.php" line="122" class="Tourze\WechatPayProfitShareBundle\Tests\Request\ProfitShareReceiverRequestTest" classname="Tourze.WechatPayProfitShareBundle.Tests.Request.ProfitShareReceiverRequestTest" assertions="2" time="0.000044"/>
      <testcase name="testLargeAmount" file="/home/admin/work/source/php-monorepo/packages/wechat-pay-profit-share-bundle/tests/Request/ProfitShareReceiverRequestTest.php" line="136" class="Tourze\WechatPayProfitShareBundle\Tests\Request\ProfitShareReceiverRequestTest" classname="Tourze.WechatPayProfitShareBundle.Tests.Request.ProfitShareReceiverRequestTest" assertions="1" time="0.000044"/>
      <testcase name="testDifferentReceiverTypes" file="/home/admin/work/source/php-monorepo/packages/wechat-pay-profit-share-bundle/tests/Request/ProfitShareReceiverRequestTest.php" line="149" class="Tourze\WechatPayProfitShareBundle\Tests\Request\ProfitShareReceiverRequestTest" classname="Tourze.WechatPayProfitShareBundle.Tests.Request.ProfitShareReceiverRequestTest" assertions="3" time="0.000053"/>
    </testsuite>
    <testsuite name="Tourze\WechatPayProfitShareBundle\Tests\Request\ProfitShareReturnRequestTest" file="/home/admin/work/source/php-monorepo/packages/wechat-pay-profit-share-bundle/tests/Request/ProfitShareReturnRequestTest.php" tests="6" assertions="21" errors="0" failures="0" skipped="0" time="0.000685">
      <testcase name="testCreateRequestWithOrderId" file="/home/admin/work/source/php-monorepo/packages/wechat-pay-profit-share-bundle/tests/Request/ProfitShareReturnRequestTest.php" line="14" class="Tourze\WechatPayProfitShareBundle\Tests\Request\ProfitShareReturnRequestTest" classname="Tourze.WechatPayProfitShareBundle.Tests.Request.ProfitShareReturnRequestTest" assertions="7" time="0.000182"/>
      <testcase name="testCreateRequestWithOutOrderNo" file="/home/admin/work/source/php-monorepo/packages/wechat-pay-profit-share-bundle/tests/Request/ProfitShareReturnRequestTest.php" line="42" class="Tourze\WechatPayProfitShareBundle\Tests\Request\ProfitShareReturnRequestTest" classname="Tourze.WechatPayProfitShareBundle.Tests.Request.ProfitShareReturnRequestTest" assertions="7" time="0.000064"/>
      <testcase name="testCreateRequestWithBothOrderIdAndOutOrderNo" file="/home/admin/work/source/php-monorepo/packages/wechat-pay-profit-share-bundle/tests/Request/ProfitShareReturnRequestTest.php" line="70" class="Tourze\WechatPayProfitShareBundle\Tests\Request\ProfitShareReturnRequestTest" classname="Tourze.WechatPayProfitShareBundle.Tests.Request.ProfitShareReturnRequestTest" assertions="1" time="0.000135"/>
      <testcase name="testCreateRequestWithoutOrderIdOrOutOrderNoThrowsException" file="/home/admin/work/source/php-monorepo/packages/wechat-pay-profit-share-bundle/tests/Request/ProfitShareReturnRequestTest.php" line="93" class="Tourze\WechatPayProfitShareBundle\Tests\Request\ProfitShareReturnRequestTest" classname="Tourze.WechatPayProfitShareBundle.Tests.Request.ProfitShareReturnRequestTest" assertions="2" time="0.000188"/>
      <testcase name="testToPayloadExcludesEmptyOrderId" file="/home/admin/work/source/php-monorepo/packages/wechat-pay-profit-share-bundle/tests/Request/ProfitShareReturnRequestTest.php" line="106" class="Tourze\WechatPayProfitShareBundle\Tests\Request\ProfitShareReturnRequestTest" classname="Tourze.WechatPayProfitShareBundle.Tests.Request.ProfitShareReturnRequestTest" assertions="2" time="0.000061"/>
      <testcase name="testToPayloadExcludesEmptyOutOrderNo" file="/home/admin/work/source/php-monorepo/packages/wechat-pay-profit-share-bundle/tests/Request/ProfitShareReturnRequestTest.php" line="122" class="Tourze\WechatPayProfitShareBundle\Tests\Request\ProfitShareReturnRequestTest" classname="Tourze.WechatPayProfitShareBundle.Tests.Request.ProfitShareReturnRequestTest" assertions="2" time="0.000055"/>
    </testsuite>
    <testsuite name="Tourze\WechatPayProfitShareBundle\Tests\Request\ProfitShareUnfreezeRequestTest" file="/home/admin/work/source/php-monorepo/packages/wechat-pay-profit-share-bundle/tests/Request/ProfitShareUnfreezeRequestTest.php" tests="11" assertions="40" errors="0" failures="0" skipped="0" time="0.000784">
      <testcase name="testCreateRequestWithDefaultValues" file="/home/admin/work/source/php-monorepo/packages/wechat-pay-profit-share-bundle/tests/Request/ProfitShareUnfreezeRequestTest.php" line="14" class="Tourze\WechatPayProfitShareBundle\Tests\Request\ProfitShareUnfreezeRequestTest" classname="Tourze.WechatPayProfitShareBundle.Tests.Request.ProfitShareUnfreezeRequestTest" assertions="6" time="0.000145"/>
      <testcase name="testCreateRequestWithAllValues" file="/home/admin/work/source/php-monorepo/packages/wechat-pay-profit-share-bundle/tests/Request/ProfitShareUnfreezeRequestTest.php" line="35" class="Tourze\WechatPayProfitShareBundle\Tests\Request\ProfitShareUnfreezeRequestTest" classname="Tourze.WechatPayProfitShareBundle.Tests.Request.ProfitShareUnfreezeRequestTest" assertions="6" time="0.000072"/>
      <testcase name="testSetAndGetSubMchId" file="/home/admin/work/source/php-monorepo/packages/wechat-pay-profit-share-bundle/tests/Request/ProfitShareUnfreezeRequestTest.php" line="62" class="Tourze\WechatPayProfitShareBundle\Tests\Request\ProfitShareUnfreezeRequestTest" classname="Tourze.WechatPayProfitShareBundle.Tests.Request.ProfitShareUnfreezeRequestTest" assertions="2" time="0.000050"/>
      <testcase name="testSetAndGetTransactionId" file="/home/admin/work/source/php-monorepo/packages/wechat-pay-profit-share-bundle/tests/Request/ProfitShareUnfreezeRequestTest.php" line="73" class="Tourze\WechatPayProfitShareBundle\Tests\Request\ProfitShareUnfreezeRequestTest" classname="Tourze.WechatPayProfitShareBundle.Tests.Request.ProfitShareUnfreezeRequestTest" assertions="2" time="0.000098"/>
      <testcase name="testSetAndGetOutOrderNo" file="/home/admin/work/source/php-monorepo/packages/wechat-pay-profit-share-bundle/tests/Request/ProfitShareUnfreezeRequestTest.php" line="84" class="Tourze\WechatPayProfitShareBundle\Tests\Request\ProfitShareUnfreezeRequestTest" classname="Tourze.WechatPayProfitShareBundle.Tests.Request.ProfitShareUnfreezeRequestTest" assertions="2" time="0.000097"/>
      <testcase name="testSetAndGetDescription" file="/home/admin/work/source/php-monorepo/packages/wechat-pay-profit-share-bundle/tests/Request/ProfitShareUnfreezeRequestTest.php" line="95" class="Tourze\WechatPayProfitShareBundle\Tests\Request\ProfitShareUnfreezeRequestTest" classname="Tourze.WechatPayProfitShareBundle.Tests.Request.ProfitShareUnfreezeRequestTest" assertions="2" time="0.000055"/>
      <testcase name="testSetAndGetUnfreezeUnsplit" file="/home/admin/work/source/php-monorepo/packages/wechat-pay-profit-share-bundle/tests/Request/ProfitShareUnfreezeRequestTest.php" line="106" class="Tourze\WechatPayProfitShareBundle\Tests\Request\ProfitShareUnfreezeRequestTest" classname="Tourze.WechatPayProfitShareBundle.Tests.Request.ProfitShareUnfreezeRequestTest" assertions="5" time="0.000059"/>
      <testcase name="testToPayloadWithUnfreezeUnsplitFalse" file="/home/admin/work/source/php-monorepo/packages/wechat-pay-profit-share-bundle/tests/Request/ProfitShareUnfreezeRequestTest.php" line="126" class="Tourze\WechatPayProfitShareBundle\Tests\Request\ProfitShareUnfreezeRequestTest" classname="Tourze.WechatPayProfitShareBundle.Tests.Request.ProfitShareUnfreezeRequestTest" assertions="2" time="0.000056"/>
      <testcase name="testCreateRequestWithUnfreezeUnsplitFalse" file="/home/admin/work/source/php-monorepo/packages/wechat-pay-profit-share-bundle/tests/Request/ProfitShareUnfreezeRequestTest.php" line="148" class="Tourze\WechatPayProfitShareBundle\Tests\Request\ProfitShareUnfreezeRequestTest" classname="Tourze.WechatPayProfitShareBundle.Tests.Request.ProfitShareUnfreezeRequestTest" assertions="2" time="0.000054"/>
      <testcase name="testSetNullValues" file="/home/admin/work/source/php-monorepo/packages/wechat-pay-profit-share-bundle/tests/Request/ProfitShareUnfreezeRequestTest.php" line="160" class="Tourze\WechatPayProfitShareBundle\Tests\Request\ProfitShareUnfreezeRequestTest" classname="Tourze.WechatPayProfitShareBundle.Tests.Request.ProfitShareUnfreezeRequestTest" assertions="6" time="0.000049"/>
      <testcase name="testOnlyRequiredFields" file="/home/admin/work/source/php-monorepo/packages/wechat-pay-profit-share-bundle/tests/Request/ProfitShareUnfreezeRequestTest.php" line="193" class="Tourze\WechatPayProfitShareBundle\Tests\Request\ProfitShareUnfreezeRequestTest" classname="Tourze.WechatPayProfitShareBundle.Tests.Request.ProfitShareUnfreezeRequestTest" assertions="5" time="0.000049"/>
    </testsuite>
    <testsuite name="Tourze\WechatPayProfitShareBundle\Tests\Service\ProfitShareApiExecutorTest" file="/home/admin/work/source/php-monorepo/packages/wechat-pay-profit-share-bundle/tests/Service/ProfitShareApiExecutorTest.php" tests="4" assertions="8" errors="2" failures="2" skipped="0" time="0.048537">
      <testcase name="testExecuteRequestSuccess" file="/home/admin/work/source/php-monorepo/packages/wechat-pay-profit-share-bundle/tests/Service/ProfitShareApiExecutorTest.php" line="31" class="Tourze\WechatPayProfitShareBundle\Tests\Service\ProfitShareApiExecutorTest" classname="Tourze.WechatPayProfitShareBundle.Tests.Service.ProfitShareApiExecutorTest" assertions="0" time="0.015646">
        <error type="PHPUnit\Framework\MockObject\MethodCannotBeConfiguredException">Tourze\WechatPayProfitShareBundle\Tests\Service\ProfitShareApiExecutorTest::testExecuteRequestSuccess
PHPUnit\Framework\MockObject\MethodCannotBeConfiguredException: Trying to configure method "post" which cannot be configured because it does not exist, has not been specified, is final, or is static

/home/admin/work/source/php-monorepo/packages/wechat-pay-profit-share-bundle/tests/Service/ProfitShareApiExecutorTest.php:46</error>
      </testcase>
      <testcase name="testExecuteRequestFailure" file="/home/admin/work/source/php-monorepo/packages/wechat-pay-profit-share-bundle/tests/Service/ProfitShareApiExecutorTest.php" line="64" class="Tourze\WechatPayProfitShareBundle\Tests\Service\ProfitShareApiExecutorTest" classname="Tourze.WechatPayProfitShareBundle.Tests.Service.ProfitShareApiExecutorTest" assertions="4" time="0.012240">
        <failure type="PHPUnit\Framework\ExpectationFailedException">Tourze\WechatPayProfitShareBundle\Tests\Service\ProfitShareApiExecutorTest::testExecuteRequestFailure
Expectation failed for method name is "info" when invoked 1 time.
Method was expected to be called 1 time, actually called 0 times.</failure>
      </testcase>
      <testcase name="testExecuteQuerySuccess" file="/home/admin/work/source/php-monorepo/packages/wechat-pay-profit-share-bundle/tests/Service/ProfitShareApiExecutorTest.php" line="91" class="Tourze\WechatPayProfitShareBundle\Tests\Service\ProfitShareApiExecutorTest" classname="Tourze.WechatPayProfitShareBundle.Tests.Service.ProfitShareApiExecutorTest" assertions="0" time="0.011229">
        <error type="PHPUnit\Framework\MockObject\MethodCannotBeConfiguredException">Tourze\WechatPayProfitShareBundle\Tests\Service\ProfitShareApiExecutorTest::testExecuteQuerySuccess
PHPUnit\Framework\MockObject\MethodCannotBeConfiguredException: Trying to configure method "chain" which cannot be configured because it does not exist, has not been specified, is final, or is static

/home/admin/work/source/php-monorepo/packages/wechat-pay-profit-share-bundle/tests/Service/ProfitShareApiExecutorTest.php:105</error>
      </testcase>
      <testcase name="testExecuteQueryFailure" file="/home/admin/work/source/php-monorepo/packages/wechat-pay-profit-share-bundle/tests/Service/ProfitShareApiExecutorTest.php" line="120" class="Tourze\WechatPayProfitShareBundle\Tests\Service\ProfitShareApiExecutorTest" classname="Tourze.WechatPayProfitShareBundle.Tests.Service.ProfitShareApiExecutorTest" assertions="4" time="0.009422">
        <failure type="PHPUnit\Framework\ExpectationFailedException">Tourze\WechatPayProfitShareBundle\Tests\Service\ProfitShareApiExecutorTest::testExecuteQueryFailure
Expectation failed for method name is "info" when invoked 1 time.
Method was expected to be called 1 time, actually called 0 times.</failure>
      </testcase>
    </testsuite>
    <testsuite name="Tourze\WechatPayProfitShareBundle\Tests\Service\ProfitShareBillServiceTest" file="/home/admin/work/source/php-monorepo/packages/wechat-pay-profit-share-bundle/tests/Service/ProfitShareBillServiceTest.php" tests="3" assertions="12" errors="0" failures="0" skipped="0" time="0.266984">
      <testcase name="testShouldHaveRunTestsInSeparateProcesses" file="/home/admin/work/source/php-monorepo/packages/phpunit-symfony-kernel-test/src/AbstractIntegrationTestCase.php" line="726" class="Tourze\WechatPayProfitShareBundle\Tests\Service\ProfitShareBillServiceTest" classname="Tourze.WechatPayProfitShareBundle.Tests.Service.ProfitShareBillServiceTest" assertions="1" time="0.083322"/>
      <testcase name="testApplyBillCreatesTask" file="/home/admin/work/source/php-monorepo/packages/wechat-pay-profit-share-bundle/tests/Service/ProfitShareBillServiceTest.php" line="30" class="Tourze\WechatPayProfitShareBundle\Tests\Service\ProfitShareBillServiceTest" classname="Tourze.WechatPayProfitShareBundle.Tests.Service.ProfitShareBillServiceTest" assertions="5" time="0.095199"/>
      <testcase name="testDownloadBillWritesFile" file="/home/admin/work/source/php-monorepo/packages/wechat-pay-profit-share-bundle/tests/Service/ProfitShareBillServiceTest.php" line="75" class="Tourze\WechatPayProfitShareBundle\Tests\Service\ProfitShareBillServiceTest" classname="Tourze.WechatPayProfitShareBundle.Tests.Service.ProfitShareBillServiceTest" assertions="6" time="0.088463"/>
    </testsuite>
    <testsuite name="Tourze\WechatPayProfitShareBundle\Tests\Service\ProfitShareConfigurationServiceTest" file="/home/admin/work/source/php-monorepo/packages/wechat-pay-profit-share-bundle/tests/Service/ProfitShareConfigurationServiceTest.php" tests="3" assertions="7" errors="0" failures="0" skipped="0" time="0.259126">
      <testcase name="testShouldHaveRunTestsInSeparateProcesses" file="/home/admin/work/source/php-monorepo/packages/phpunit-symfony-kernel-test/src/AbstractIntegrationTestCase.php" line="726" class="Tourze\WechatPayProfitShareBundle\Tests\Service\ProfitShareConfigurationServiceTest" classname="Tourze.WechatPayProfitShareBundle.Tests.Service.ProfitShareConfigurationServiceTest" assertions="1" time="0.081577"/>
      <testcase name="testQueryRemainingAmount" file="/home/admin/work/source/php-monorepo/packages/wechat-pay-profit-share-bundle/tests/Service/ProfitShareConfigurationServiceTest.php" line="25" class="Tourze\WechatPayProfitShareBundle\Tests\Service\ProfitShareConfigurationServiceTest" classname="Tourze.WechatPayProfitShareBundle.Tests.Service.ProfitShareConfigurationServiceTest" assertions="3" time="0.086982"/>
      <testcase name="testQueryMaxRatio" file="/home/admin/work/source/php-monorepo/packages/wechat-pay-profit-share-bundle/tests/Service/ProfitShareConfigurationServiceTest.php" line="55" class="Tourze\WechatPayProfitShareBundle\Tests\Service\ProfitShareConfigurationServiceTest" classname="Tourze.WechatPayProfitShareBundle.Tests.Service.ProfitShareConfigurationServiceTest" assertions="3" time="0.090567"/>
    </testsuite>
    <testsuite name="Tourze\WechatPayProfitShareBundle\Tests\Service\ProfitShareNotificationServiceTest" file="/home/admin/work/source/php-monorepo/packages/wechat-pay-profit-share-bundle/tests/Service/ProfitShareNotificationServiceTest.php" tests="2" assertions="8" errors="0" failures="0" skipped="0" time="0.196036">
      <testcase name="testShouldHaveRunTestsInSeparateProcesses" file="/home/admin/work/source/php-monorepo/packages/phpunit-symfony-kernel-test/src/AbstractIntegrationTestCase.php" line="726" class="Tourze\WechatPayProfitShareBundle\Tests\Service\ProfitShareNotificationServiceTest" classname="Tourze.WechatPayProfitShareBundle.Tests.Service.ProfitShareNotificationServiceTest" assertions="1" time="0.080496"/>
      <testcase name="testHandleNotification" file="/home/admin/work/source/php-monorepo/packages/wechat-pay-profit-share-bundle/tests/Service/ProfitShareNotificationServiceTest.php" line="25" class="Tourze\WechatPayProfitShareBundle\Tests\Service\ProfitShareNotificationServiceTest" classname="Tourze.WechatPayProfitShareBundle.Tests.Service.ProfitShareNotificationServiceTest" assertions="7" time="0.115540"/>
    </testsuite>
    <testsuite name="Tourze\WechatPayProfitShareBundle\Tests\Service\ProfitShareOperationLoggerTest" file="/home/admin/work/source/php-monorepo/packages/wechat-pay-profit-share-bundle/tests/Service/ProfitShareOperationLoggerTest.php" tests="3" assertions="3" errors="3" failures="0" skipped="0" time="0.031550">
      <testcase name="testLogOperationWithSuccessfulRequest" file="/home/admin/work/source/php-monorepo/packages/wechat-pay-profit-share-bundle/tests/Service/ProfitShareOperationLoggerTest.php" line="29" class="Tourze\WechatPayProfitShareBundle\Tests\Service\ProfitShareOperationLoggerTest" classname="Tourze.WechatPayProfitShareBundle.Tests.Service.ProfitShareOperationLoggerTest" assertions="1" time="0.009661">
        <error type="Error">Tourze\WechatPayProfitShareBundle\Tests\Service\ProfitShareOperationLoggerTest::testLogOperationWithSuccessfulRequest
Error: Call to undefined method Tourze\WechatPayProfitShareBundle\Entity\ProfitShareOperationLog::getSuccess()

/home/admin/work/source/php-monorepo/packages/wechat-pay-profit-share-bundle/tests/Service/ProfitShareOperationLoggerTest.php:46
/home/admin/work/source/php-monorepo/packages/wechat-pay-profit-share-bundle/src/Service/ProfitShareOperationLogger.php:53
/home/admin/work/source/php-monorepo/packages/wechat-pay-profit-share-bundle/tests/Service/ProfitShareOperationLoggerTest.php:53</error>
      </testcase>
      <testcase name="testLogOperationWithFailedRequest" file="/home/admin/work/source/php-monorepo/packages/wechat-pay-profit-share-bundle/tests/Service/ProfitShareOperationLoggerTest.php" line="56" class="Tourze\WechatPayProfitShareBundle\Tests\Service\ProfitShareOperationLoggerTest" classname="Tourze.WechatPayProfitShareBundle.Tests.Service.ProfitShareOperationLoggerTest" assertions="1" time="0.011672">
        <error type="Error">Tourze\WechatPayProfitShareBundle\Tests\Service\ProfitShareOperationLoggerTest::testLogOperationWithFailedRequest
Error: Call to undefined method Tourze\WechatPayProfitShareBundle\Entity\ProfitShareOperationLog::getSuccess()

/home/admin/work/source/php-monorepo/packages/wechat-pay-profit-share-bundle/tests/Service/ProfitShareOperationLoggerTest.php:73
/home/admin/work/source/php-monorepo/packages/wechat-pay-profit-share-bundle/src/Service/ProfitShareOperationLogger.php:53
/home/admin/work/source/php-monorepo/packages/wechat-pay-profit-share-bundle/tests/Service/ProfitShareOperationLoggerTest.php:80</error>
      </testcase>
      <testcase name="testLogOperationWithNullPayloads" file="/home/admin/work/source/php-monorepo/packages/wechat-pay-profit-share-bundle/tests/Service/ProfitShareOperationLoggerTest.php" line="83" class="Tourze\WechatPayProfitShareBundle\Tests\Service\ProfitShareOperationLoggerTest" classname="Tourze.WechatPayProfitShareBundle.Tests.Service.ProfitShareOperationLoggerTest" assertions="1" time="0.010218">
        <error type="Error">Tourze\WechatPayProfitShareBundle\Tests\Service\ProfitShareOperationLoggerTest::testLogOperationWithNullPayloads
Error: Call to undefined method Tourze\WechatPayProfitShareBundle\Entity\ProfitShareOperationLog::getSuccess()

/home/admin/work/source/php-monorepo/packages/wechat-pay-profit-share-bundle/tests/Service/ProfitShareOperationLoggerTest.php:100
/home/admin/work/source/php-monorepo/packages/wechat-pay-profit-share-bundle/src/Service/ProfitShareOperationLogger.php:53
/home/admin/work/source/php-monorepo/packages/wechat-pay-profit-share-bundle/tests/Service/ProfitShareOperationLoggerTest.php:107</error>
      </testcase>
    </testsuite>
    <testsuite name="Tourze\WechatPayProfitShareBundle\Tests\Service\ProfitShareOrderFactoryTest" file="/home/admin/work/source/php-monorepo/packages/wechat-pay-profit-share-bundle/tests/Service/ProfitShareOrderFactoryTest.php" tests="3" assertions="24" errors="0" failures="0" skipped="0" time="0.023153">
      <testcase name="testBuildOrderEntity" file="/home/admin/work/source/php-monorepo/packages/wechat-pay-profit-share-bundle/tests/Service/ProfitShareOrderFactoryTest.php" line="28" class="Tourze\WechatPayProfitShareBundle\Tests\Service\ProfitShareOrderFactoryTest" classname="Tourze.WechatPayProfitShareBundle.Tests.Service.ProfitShareOrderFactoryTest" assertions="16" time="0.007870"/>
      <testcase name="testBuildOrderEntityWithMultipleReceivers" file="/home/admin/work/source/php-monorepo/packages/wechat-pay-profit-share-bundle/tests/Service/ProfitShareOrderFactoryTest.php" line="72" class="Tourze\WechatPayProfitShareBundle\Tests\Service\ProfitShareOrderFactoryTest" classname="Tourze.WechatPayProfitShareBundle.Tests.Service.ProfitShareOrderFactoryTest" assertions="5" time="0.007698"/>
      <testcase name="testBuildOrderEntityWithNullOptionalFields" file="/home/admin/work/source/php-monorepo/packages/wechat-pay-profit-share-bundle/tests/Service/ProfitShareOrderFactoryTest.php" line="115" class="Tourze\WechatPayProfitShareBundle\Tests\Service\ProfitShareOrderFactoryTest" classname="Tourze.WechatPayProfitShareBundle.Tests.Service.ProfitShareOrderFactoryTest" assertions="3" time="0.007585"/>
    </testsuite>
    <testsuite name="Tourze\WechatPayProfitShareBundle\Tests\Service\ProfitShareReceiverServiceTest" file="/home/admin/work/source/php-monorepo/packages/wechat-pay-profit-share-bundle/tests/Service/ProfitShareReceiverServiceTest.php" tests="3" assertions="12" errors="0" failures="0" skipped="0" time="0.309898">
      <testcase name="testShouldHaveRunTestsInSeparateProcesses" file="/home/admin/work/source/php-monorepo/packages/phpunit-symfony-kernel-test/src/AbstractIntegrationTestCase.php" line="726" class="Tourze\WechatPayProfitShareBundle\Tests\Service\ProfitShareReceiverServiceTest" classname="Tourze.WechatPayProfitShareBundle.Tests.Service.ProfitShareReceiverServiceTest" assertions="1" time="0.083392"/>
      <testcase name="testAddReceiverSendsEncryptedName" file="/home/admin/work/source/php-monorepo/packages/wechat-pay-profit-share-bundle/tests/Service/ProfitShareReceiverServiceTest.php" line="27" class="Tourze\WechatPayProfitShareBundle\Tests\Service\ProfitShareReceiverServiceTest" classname="Tourze.WechatPayProfitShareBundle.Tests.Service.ProfitShareReceiverServiceTest" assertions="8" time="0.139783"/>
      <testcase name="testDeleteReceiver" file="/home/admin/work/source/php-monorepo/packages/wechat-pay-profit-share-bundle/tests/Service/ProfitShareReceiverServiceTest.php" line="107" class="Tourze\WechatPayProfitShareBundle\Tests\Service\ProfitShareReceiverServiceTest" classname="Tourze.WechatPayProfitShareBundle.Tests.Service.ProfitShareReceiverServiceTest" assertions="3" time="0.086724"/>
    </testsuite>
    <testsuite name="Tourze\WechatPayProfitShareBundle\Tests\Service\ProfitShareResponseProcessorTest" file="/home/admin/work/source/php-monorepo/packages/wechat-pay-profit-share-bundle/tests/Service/ProfitShareResponseProcessorTest.php" tests="8" assertions="0" errors="8" failures="0" skipped="0" time="0.080306">
      <testcase name="testApplyResponseWithProcessingOrder" file="/home/admin/work/source/php-monorepo/packages/wechat-pay-profit-share-bundle/tests/Service/ProfitShareResponseProcessorTest.php" line="27" class="Tourze\WechatPayProfitShareBundle\Tests\Service\ProfitShareResponseProcessorTest" classname="Tourze.WechatPayProfitShareBundle.Tests.Service.ProfitShareResponseProcessorTest" assertions="0" time="0.009352">
        <error type="PHPUnit\Framework\MockObject\IncompatibleReturnValueException">Tourze\WechatPayProfitShareBundle\Tests\Service\ProfitShareResponseProcessorTest::testApplyResponseWithProcessingOrder
PHPUnit\Framework\MockObject\IncompatibleReturnValueException: Method getReceivers may not return value of type array, its declared return type is "Doctrine\Common\Collections\Collection"

/home/admin/work/source/php-monorepo/packages/wechat-pay-profit-share-bundle/tests/Service/ProfitShareResponseProcessorTest.php:55</error>
      </testcase>
      <testcase name="testApplyResponseWithFinishedOrder" file="/home/admin/work/source/php-monorepo/packages/wechat-pay-profit-share-bundle/tests/Service/ProfitShareResponseProcessorTest.php" line="60" class="Tourze\WechatPayProfitShareBundle\Tests\Service\ProfitShareResponseProcessorTest" classname="Tourze.WechatPayProfitShareBundle.Tests.Service.ProfitShareResponseProcessorTest" assertions="0" time="0.009427">
        <error type="PHPUnit\Framework\MockObject\IncompatibleReturnValueException">Tourze\WechatPayProfitShareBundle\Tests\Service\ProfitShareResponseProcessorTest::testApplyResponseWithFinishedOrder
PHPUnit\Framework\MockObject\IncompatibleReturnValueException: Method getReceivers may not return value of type array, its declared return type is "Doctrine\Common\Collections\Collection"

/home/admin/work/source/php-monorepo/packages/wechat-pay-profit-share-bundle/tests/Service/ProfitShareResponseProcessorTest.php:84</error>
      </testcase>
      <testcase name="testApplyResponseWithClosedOrder" file="/home/admin/work/source/php-monorepo/packages/wechat-pay-profit-share-bundle/tests/Service/ProfitShareResponseProcessorTest.php" line="89" class="Tourze\WechatPayProfitShareBundle\Tests\Service\ProfitShareResponseProcessorTest" classname="Tourze.WechatPayProfitShareBundle.Tests.Service.ProfitShareResponseProcessorTest" assertions="0" time="0.009492">
        <error type="PHPUnit\Framework\MockObject\IncompatibleReturnValueException">Tourze\WechatPayProfitShareBundle\Tests\Service\ProfitShareResponseProcessorTest::testApplyResponseWithClosedOrder
PHPUnit\Framework\MockObject\IncompatibleReturnValueException: Method getReceivers may not return value of type array, its declared return type is "Doctrine\Common\Collections\Collection"

/home/admin/work/source/php-monorepo/packages/wechat-pay-profit-share-bundle/tests/Service/ProfitShareResponseProcessorTest.php:102</error>
      </testcase>
      <testcase name="testApplyResponseWithSuccessfulReceivers" file="/home/admin/work/source/php-monorepo/packages/wechat-pay-profit-share-bundle/tests/Service/ProfitShareResponseProcessorTest.php" line="107" class="Tourze\WechatPayProfitShareBundle\Tests\Service\ProfitShareResponseProcessorTest" classname="Tourze.WechatPayProfitShareBundle.Tests.Service.ProfitShareResponseProcessorTest" assertions="0" time="0.011403">
        <error type="PHPUnit\Framework\MockObject\IncompatibleReturnValueException">Tourze\WechatPayProfitShareBundle\Tests\Service\ProfitShareResponseProcessorTest::testApplyResponseWithSuccessfulReceivers
PHPUnit\Framework\MockObject\IncompatibleReturnValueException: Method getReceivers may not return value of type array, its declared return type is "Doctrine\Common\Collections\Collection"

/home/admin/work/source/php-monorepo/packages/wechat-pay-profit-share-bundle/tests/Service/ProfitShareResponseProcessorTest.php:131</error>
      </testcase>
      <testcase name="testApplyResponseWithFailedReceivers" file="/home/admin/work/source/php-monorepo/packages/wechat-pay-profit-share-bundle/tests/Service/ProfitShareResponseProcessorTest.php" line="168" class="Tourze\WechatPayProfitShareBundle\Tests\Service\ProfitShareResponseProcessorTest" classname="Tourze.WechatPayProfitShareBundle.Tests.Service.ProfitShareResponseProcessorTest" assertions="0" time="0.011252">
        <error type="PHPUnit\Framework\MockObject\IncompatibleReturnValueException">Tourze\WechatPayProfitShareBundle\Tests\Service\ProfitShareResponseProcessorTest::testApplyResponseWithFailedReceivers
PHPUnit\Framework\MockObject\IncompatibleReturnValueException: Method getReceivers may not return value of type array, its declared return type is "Doctrine\Common\Collections\Collection"

/home/admin/work/source/php-monorepo/packages/wechat-pay-profit-share-bundle/tests/Service/ProfitShareResponseProcessorTest.php:187</error>
      </testcase>
      <testcase name="testApplyResponseWithInvalidReceivers" file="/home/admin/work/source/php-monorepo/packages/wechat-pay-profit-share-bundle/tests/Service/ProfitShareResponseProcessorTest.php" line="215" class="Tourze\WechatPayProfitShareBundle\Tests\Service\ProfitShareResponseProcessorTest" classname="Tourze.WechatPayProfitShareBundle.Tests.Service.ProfitShareResponseProcessorTest" assertions="0" time="0.009222">
        <error type="PHPUnit\Framework\MockObject\IncompatibleReturnValueException">Tourze\WechatPayProfitShareBundle\Tests\Service\ProfitShareResponseProcessorTest::testApplyResponseWithInvalidReceivers
PHPUnit\Framework\MockObject\IncompatibleReturnValueException: Method getReceivers may not return value of type array, its declared return type is "Doctrine\Common\Collections\Collection"

/home/admin/work/source/php-monorepo/packages/wechat-pay-profit-share-bundle/tests/Service/ProfitShareResponseProcessorTest.php:230</error>
      </testcase>
      <testcase name="testApplyResponseWithNullResponse" file="/home/admin/work/source/php-monorepo/packages/wechat-pay-profit-share-bundle/tests/Service/ProfitShareResponseProcessorTest.php" line="239" class="Tourze\WechatPayProfitShareBundle\Tests\Service\ProfitShareResponseProcessorTest" classname="Tourze.WechatPayProfitShareBundle.Tests.Service.ProfitShareResponseProcessorTest" assertions="0" time="0.009178">
        <error type="PHPUnit\Framework\MockObject\IncompatibleReturnValueException">Tourze\WechatPayProfitShareBundle\Tests\Service\ProfitShareResponseProcessorTest::testApplyResponseWithNullResponse
PHPUnit\Framework\MockObject\IncompatibleReturnValueException: Method getReceivers may not return value of type array, its declared return type is "Doctrine\Common\Collections\Collection"

/home/admin/work/source/php-monorepo/packages/wechat-pay-profit-share-bundle/tests/Service/ProfitShareResponseProcessorTest.php:246</error>
      </testcase>
      <testcase name="testApplyResponseWithMultipleFinishTimes" file="/home/admin/work/source/php-monorepo/packages/wechat-pay-profit-share-bundle/tests/Service/ProfitShareResponseProcessorTest.php" line="251" class="Tourze\WechatPayProfitShareBundle\Tests\Service\ProfitShareResponseProcessorTest" classname="Tourze.WechatPayProfitShareBundle.Tests.Service.ProfitShareResponseProcessorTest" assertions="0" time="0.010981">
        <error type="PHPUnit\Framework\MockObject\IncompatibleReturnValueException">Tourze\WechatPayProfitShareBundle\Tests\Service\ProfitShareResponseProcessorTest::testApplyResponseWithMultipleFinishTimes
PHPUnit\Framework\MockObject\IncompatibleReturnValueException: Method getReceivers may not return value of type array, its declared return type is "Doctrine\Common\Collections\Collection"

/home/admin/work/source/php-monorepo/packages/wechat-pay-profit-share-bundle/tests/Service/ProfitShareResponseProcessorTest.php:277</error>
      </testcase>
    </testsuite>
    <testsuite name="Tourze\WechatPayProfitShareBundle\Tests\Service\ProfitShareReturnServiceTest" file="/home/admin/work/source/php-monorepo/packages/wechat-pay-profit-share-bundle/tests/Service/ProfitShareReturnServiceTest.php" tests="3" assertions="12" errors="0" failures="0" skipped="0" time="0.259452">
      <testcase name="testShouldHaveRunTestsInSeparateProcesses" file="/home/admin/work/source/php-monorepo/packages/phpunit-symfony-kernel-test/src/AbstractIntegrationTestCase.php" line="726" class="Tourze\WechatPayProfitShareBundle\Tests\Service\ProfitShareReturnServiceTest" classname="Tourze.WechatPayProfitShareBundle.Tests.Service.ProfitShareReturnServiceTest" assertions="1" time="0.083478"/>
      <testcase name="testRequestReturnCreatesEntity" file="/home/admin/work/source/php-monorepo/packages/wechat-pay-profit-share-bundle/tests/Service/ProfitShareReturnServiceTest.php" line="28" class="Tourze\WechatPayProfitShareBundle\Tests\Service\ProfitShareReturnServiceTest" classname="Tourze.WechatPayProfitShareBundle.Tests.Service.ProfitShareReturnServiceTest" assertions="5" time="0.087053"/>
      <testcase name="testQueryReturnUpdatesEntity" file="/home/admin/work/source/php-monorepo/packages/wechat-pay-profit-share-bundle/tests/Service/ProfitShareReturnServiceTest.php" line="77" class="Tourze\WechatPayProfitShareBundle\Tests\Service\ProfitShareReturnServiceTest" classname="Tourze.WechatPayProfitShareBundle.Tests.Service.ProfitShareReturnServiceTest" assertions="6" time="0.088922"/>
    </testsuite>
    <testsuite name="Tourze\WechatPayProfitShareBundle\Tests\Service\ProfitShareServiceTest" file="/home/admin/work/source/php-monorepo/packages/wechat-pay-profit-share-bundle/tests/Service/ProfitShareServiceTest.php" tests="4" assertions="8" errors="2" failures="0" skipped="0" time="0.350166">
      <testcase name="testShouldHaveRunTestsInSeparateProcesses" file="/home/admin/work/source/php-monorepo/packages/phpunit-symfony-kernel-test/src/AbstractIntegrationTestCase.php" line="726" class="Tourze\WechatPayProfitShareBundle\Tests\Service\ProfitShareServiceTest" classname="Tourze.WechatPayProfitShareBundle.Tests.Service.ProfitShareServiceTest" assertions="1" time="0.080376"/>
      <testcase name="testRequestProfitShare" file="/home/admin/work/source/php-monorepo/packages/wechat-pay-profit-share-bundle/tests/Service/ProfitShareServiceTest.php" line="31" class="Tourze\WechatPayProfitShareBundle\Tests\Service\ProfitShareServiceTest" classname="Tourze.WechatPayProfitShareBundle.Tests.Service.ProfitShareServiceTest" assertions="7" time="0.089700"/>
      <testcase name="testQueryProfitShareOrderCreatesEntityWhenMissing" file="/home/admin/work/source/php-monorepo/packages/wechat-pay-profit-share-bundle/tests/Service/ProfitShareServiceTest.php" line="103" class="Tourze\WechatPayProfitShareBundle\Tests\Service\ProfitShareServiceTest" classname="Tourze.WechatPayProfitShareBundle.Tests.Service.ProfitShareServiceTest" assertions="0" time="0.090343">
        <error type="Error">Tourze\WechatPayProfitShareBundle\Tests\Service\ProfitShareServiceTest::testQueryProfitShareOrderCreatesEntityWhenMissing
Error: Call to undefined method Tourze\WechatPayProfitShareBundle\Service\ProfitShareService::queryProfitShareOrder()

/home/admin/work/source/php-monorepo/packages/wechat-pay-profit-share-bundle/tests/Service/ProfitShareServiceTest.php:145</error>
      </testcase>
      <testcase name="testUnfreezeRemainingAmount" file="/home/admin/work/source/php-monorepo/packages/wechat-pay-profit-share-bundle/tests/Service/ProfitShareServiceTest.php" line="155" class="Tourze\WechatPayProfitShareBundle\Tests\Service\ProfitShareServiceTest" classname="Tourze.WechatPayProfitShareBundle.Tests.Service.ProfitShareServiceTest" assertions="0" time="0.089746">
        <error type="Error">Tourze\WechatPayProfitShareBundle\Tests\Service\ProfitShareServiceTest::testUnfreezeRemainingAmount
Error: Call to undefined method Tourze\WechatPayProfitShareBundle\Service\ProfitShareService::unfreezeRemainingAmount()

/home/admin/work/source/php-monorepo/packages/wechat-pay-profit-share-bundle/tests/Service/ProfitShareServiceTest.php:202</error>
      </testcase>
    </testsuite>
    <testsuite name="Tourze\WechatPayProfitShareBundle\Tests\WechatPayProfitShareBundleTest" file="/home/admin/work/source/php-monorepo/packages/wechat-pay-profit-share-bundle/tests/WechatPayProfitShareBundleTest.php" tests="12" assertions="40" errors="0" failures="0" skipped="0" time="0.995088">
      <testcase name="testShouldHaveRunTestsInSeparateProcesses" file="/home/admin/work/source/php-monorepo/packages/phpunit-symfony-kernel-test/src/AbstractIntegrationTestCase.php" line="726" class="Tourze\WechatPayProfitShareBundle\Tests\WechatPayProfitShareBundleTest" classname="Tourze.WechatPayProfitShareBundle.Tests.WechatPayProfitShareBundleTest" assertions="1" time="0.084848"/>
      <testcase name="dontOverrideGetPathMethod" file="/home/admin/work/source/php-monorepo/packages/phpunit-symfony-kernel-test/src/AbstractBundleTestCase.php" line="40" class="Tourze\WechatPayProfitShareBundle\Tests\WechatPayProfitShareBundleTest" classname="Tourze.WechatPayProfitShareBundle.Tests.WechatPayProfitShareBundleTest" assertions="3" time="0.081977"/>
      <testcase name="dontOverrideGetContainerExtensionMethod" file="/home/admin/work/source/php-monorepo/packages/phpunit-symfony-kernel-test/src/AbstractBundleTestCase.php" line="54" class="Tourze\WechatPayProfitShareBundle\Tests\WechatPayProfitShareBundleTest" classname="Tourze.WechatPayProfitShareBundle.Tests.WechatPayProfitShareBundleTest" assertions="3" time="0.083170"/>
      <testcase name="testBundleRegisteredKeyExists" file="/home/admin/work/source/php-monorepo/packages/phpunit-symfony-kernel-test/src/AbstractBundleTestCase.php" line="65" class="Tourze\WechatPayProfitShareBundle\Tests\WechatPayProfitShareBundleTest" classname="Tourze.WechatPayProfitShareBundle.Tests.WechatPayProfitShareBundleTest" assertions="3" time="0.082590"/>
      <testcase name="testBundleRegisteredValueExists" file="/home/admin/work/source/php-monorepo/packages/phpunit-symfony-kernel-test/src/AbstractBundleTestCase.php" line="73" class="Tourze\WechatPayProfitShareBundle\Tests\WechatPayProfitShareBundleTest" classname="Tourze.WechatPayProfitShareBundle.Tests.WechatPayProfitShareBundleTest" assertions="3" time="0.081278"/>
      <testcase name="testDependenciesRegistered" file="/home/admin/work/source/php-monorepo/packages/phpunit-symfony-kernel-test/src/AbstractBundleTestCase.php" line="85" class="Tourze\WechatPayProfitShareBundle\Tests\WechatPayProfitShareBundleTest" classname="Tourze.WechatPayProfitShareBundle.Tests.WechatPayProfitShareBundleTest" assertions="5" time="0.082277"/>
      <testcase name="testBundleBuild" file="/home/admin/work/source/php-monorepo/packages/phpunit-symfony-kernel-test/src/AbstractBundleTestCase.php" line="105" class="Tourze\WechatPayProfitShareBundle\Tests\WechatPayProfitShareBundleTest" classname="Tourze.WechatPayProfitShareBundle.Tests.WechatPayProfitShareBundleTest" assertions="5" time="0.088940"/>
      <testcase name="testBundleHasContainerExtension" file="/home/admin/work/source/php-monorepo/packages/phpunit-symfony-kernel-test/src/AbstractBundleTestCase.php" line="124" class="Tourze\WechatPayProfitShareBundle\Tests\WechatPayProfitShareBundleTest" classname="Tourze.WechatPayProfitShareBundle.Tests.WechatPayProfitShareBundleTest" assertions="3" time="0.081118"/>
      <testcase name="testGetBundleDependenciesIsStaticMethod" file="/home/admin/work/source/php-monorepo/packages/phpunit-symfony-kernel-test/src/AbstractBundleTestCase.php" line="135" class="Tourze\WechatPayProfitShareBundle\Tests\WechatPayProfitShareBundleTest" classname="Tourze.WechatPayProfitShareBundle.Tests.WechatPayProfitShareBundleTest" assertions="4" time="0.081704"/>
      <testcase name="testBootShouldNoError" file="/home/admin/work/source/php-monorepo/packages/phpunit-symfony-kernel-test/src/AbstractBundleTestCase.php" line="151" class="Tourze\WechatPayProfitShareBundle\Tests\WechatPayProfitShareBundleTest" classname="Tourze.WechatPayProfitShareBundle.Tests.WechatPayProfitShareBundleTest" assertions="2" time="0.081059"/>
      <testcase name="testBundleCanBeInstantiatedMultipleTimes" file="/home/admin/work/source/php-monorepo/packages/phpunit-symfony-kernel-test/src/AbstractBundleTestCase.php" line="161" class="Tourze\WechatPayProfitShareBundle\Tests\WechatPayProfitShareBundleTest" classname="Tourze.WechatPayProfitShareBundle.Tests.WechatPayProfitShareBundleTest" assertions="5" time="0.082436"/>
      <testcase name="testBundleHasCorrespondingExtension" file="/home/admin/work/source/php-monorepo/packages/phpunit-symfony-kernel-test/src/AbstractBundleTestCase.php" line="174" class="Tourze\WechatPayProfitShareBundle\Tests\WechatPayProfitShareBundleTest" classname="Tourze.WechatPayProfitShareBundle.Tests.WechatPayProfitShareBundleTest" assertions="3" time="0.083690"/>
    </testsuite>
  </testsuite>
</testsuites>
